Archive member included to satisfy reference by file (symbol)

/usr/lib/gcc/arm-none-eabi/10.3.1/../../../arm-none-eabi/lib/thumb/v7e-m+dp/hard/libc_nano.a(lib_a-atexit.o)
                              /usr/lib/gcc/arm-none-eabi/10.3.1/../../../arm-none-eabi/lib/thumb/v7e-m+dp/hard/crt0.o (atexit)
/usr/lib/gcc/arm-none-eabi/10.3.1/../../../arm-none-eabi/lib/thumb/v7e-m+dp/hard/libc_nano.a(lib_a-errno.o)
                              build/sysmem.o (__errno)
/usr/lib/gcc/arm-none-eabi/10.3.1/../../../arm-none-eabi/lib/thumb/v7e-m+dp/hard/libc_nano.a(lib_a-exit.o)
                              /usr/lib/gcc/arm-none-eabi/10.3.1/../../../arm-none-eabi/lib/thumb/v7e-m+dp/hard/crt0.o (exit)
/usr/lib/gcc/arm-none-eabi/10.3.1/../../../arm-none-eabi/lib/thumb/v7e-m+dp/hard/libc_nano.a(lib_a-fini.o)
                              /usr/lib/gcc/arm-none-eabi/10.3.1/../../../arm-none-eabi/lib/thumb/v7e-m+dp/hard/crt0.o (__libc_fini_array)
/usr/lib/gcc/arm-none-eabi/10.3.1/../../../arm-none-eabi/lib/thumb/v7e-m+dp/hard/libc_nano.a(lib_a-impure.o)
                              /usr/lib/gcc/arm-none-eabi/10.3.1/../../../arm-none-eabi/lib/thumb/v7e-m+dp/hard/libc_nano.a(lib_a-exit.o) (_global_impure_ptr)
/usr/lib/gcc/arm-none-eabi/10.3.1/../../../arm-none-eabi/lib/thumb/v7e-m+dp/hard/libc_nano.a(lib_a-init.o)
                              /usr/lib/gcc/arm-none-eabi/10.3.1/../../../arm-none-eabi/lib/thumb/v7e-m+dp/hard/crt0.o (__libc_init_array)
/usr/lib/gcc/arm-none-eabi/10.3.1/../../../arm-none-eabi/lib/thumb/v7e-m+dp/hard/libc_nano.a(lib_a-memcpy.o)
                              build/queue.o (memcpy)
/usr/lib/gcc/arm-none-eabi/10.3.1/../../../arm-none-eabi/lib/thumb/v7e-m+dp/hard/libc_nano.a(lib_a-memset.o)
                              /usr/lib/gcc/arm-none-eabi/10.3.1/../../../arm-none-eabi/lib/thumb/v7e-m+dp/hard/crt0.o (memset)
/usr/lib/gcc/arm-none-eabi/10.3.1/../../../arm-none-eabi/lib/thumb/v7e-m+dp/hard/libc_nano.a(lib_a-qsort.o)
                              build/AHRS.o (qsort)
/usr/lib/gcc/arm-none-eabi/10.3.1/../../../arm-none-eabi/lib/thumb/v7e-m+dp/hard/libc_nano.a(lib_a-snprintf.o)
                              build/main.o (snprintf)
/usr/lib/gcc/arm-none-eabi/10.3.1/../../../arm-none-eabi/lib/thumb/v7e-m+dp/hard/libc_nano.a(lib_a-__atexit.o)
                              /usr/lib/gcc/arm-none-eabi/10.3.1/../../../arm-none-eabi/lib/thumb/v7e-m+dp/hard/libc_nano.a(lib_a-atexit.o) (__register_exitproc)
/usr/lib/gcc/arm-none-eabi/10.3.1/../../../arm-none-eabi/lib/thumb/v7e-m+dp/hard/libc_nano.a(lib_a-__call_atexit.o)
                              /usr/lib/gcc/arm-none-eabi/10.3.1/../../../arm-none-eabi/lib/thumb/v7e-m+dp/hard/libc_nano.a(lib_a-__atexit.o) (__call_exitprocs)
/usr/lib/gcc/arm-none-eabi/10.3.1/../../../arm-none-eabi/lib/thumb/v7e-m+dp/hard/libc_nano.a(lib_a-nano-svfprintf.o)
                              /usr/lib/gcc/arm-none-eabi/10.3.1/../../../arm-none-eabi/lib/thumb/v7e-m+dp/hard/libc_nano.a(lib_a-snprintf.o) (_svfprintf_r)
/usr/lib/gcc/arm-none-eabi/10.3.1/../../../arm-none-eabi/lib/thumb/v7e-m+dp/hard/libc_nano.a(lib_a-nano-vfprintf_i.o)
                              /usr/lib/gcc/arm-none-eabi/10.3.1/../../../arm-none-eabi/lib/thumb/v7e-m+dp/hard/libc_nano.a(lib_a-nano-svfprintf.o) (_printf_i)
/usr/lib/gcc/arm-none-eabi/10.3.1/../../../arm-none-eabi/lib/thumb/v7e-m+dp/hard/libc_nano.a(lib_a-memchr.o)
                              /usr/lib/gcc/arm-none-eabi/10.3.1/../../../arm-none-eabi/lib/thumb/v7e-m+dp/hard/libc_nano.a(lib_a-nano-svfprintf.o) (memchr)
/usr/lib/gcc/arm-none-eabi/10.3.1/../../../arm-none-eabi/lib/thumb/v7e-m+dp/hard/libc_nano.a(lib_a-memmove.o)
                              /usr/lib/gcc/arm-none-eabi/10.3.1/../../../arm-none-eabi/lib/thumb/v7e-m+dp/hard/libc_nano.a(lib_a-nano-svfprintf.o) (memmove)
/usr/lib/gcc/arm-none-eabi/10.3.1/../../../arm-none-eabi/lib/thumb/v7e-m+dp/hard/libc_nano.a(lib_a-nano-freer.o)
                              /usr/lib/gcc/arm-none-eabi/10.3.1/../../../arm-none-eabi/lib/thumb/v7e-m+dp/hard/libc_nano.a(lib_a-nano-svfprintf.o) (_free_r)
/usr/lib/gcc/arm-none-eabi/10.3.1/../../../arm-none-eabi/lib/thumb/v7e-m+dp/hard/libc_nano.a(lib_a-nano-mallocr.o)
                              /usr/lib/gcc/arm-none-eabi/10.3.1/../../../arm-none-eabi/lib/thumb/v7e-m+dp/hard/libc_nano.a(lib_a-nano-svfprintf.o) (_malloc_r)
/usr/lib/gcc/arm-none-eabi/10.3.1/../../../arm-none-eabi/lib/thumb/v7e-m+dp/hard/libc_nano.a(lib_a-nano-reallocr.o)
                              /usr/lib/gcc/arm-none-eabi/10.3.1/../../../arm-none-eabi/lib/thumb/v7e-m+dp/hard/libc_nano.a(lib_a-nano-svfprintf.o) (_realloc_r)
/usr/lib/gcc/arm-none-eabi/10.3.1/../../../arm-none-eabi/lib/thumb/v7e-m+dp/hard/libc_nano.a(lib_a-sbrkr.o)
                              /usr/lib/gcc/arm-none-eabi/10.3.1/../../../arm-none-eabi/lib/thumb/v7e-m+dp/hard/libc_nano.a(lib_a-nano-mallocr.o) (_sbrk_r)
/usr/lib/gcc/arm-none-eabi/10.3.1/../../../arm-none-eabi/lib/thumb/v7e-m+dp/hard/libc_nano.a(lib_a-mlock.o)
[...]
Memory Configuration

Name             Origin             Length             Attributes
DTCMRAM          0x0000000020000000 0x0000000000020000 xrw
RAM_D1           0x0000000024000000 0x0000000000080000 xrw
RAM_D2           0x0000000030000000 0x0000000000048000 xrw
RAM_D3           0x0000000038000000 0x0000000000010000 xrw
ITCMRAM          0x0000000000000000 0x0000000000010000 xrw
FLASH            0x0000000008000000 0x0000000000200000 xr
*default*        0x0000000000000000 0xffffffffffffffff

Linker script and memory map

LOAD /usr/lib/gcc/arm-none-eabi/10.3.1/thumb/v7e-m+dp/hard/crti.o
LOAD /usr/lib/gcc/arm-none-eabi/10.3.1/thumb/v7e-m+dp/hard/crtbegin.o
LOAD /usr/lib/gcc/arm-none-eabi/10.3.1/../../../arm-none-eabi/lib/thumb/v7e-m+dp/hard/crt0.o
LOAD build/main.o
LOAD build/mpu9250.o
LOAD build/servo_control.o
LOAD build/robocontrol.o
LOAD build/AHRS.o
LOAD build/VMC.o
LOAD build/gpio.o
LOAD build/tim.o
LOAD build/stm32h7xx_it.o
LOAD build/stm32h7xx_hal_msp.o
LOAD build/stm32h7xx_hal_timebase_tim.o
LOAD build/stm32h7xx_hal_cortex.o
LOAD build/stm32h7xx_hal_tim.o
LOAD build/stm32h7xx_hal_tim_ex.o
LOAD build/stm32h7xx_hal_rcc.o
LOAD build/stm32h7xx_hal_rcc_ex.o
LOAD build/stm32h7xx_hal_flash.o
LOAD build/stm32h7xx_hal_flash_ex.o
LOAD build/stm32h7xx_hal_gpio.o
LOAD build/stm32h7xx_hal_hsem.o
LOAD build/stm32h7xx_hal_dma.o
LOAD build/stm32h7xx_hal_dma_ex.o
LOAD build/stm32h7xx_hal_mdma.o
LOAD build/stm32h7xx_hal_pwr.o
LOAD build/stm32h7xx_hal_pwr_ex.o
LOAD build/stm32h7xx_hal.o
LOAD build/stm32h7xx_hal_i2c.o
LOAD build/stm32h7xx_hal_i2c_ex.o
LOAD build/stm32h7xx_hal_exti.o
LOAD build/system_stm32h7xx.o
LOAD build/sysmem.o
LOAD build/syscalls.o
LOAD build/i2c.o
LOAD build/dma.o
LOAD build/usart.o
LOAD build/stm32h7xx_hal_uart.o
LOAD build/stm32h7xx_hal_uart_ex.o
LOAD build/freertos.o
LOAD build/croutine.o
LOAD build/event_groups.o
LOAD build/list.o
LOAD build/queue.o
LOAD build/stream_buffer.o
LOAD build/tasks.o
LOAD build/timers.o
LOAD build/cmsis_os2.o
LOAD build/heap_4.o
LOAD build/port.o
LOAD build/startup_stm32h743xx.o
LOAD /usr/lib/gcc/arm-none-eabi/10.3.1/../../../arm-none-eabi/lib/thumb/v7e-m+dp/hard/libc_nano.a
LOAD /usr/lib/gcc/arm-none-eabi/10.3.1/../../../arm-none-eabi/lib/thumb/v7e-m+dp/hard/libm.a
LOAD /usr/lib/gcc/arm-none-eabi/10.3.1/../../../arm-none-eabi/lib/thumb/v7e-m+dp/hard/libnosys.a
START GROUP
LOAD /usr/lib/gcc/arm-none-eabi/10.3.1/thumb/v7e-m+dp/hard/libgcc.a
LOAD /usr/lib/gcc/arm-none-eabi/10.3.1/../../../arm-none-eabi/lib/thumb/v7e-m+dp/hard/libc_nano.a
END GROUP
START GROUP
LOAD /usr/lib/gcc/arm-none-eabi/10.3.1/thumb/v7e-m+dp/hard/libgcc.a
LOAD /usr/lib/gcc/arm-none-eabi/10.3.1/../../../arm-none-eabi/lib/thumb/v7e-m+dp/hard/libc_nano.a
END GROUP
LOAD /usr/lib/gcc/arm-none-eabi/10.3.1/thumb/v7e-m+dp/hard/crtend.o
LOAD /usr/lib/gcc/arm-none-eabi/10.3.1/thumb/v7e-m+dp/hard/crtn.o
                0x0000000020020000                _estack = (ORIGIN (DTCMRAM) + LENGTH (DTCMRAM))
                0x0000000000000200                _Min_Heap_Size = 0x200
                0x0000000000000400                _Min_Stack_Size = 0x400

.isr_vector     0x0000000008000000      0x298
                0x0000000008000000                . = ALIGN (0x4)
 *(.isr_vector)
 .isr_vector    0x0000000008000000      0x298 build/startup_stm32h743xx.o
                0x0000000008000000                g_pfnVectors
                0x0000000008000298                . = ALIGN (0x4)

.text           0x00000000080002a0     0xd048
                0x00000000080002a0                . = ALIGN (0x4)
 *(.text)
 .text          0x00000000080002a0       0x88 /usr/lib/gcc/arm-none-eabi/10.3.1/thumb/v7e-m+dp/hard/crtbegin.o
 .text          0x0000000008000328        0xc /usr/lib/gcc/arm-none-eabi/10.3.1/../../../arm-none-eabi/lib/thumb/v7e-m+dp/hard/libc_nano.a(lib_a-errno.o)
                0x0000000008000328                __errno
 .text          0x0000000008000334       0x48 /usr/lib/gcc/arm-none-eabi/10.3.1/../../../arm-none-eabi/lib/thumb/v7e-m+dp/hard/libc_nano.a(lib_a-init.o)
                0x0000000008000334                __libc_init_array
 .text          0x000000000800037c      0x134 /usr/lib/gcc/arm-none-eabi/10.3.1/../../../arm-none-eabi/lib/thumb/v7e-m+dp/hard/libc_nano.a(lib_a-memcpy.o)
                0x000000000800037c                memcpy
 .text          0x00000000080004b0       0xa4 /usr/lib/gcc/arm-none-eabi/10.3.1/../../../arm-none-eabi/lib/thumb/v7e-m+dp/hard/libc_nano.a(lib_a-memset.o)
                0x00000000080004b0                memset
 .text          0x0000000008000554      0x634 /usr/lib/gcc/arm-none-eabi/10.3.1/../../../arm-none-eabi/lib/thumb/v7e-m+dp/hard/libc_nano.a(lib_a-qsort.o)
                0x0000000008000554                qsort
 .text          0x0000000008000b88      0x108 /usr/lib/gcc/arm-none-eabi/10.3.1/../../../arm-none-eabi/lib/thumb/v7e-m+dp/hard/libc_nano.a(lib_a-snprintf.o)
                0x0000000008000b88                _sniprintf_r
                0x0000000008000b88                _snprintf_r
                0x0000000008000c08                snprintf
                0x0000000008000c08                sniprintf
 .text          0x0000000008000c90      0x3f0 /usr/lib/gcc/arm-none-eabi/10.3.1/../../../arm-none-eabi/lib/thumb/v7e-m+dp/hard/libc_nano.a(lib_a-nano-svfprintf.o)
                0x0000000008000c90                __ssputs_r
                0x0000000008000d54                __ssprint_r
                0x0000000008000e4c                _svfprintf_r
                0x0000000008000e4c                _svfiprintf_r
 .text          0x0000000008001080      0x3dc /usr/lib/gcc/arm-none-eabi/10.3.1/../../../arm-none-eabi/lib/thumb/v7e-m+dp/hard/libc_nano.a(lib_a-nano-vfprintf_i.o)
                0x0000000008001080                _printf_common
                0x00000000080011ac                _printf_i
 *fill*         0x000000000800145c        0x4 
 .text          0x0000000008001460       0xa0 /usr/lib/gcc/arm-none-eabi/10.3.1/../../../arm-none-eabi/lib/thumb/v7e-m+dp/hard/libc_nano.a(lib_a-memchr.o)
                0x0000000008001460                memchr
 .text          0x0000000008001500       0xf8 /usr/lib/gcc/arm-none-eabi/10.3.1/../../../arm-none-eabi/lib/thumb/v7e-m+dp/hard/libc_nano.a(lib_a-memmove.o)
                0x0000000008001500                memmove
 .text          0x00000000080015f8       0xc4 /usr/lib/gcc/arm-none-eabi/10.3.1/../../../arm-none-eabi/lib/thumb/v7e-m+dp/hard/libc_nano.a(lib_a-nano-freer.o)
                0x00000000080015f8                _free_r
 .text          0x00000000080016bc       0xb4 /usr/lib/gcc/arm-none-eabi/10.3.1/../../../arm-none-eabi/lib/thumb/v7e-m+dp/hard/libc_nano.a(lib_a-nano-mallocr.o)
                0x00000000080016bc                _malloc_r
 .text          0x0000000008001770       0x50 /usr/lib/gcc/arm-none-eabi/10.3.1/../../../arm-none-eabi/lib/thumb/v7e-m+dp/hard/libc_nano.a(lib_a-nano-reallocr.o)
                0x0000000008001770                _realloc_r
 .text          0x00000000080017c0       0x24 /usr/lib/gcc/arm-none-eabi/10.3.1/../../../arm-none-eabi/lib/thumb/v7e-m+dp/hard/libc_nano.a(lib_a-sbrkr.o)
                0x00000000080017c0                _sbrk_r
 .text          0x00000000080017e4        0x8 /usr/lib/gcc/arm-none-eabi/10.3.1/../../../arm-none-eabi/lib/thumb/v7e-m+dp/hard/libc_nano.a(lib_a-mlock.o)
                0x00000000080017e4                __malloc_lock
                0x00000000080017e8                __malloc_unlock
 .text          0x00000000080017ec       0x14 /usr/lib/gcc/arm-none-eabi/10.3.1/../../../arm-none-eabi/lib/thumb/v7e-m+dp/hard/libc_nano.a(lib_a-nano-msizer.o)
                0x00000000080017ec                _malloc_usable_size_r
 .text          0x0000000008001800      0x1bc /usr/lib/gcc/arm-none-eabi/10.3.1/../../../arm-none-eabi/lib/thumb/v7e-m+dp/hard/libm.a(lib_a-cosf.o)
                0x0000000008001800                cosf
 .text          0x00000000080019bc       0x94 /usr/lib/gcc/arm-none-eabi/10.3.1/../../../arm-none-eabi/lib/thumb/v7e-m+dp/hard/libm.a(lib_a-math_errf.o)
                0x00000000080019f0                __math_uflowf
                0x00000000080019fc                __math_may_uflowf
                0x0000000008001a08                __math_oflowf
                0x0000000008001a14                __math_divzerof
                0x0000000008001a34                __math_invalidf
 .text          0x0000000008001a50      0x20c /usr/lib/gcc/arm-none-eabi/10.3.1/../../../arm-none-eabi/lib/thumb/v7e-m+dp/hard/libm.a(lib_a-sinf.o)
                0x0000000008001a50                sinf
 *fill*         0x0000000008001c5c        0x4 
 .text          0x0000000008001c60       0x54 /usr/lib/gcc/arm-none-eabi/10.3.1/../../../arm-none-eabi/lib/thumb/v7e-m+dp/hard/libm.a(lib_a-w_sqrt.o)
                0x0000000008001c60                sqrt
 .text          0x0000000008001cb4       0x68 /usr/lib/gcc/arm-none-eabi/10.3.1/../../../arm-none-eabi/lib/thumb/v7e-m+dp/hard/libm.a(lib_a-wf_acos.o)
                0x0000000008001cb4                acosf
 .text          0x0000000008001d1c       0x68 /usr/lib/gcc/arm-none-eabi/10.3.1/../../../arm-none-eabi/lib/thumb/v7e-m+dp/hard/libm.a(lib_a-wf_asin.o)
                0x0000000008001d1c                asinf
 .text          0x0000000008001d84        0x4 /usr/lib/gcc/arm-none-eabi/10.3.1/../../../arm-none-eabi/lib/thumb/v7e-m+dp/hard/libm.a(lib_a-wf_atan2.o)
                0x0000000008001d84                atan2f
 .text          0x0000000008001d88       0x50 /usr/lib/gcc/arm-none-eabi/10.3.1/../../../arm-none-eabi/lib/thumb/v7e-m+dp/hard/libm.a(lib_a-wf_sqrt.o)
                0x0000000008001d88                sqrtf
 .text          0x0000000008001dd8        0x8 /usr/lib/gcc/arm-none-eabi/10.3.1/../../../arm-none-eabi/lib/thumb/v7e-m+dp/hard/libm.a(lib_a-e_sqrt.o)
                0x0000000008001dd8                __ieee754_sqrt
 .text          0x0000000008001de0      0x248 /usr/lib/gcc/arm-none-eabi/10.3.1/../../../arm-none-eabi/lib/thumb/v7e-m+dp/hard/libm.a(lib_a-ef_acos.o)
                0x0000000008001de0                __ieee754_acosf
 .text          0x0000000008002028      0x20c /usr/lib/gcc/arm-none-eabi/10.3.1/../../../arm-none-eabi/lib/thumb/v7e-m+dp/hard/libm.a(lib_a-ef_asin.o)
                0x0000000008002028                __ieee754_asinf
 .text          0x0000000008002234      0x148 /usr/lib/gcc/arm-none-eabi/10.3.1/../../../arm-none-eabi/lib/thumb/v7e-m+dp/hard/libm.a(lib_a-ef_atan2.o)
                0x0000000008002234                __ieee754_atan2f
 .text          0x000000000800237c        0x8 /usr/lib/gcc/arm-none-eabi/10.3.1/../../../arm-none-eabi/lib/thumb/v7e-m+dp/hard/libm.a(lib_a-ef_sqrt.o)
                0x000000000800237c                __ieee754_sqrtf
 .text          0x0000000008002384      0x1a8 /usr/lib/gcc/arm-none-eabi/10.3.1/../../../arm-none-eabi/lib/thumb/v7e-m+dp/hard/libm.a(lib_a-sf_atan.o)
                0x0000000008002384                atanf
 .text          0x000000000800252c       0x10 /usr/lib/gcc/arm-none-eabi/10.3.1/../../../arm-none-eabi/lib/thumb/v7e-m+dp/hard/libm.a(lib_a-sf_fabs.o)
                0x000000000800252c                fabsf
 .text          0x000000000800253c        0xc /usr/lib/gcc/arm-none-eabi/10.3.1/../../../arm-none-eabi/lib/thumb/v7e-m+dp/hard/libm.a(lib_a-sf_nan.o)
                0x000000000800253c                nanf
 .text          0x0000000008002548      0x378 /usr/lib/gcc/arm-none-eabi/10.3.1/thumb/v7e-m+dp/hard/libgcc.a(_arm_addsubdf3.o)
                0x0000000008002548                __aeabi_drsub
                0x0000000008002550                __aeabi_dsub
                0x0000000008002550                __subdf3
                0x0000000008002554                __adddf3
                0x0000000008002554                __aeabi_dadd
                0x00000000080027cc                __aeabi_ui2d
                0x00000000080027cc                __floatunsidf
                0x00000000080027ec                __floatsidf
                0x00000000080027ec                __aeabi_i2d
                0x0000000008002810                __extendsfdf2
                0x0000000008002810                __aeabi_f2d
                0x0000000008002854                __aeabi_ul2d
                0x0000000008002854                __floatundidf
                0x0000000008002864                __floatdidf
                0x0000000008002864                __aeabi_l2d
 .text          0x00000000080028c0       0x30 /usr/lib/gcc/arm-none-eabi/10.3.1/thumb/v7e-m+dp/hard/libgcc.a(_aeabi_uldivmod.o)
                0x00000000080028c0                __aeabi_uldivmod
 .text          0x00000000080028f0      0x2d0 /usr/lib/gcc/arm-none-eabi/10.3.1/thumb/v7e-m+dp/hard/libgcc.a(_udivmoddi4.o)
                0x00000000080028f0                __udivmoddi4
 .text          0x0000000008002bc0        0x4 /usr/lib/gcc/arm-none-eabi/10.3.1/thumb/v7e-m+dp/hard/libgcc.a(_dvmd_tls.o)
                0x0000000008002bc0                __aeabi_ldiv0
                0x0000000008002bc0                __aeabi_idiv0
 *(.text*)
 .text.MPU_Config
                0x0000000008002bc4       0x52 build/main.o
 *fill*         0x0000000008002c16        0x2 
 .text.HAL_TIM_PeriodElapsedCallback
                0x0000000008002c18       0x18 build/main.o
                0x0000000008002c18                HAL_TIM_PeriodElapsedCallback
 .text.Error_Handler
                0x0000000008002c30        0x4 build/main.o
                0x0000000008002c30                Error_Handler
 .text.SystemClock_Config
                0x0000000008002c34      0x114 build/main.o
                0x0000000008002c34                SystemClock_Config
 .text.main     0x0000000008002d48      0x114 build/main.o
                0x0000000008002d48                main
 .text.MPU9250_IsConnected
                0x0000000008002e5c       0x1c build/mpu9250.o
                0x0000000008002e5c                MPU9250_IsConnected
 .text.MPU_I2C_Write
                0x0000000008002e78       0x24 build/mpu9250.o
                0x0000000008002e78                MPU_I2C_Write
 .text.MPU_I2C_Read
                0x0000000008002e9c       0x3c build/mpu9250.o
                0x0000000008002e9c                MPU_I2C_Read
 .text.writeRegister
                0x0000000008002ed8       0x20 build/mpu9250.o
                0x0000000008002ed8                writeRegister
 .text.readRegisters
                0x0000000008002ef8       0x10 build/mpu9250.o
                0x0000000008002ef8                readRegisters
 .text.whoAmI   0x0000000008002f08       0x18 build/mpu9250.o
 .text.writeAK8963Register
                0x0000000008002f20       0x28 build/mpu9250.o
                0x0000000008002f20                writeAK8963Register
 .text.readAK8963Registers
                0x0000000008002f48       0x34 build/mpu9250.o
                0x0000000008002f48                readAK8963Registers
 .text.whoAmIAK8963
                0x0000000008002f7c       0x18 build/mpu9250.o
 .text.MPU9250_Init
                0x0000000008002f94      0x124 build/mpu9250.o
                0x0000000008002f94                MPU9250_Init
 .text.MPU9250_SetAccelRange
                0x00000000080030b8        0xc build/mpu9250.o
                0x00000000080030b8                MPU9250_SetAccelRange
 .text.MPU9250_SetGyroRange
                0x00000000080030c4        0xc build/mpu9250.o
                0x00000000080030c4                MPU9250_SetGyroRange
 .text.MPU9250_SetDLPFBandwidth
                0x00000000080030d0       0x16 build/mpu9250.o
                0x00000000080030d0                MPU9250_SetDLPFBandwidth
 *fill*         0x00000000080030e6        0x2 
 .text.MPU9250_SetSampleRateDivider
                0x00000000080030e8       0x6c build/mpu9250.o
                0x00000000080030e8                MPU9250_SetSampleRateDivider
 .text.MPU9250_GetData
                0x0000000008003154      0x13c build/mpu9250.o
                0x0000000008003154                MPU9250_GetData
 .text.Servo_Init
                0x0000000008003290       0x38 build/servo_control.o
                0x0000000008003290                Servo_Init
 .text.Set_Servo_Angle
                0x00000000080032c8       0xb8 build/servo_control.o
                0x00000000080032c8                Set_Servo_Angle
 .text.Move_Forward
                0x0000000008003380        0xc build/robocontrol.o
                0x0000000008003380                Move_Forward
 .text.Move_Backward
                0x000000000800338c        0xc build/robocontrol.o
                0x000000000800338c                Move_Backward
 .text.Turn_Left
                0x0000000008003398        0xc build/robocontrol.o
                0x0000000008003398                Turn_Left
 .text.Turn_Right
                0x00000000080033a4        0xc build/robocontrol.o
                0x00000000080033a4                Turn_Right
 .text.Stop     0x00000000080033b0        0xc build/robocontrol.o
                0x00000000080033b0                Stop
 .text.InverseKinematics
                0x00000000080033bc       0xa0 build/robocontrol.o
                0x00000000080033bc                InverseKinematics
 *fill*         0x000000000800345c        0x4 
 .text.CalculateGait
                0x0000000008003460       0x84 build/robocontrol.o
                0x0000000008003460                CalculateGait
 .text.GetServoIDForLeg
                0x00000000080034e4       0x12 build/robocontrol.o
                0x00000000080034e4                GetServoIDForLeg
 *fill*         0x00000000080034f6        0x2 
 .text.Gait_Forward
                0x00000000080034f8       0x68 build/robocontrol.o
                0x00000000080034f8                Gait_Forward
 .text.Gait_Backward
                0x0000000008003560       0x70 build/robocontrol.o
                0x0000000008003560                Gait_Backward
 .text.Gait_Turn_Left
                0x00000000080035d0       0x84 build/robocontrol.o
                0x00000000080035d0                Gait_Turn_Left
 .text.Gait_Turn_Right
                0x0000000008003654       0x84 build/robocontrol.o
                0x0000000008003654                Gait_Turn_Right
 .text.Gait_March_In_Place
                0x00000000080036d8       0x68 build/robocontrol.o
                0x00000000080036d8                Gait_March_In_Place
 .text.compare_int16
                0x0000000008003740       0x1a build/AHRS.o
                0x0000000008003740                compare_int16
 .text.invSqrt  0x000000000800375a       0x22 build/AHRS.o
                0x000000000800375a                invSqrt
 .text.AHRS_Init
                0x000000000800377c        0x8 build/AHRS.o
                0x000000000800377c                AHRS_Init
 .text.AHRS_GetQuaternion
                0x0000000008003784       0x2c build/AHRS.o
                0x0000000008003784                AHRS_GetQuaternion
 .text.MedianFilter
                0x00000000080037b0       0x50 build/AHRS.o
                0x00000000080037b0                MedianFilter
 .text.AHRS_Update
                0x0000000008003800      0x43c build/AHRS.o
                0x0000000008003800                AHRS_Update
 .text.MX_GPIO_Init
                0x0000000008003c3c       0x9c build/gpio.o
                0x0000000008003c3c                MX_GPIO_Init
 .text.HAL_TIM_Base_MspInit
                0x0000000008003cd8      0x188 build/tim.o
                0x0000000008003cd8                HAL_TIM_Base_MspInit
 .text.HAL_TIM_MspPostInit
                0x0000000008003e60      0x27c build/tim.o
                0x0000000008003e60                HAL_TIM_MspPostInit
 .text.MX_TIM3_Init
                0x00000000080040dc       0xb4 build/tim.o
                0x00000000080040dc                MX_TIM3_Init
 .text.MX_TIM4_Init
                0x0000000008004190       0xb0 build/tim.o
                0x0000000008004190                MX_TIM4_Init
 .text.MX_TIM5_Init
                0x0000000008004240       0xb4 build/tim.o
                0x0000000008004240                MX_TIM5_Init
 .text.MX_TIM8_Init
                0x00000000080042f4       0xfc build/tim.o
                0x00000000080042f4                MX_TIM8_Init
 .text.MX_TIM12_Init
                0x00000000080043f0       0xb4 build/tim.o
                0x00000000080043f0                MX_TIM12_Init
 .text.MX_TIM13_Init
                0x00000000080044a4       0x78 build/tim.o
                0x00000000080044a4                MX_TIM13_Init
 .text.MX_TIM14_Init
                0x000000000800451c       0x78 build/tim.o
                0x000000000800451c                MX_TIM14_Init
 .text.MX_TIM15_Init
                0x0000000008004594       0xf0 build/tim.o
                0x0000000008004594                MX_TIM15_Init
 .text.MX_TIM16_Init
                0x0000000008004684       0xb0 build/tim.o
                0x0000000008004684                MX_TIM16_Init
 .text.MX_TIM17_Init
                0x0000000008004734       0xb0 build/tim.o
                0x0000000008004734                MX_TIM17_Init
 .text.NMI_Handler
                0x00000000080047e4        0x2 build/stm32h7xx_it.o
                0x00000000080047e4                NMI_Handler
 .text.HardFault_Handler
                0x00000000080047e6        0x2 build/stm32h7xx_it.o
                0x00000000080047e6                HardFault_Handler
 .text.MemManage_Handler
                0x00000000080047e8        0x2 build/stm32h7xx_it.o
                0x00000000080047e8                MemManage_Handler
 .text.BusFault_Handler
                0x00000000080047ea        0x2 build/stm32h7xx_it.o
                0x00000000080047ea                BusFault_Handler
 .text.UsageFault_Handler
                0x00000000080047ec        0x2 build/stm32h7xx_it.o
                0x00000000080047ec                UsageFault_Handler
 .text.DebugMon_Handler
                0x00000000080047ee        0x2 build/stm32h7xx_it.o
                0x00000000080047ee                DebugMon_Handler
 .text.DMA1_Stream0_IRQHandler
                0x00000000080047f0       0x10 build/stm32h7xx_it.o
                0x00000000080047f0                DMA1_Stream0_IRQHandler
 .text.DMA1_Stream1_IRQHandler
                0x0000000008004800       0x10 build/stm32h7xx_it.o
                0x0000000008004800                DMA1_Stream1_IRQHandler
 .text.TIM1_UP_IRQHandler
                0x0000000008004810       0x10 build/stm32h7xx_it.o
                0x0000000008004810                TIM1_UP_IRQHandler
 .text.USART1_IRQHandler
                0x0000000008004820       0x10 build/stm32h7xx_it.o
                0x0000000008004820                USART1_IRQHandler
 .text.HAL_MspInit
                0x0000000008004830       0x34 build/stm32h7xx_hal_msp.o
                0x0000000008004830                HAL_MspInit
 .text.HAL_InitTick
                0x0000000008004864       0x90 build/stm32h7xx_hal_timebase_tim.o
                0x0000000008004864                HAL_InitTick
 .text.HAL_NVIC_SetPriorityGrouping
                0x00000000080048f4       0x24 build/stm32h7xx_hal_cortex.o
                0x00000000080048f4                HAL_NVIC_SetPriorityGrouping
 .text.HAL_NVIC_SetPriority
                0x0000000008004918       0x6c build/stm32h7xx_hal_cortex.o
                0x0000000008004918                HAL_NVIC_SetPriority
 .text.HAL_NVIC_EnableIRQ
                0x0000000008004984       0x1c build/stm32h7xx_hal_cortex.o
                0x0000000008004984                HAL_NVIC_EnableIRQ
 .text.HAL_MPU_Disable
                0x00000000080049a0       0x1c build/stm32h7xx_hal_cortex.o
                0x00000000080049a0                HAL_MPU_Disable
 .text.HAL_MPU_Enable
                0x00000000080049bc       0x20 build/stm32h7xx_hal_cortex.o
                0x00000000080049bc                HAL_MPU_Enable
 .text.HAL_MPU_ConfigRegion
                0x00000000080049dc       0x58 build/stm32h7xx_hal_cortex.o
                0x00000000080049dc                HAL_MPU_ConfigRegion
 .text.TIM_OC1_SetConfig
                0x0000000008004a34       0xa8 build/stm32h7xx_hal_tim.o
 .text.TIM_OC3_SetConfig
                0x0000000008004adc       0x94 build/stm32h7xx_hal_tim.o
 .text.TIM_OC4_SetConfig
                0x0000000008004b70       0x74 build/stm32h7xx_hal_tim.o
 .text.TIM_OC5_SetConfig
                0x0000000008004be4       0x74 build/stm32h7xx_hal_tim.o
 .text.TIM_OC6_SetConfig
                0x0000000008004c58       0x74 build/stm32h7xx_hal_tim.o
 .text.TIM_TI1_ConfigInputStage
                0x0000000008004ccc       0x26 build/stm32h7xx_hal_tim.o
 .text.TIM_TI2_ConfigInputStage
                0x0000000008004cf2       0x28 build/stm32h7xx_hal_tim.o
 *fill*         0x0000000008004d1a        0x2 
 .text.TIM_ITRx_SetConfig
                0x0000000008004d1c       0x14 build/stm32h7xx_hal_tim.o
 .text.HAL_TIM_Base_Start_IT
                0x0000000008004d30       0x90 build/stm32h7xx_hal_tim.o
                0x0000000008004d30                HAL_TIM_Base_Start_IT
 .text.HAL_TIM_PWM_MspInit
                0x0000000008004dc0        0x2 build/stm32h7xx_hal_tim.o
                0x0000000008004dc0                HAL_TIM_PWM_MspInit
 .text.HAL_TIM_OC_DelayElapsedCallback
                0x0000000008004dc2        0x2 build/stm32h7xx_hal_tim.o
                0x0000000008004dc2                HAL_TIM_OC_DelayElapsedCallback
 .text.HAL_TIM_IC_CaptureCallback
                0x0000000008004dc4        0x2 build/stm32h7xx_hal_tim.o
                0x0000000008004dc4                HAL_TIM_IC_CaptureCallback
 .text.HAL_TIM_PWM_PulseFinishedCallback
                0x0000000008004dc6        0x2 build/stm32h7xx_hal_tim.o
                0x0000000008004dc6                HAL_TIM_PWM_PulseFinishedCallback
 .text.HAL_TIM_TriggerCallback
                0x0000000008004dc8        0x2 build/stm32h7xx_hal_tim.o
                0x0000000008004dc8                HAL_TIM_TriggerCallback
 .text.HAL_TIM_IRQHandler
                0x0000000008004dca      0x17a build/stm32h7xx_hal_tim.o
                0x0000000008004dca                HAL_TIM_IRQHandler
 .text.TIM_Base_SetConfig
                0x0000000008004f44      0x114 build/stm32h7xx_hal_tim.o
                0x0000000008004f44                TIM_Base_SetConfig
 .text.HAL_TIM_Base_Init
                0x0000000008005058       0x60 build/stm32h7xx_hal_tim.o
                0x0000000008005058                HAL_TIM_Base_Init
 .text.HAL_TIM_PWM_Init
                0x00000000080050b8       0x60 build/stm32h7xx_hal_tim.o
                0x00000000080050b8                HAL_TIM_PWM_Init
 .text.TIM_OC2_SetConfig
                0x0000000008005118       0x94 build/stm32h7xx_hal_tim.o
                0x0000000008005118                TIM_OC2_SetConfig
 .text.HAL_TIM_PWM_ConfigChannel
                0x00000000080051ac      0x13a build/stm32h7xx_hal_tim.o
                0x00000000080051ac                HAL_TIM_PWM_ConfigChannel
 .text.TIM_ETR_SetConfig
                0x00000000080052e6       0x1a build/stm32h7xx_hal_tim.o
                0x00000000080052e6                TIM_ETR_SetConfig
 .text.HAL_TIM_ConfigClockSource
                0x0000000008005300      0x138 build/stm32h7xx_hal_tim.o
                0x0000000008005300                HAL_TIM_ConfigClockSource
 .text.TIM_CCxChannelCmd
                0x0000000008005438       0x1e build/stm32h7xx_hal_tim.o
                0x0000000008005438                TIM_CCxChannelCmd
 *fill*         0x0000000008005456        0x2 
 .text.HAL_TIM_PWM_Start
                0x0000000008005458      0x168 build/stm32h7xx_hal_tim.o
                0x0000000008005458                HAL_TIM_PWM_Start
 .text.HAL_TIMEx_MasterConfigSynchronization
                0x00000000080055c0       0xa0 build/stm32h7xx_hal_tim_ex.o
                0x00000000080055c0                HAL_TIMEx_MasterConfigSynchronization
 .text.HAL_TIMEx_ConfigBreakDeadTime
                0x0000000008005660       0x90 build/stm32h7xx_hal_tim_ex.o
                0x0000000008005660                HAL_TIMEx_ConfigBreakDeadTime
 .text.HAL_TIMEx_CommutCallback
                0x00000000080056f0        0x2 build/stm32h7xx_hal_tim_ex.o
                0x00000000080056f0                HAL_TIMEx_CommutCallback
 .text.HAL_TIMEx_BreakCallback
                0x00000000080056f2        0x2 build/stm32h7xx_hal_tim_ex.o
                0x00000000080056f2                HAL_TIMEx_BreakCallback
 .text.HAL_TIMEx_Break2Callback
                0x00000000080056f4        0x2 build/stm32h7xx_hal_tim_ex.o
                0x00000000080056f4                HAL_TIMEx_Break2Callback
 *fill*         0x00000000080056f6        0x2 
 .text.HAL_RCC_OscConfig
                0x00000000080056f8      0x6b4 build/stm32h7xx_hal_rcc.o
                0x00000000080056f8                HAL_RCC_OscConfig
 .text.HAL_RCC_GetSysClockFreq
                0x0000000008005dac      0x1f4 build/stm32h7xx_hal_rcc.o
                0x0000000008005dac                HAL_RCC_GetSysClockFreq
 .text.HAL_RCC_ClockConfig
                0x0000000008005fa0      0x294 build/stm32h7xx_hal_rcc.o
                0x0000000008005fa0                HAL_RCC_ClockConfig
 .text.HAL_RCC_GetHCLKFreq
                0x0000000008006234       0x44 build/stm32h7xx_hal_rcc.o
                0x0000000008006234                HAL_RCC_GetHCLKFreq
 .text.HAL_RCC_GetPCLK1Freq
                0x0000000008006278       0x24 build/stm32h7xx_hal_rcc.o
                0x0000000008006278                HAL_RCC_GetPCLK1Freq
 .text.HAL_RCC_GetPCLK2Freq
                0x000000000800629c       0x24 build/stm32h7xx_hal_rcc.o
                0x000000000800629c                HAL_RCC_GetPCLK2Freq
 .text.HAL_RCC_GetClockConfig
                0x00000000080062c0       0x54 build/stm32h7xx_hal_rcc.o
                0x00000000080062c0                HAL_RCC_GetClockConfig
 .text.RCCEx_PLL2_Config
                0x0000000008006314      0x10c build/stm32h7xx_hal_rcc_ex.o
 .text.RCCEx_PLL3_Config
                0x0000000008006420      0x10c build/stm32h7xx_hal_rcc_ex.o
 .text.HAL_RCCEx_PeriphCLKConfig
                0x000000000800652c      0xa8c build/stm32h7xx_hal_rcc_ex.o
                0x000000000800652c                HAL_RCCEx_PeriphCLKConfig
 .text.HAL_RCCEx_GetD3PCLK1Freq
                0x0000000008006fb8       0x24 build/stm32h7xx_hal_rcc_ex.o
                0x0000000008006fb8                HAL_RCCEx_GetD3PCLK1Freq
 .text.HAL_RCCEx_GetPLL2ClockFreq
                0x0000000008006fdc      0x1f8 build/stm32h7xx_hal_rcc_ex.o
                0x0000000008006fdc                HAL_RCCEx_GetPLL2ClockFreq
 .text.HAL_RCCEx_GetPLL3ClockFreq
                0x00000000080071d4      0x1f8 build/stm32h7xx_hal_rcc_ex.o
                0x00000000080071d4                HAL_RCCEx_GetPLL3ClockFreq
 .text.HAL_GPIO_Init
                0x00000000080073cc      0x220 build/stm32h7xx_hal_gpio.o
                0x00000000080073cc                HAL_GPIO_Init
 .text.DMA_SetConfig
                0x00000000080075ec      0x1b4 build/stm32h7xx_hal_dma.o
 .text.DMA_CalcBaseAndBitshift
                0x00000000080077a0       0xb4 build/stm32h7xx_hal_dma.o
 .text.DMA_CheckFifoParam
                0x0000000008007854       0x92 build/stm32h7xx_hal_dma.o
 *fill*         0x00000000080078e6        0x2 
 .text.DMA_CalcDMAMUXChannelBaseAndMask
                0x00000000080078e8       0xb0 build/stm32h7xx_hal_dma.o
 .text.DMA_CalcDMAMUXRequestGenBaseAndMask
                0x0000000008007998       0x7c build/stm32h7xx_hal_dma.o
 .text.HAL_DMA_Init
                0x0000000008007a14      0x3a4 build/stm32h7xx_hal_dma.o
                0x0000000008007a14                HAL_DMA_Init
 .text.HAL_DMA_Start_IT
                0x0000000008007db8      0x298 build/stm32h7xx_hal_dma.o
                0x0000000008007db8                HAL_DMA_Start_IT
 .text.HAL_DMA_Abort
                0x0000000008008050      0x340 build/stm32h7xx_hal_dma.o
                0x0000000008008050                HAL_DMA_Abort
 .text.HAL_DMA_Abort_IT
                0x0000000008008390      0x270 build/stm32h7xx_hal_dma.o
                0x0000000008008390                HAL_DMA_Abort_IT
 .text.HAL_DMA_IRQHandler
                0x0000000008008600      0x738 build/stm32h7xx_hal_dma.o
                0x0000000008008600                HAL_DMA_IRQHandler
 .text.HAL_PWREx_ConfigSupply
                0x0000000008008d38       0x54 build/stm32h7xx_hal_pwr_ex.o
                0x0000000008008d38                HAL_PWREx_ConfigSupply
 .text.HAL_Init
                0x0000000008008d8c       0x5c build/stm32h7xx_hal.o
                0x0000000008008d8c                HAL_Init
 .text.HAL_IncTick
                0x0000000008008de8       0x18 build/stm32h7xx_hal.o
                0x0000000008008de8                HAL_IncTick
 .text.HAL_GetTick
                0x0000000008008e00        0xc build/stm32h7xx_hal.o
                0x0000000008008e00                HAL_GetTick
 .text.HAL_Delay
                0x0000000008008e0c       0x28 build/stm32h7xx_hal.o
                0x0000000008008e0c                HAL_Delay
 .text.HAL_GetREVID
                0x0000000008008e34        0xc build/stm32h7xx_hal.o
                0x0000000008008e34                HAL_GetREVID
 .text.I2C_Flush_TXDR
                0x0000000008008e40       0x22 build/stm32h7xx_hal_i2c.o
 .text.I2C_TransferConfig
                0x0000000008008e62       0x3c build/stm32h7xx_hal_i2c.o
 .text.I2C_IsErrorOccurred
                0x0000000008008e9e      0x118 build/stm32h7xx_hal_i2c.o
 .text.I2C_WaitOnTXISFlagUntilTimeout
                0x0000000008008fb6       0x60 build/stm32h7xx_hal_i2c.o
 .text.I2C_WaitOnFlagUntilTimeout
                0x0000000008009016       0x7c build/stm32h7xx_hal_i2c.o
 *fill*         0x0000000008009092        0x2 
 .text.I2C_RequestMemoryWrite
                0x0000000008009094       0x7c build/stm32h7xx_hal_i2c.o
 .text.I2C_WaitOnSTOPFlagUntilTimeout
                0x0000000008009110       0x5e build/stm32h7xx_hal_i2c.o
 .text.I2C_WaitOnRXNEFlagUntilTimeout
                0x000000000800916e       0xaa build/stm32h7xx_hal_i2c.o
 .text.HAL_I2C_Init
                0x0000000008009218       0xc8 build/stm32h7xx_hal_i2c.o
                0x0000000008009218                HAL_I2C_Init
 .text.HAL_I2C_Master_Transmit
                0x00000000080092e0      0x1a4 build/stm32h7xx_hal_i2c.o
                0x00000000080092e0                HAL_I2C_Master_Transmit
 .text.HAL_I2C_Master_Receive
                0x0000000008009484      0x17c build/stm32h7xx_hal_i2c.o
                0x0000000008009484                HAL_I2C_Master_Receive
 .text.HAL_I2C_Mem_Write
                0x0000000008009600      0x1aa build/stm32h7xx_hal_i2c.o
                0x0000000008009600                HAL_I2C_Mem_Write
 *fill*         0x00000000080097aa        0x2 
 .text.HAL_I2C_IsDeviceReady
                0x00000000080097ac      0x13c build/stm32h7xx_hal_i2c.o
                0x00000000080097ac                HAL_I2C_IsDeviceReady
 .text.HAL_I2CEx_ConfigAnalogFilter
                0x00000000080098e8       0x5c build/stm32h7xx_hal_i2c_ex.o
                0x00000000080098e8                HAL_I2CEx_ConfigAnalogFilter
 .text.HAL_I2CEx_ConfigDigitalFilter
                0x0000000008009944       0x58 build/stm32h7xx_hal_i2c_ex.o
                0x0000000008009944                HAL_I2CEx_ConfigDigitalFilter
 .text.SystemInit
                0x000000000800999c       0xcc build/system_stm32h7xx.o
                0x000000000800999c                SystemInit
 .text._sbrk    0x0000000008009a68       0x48 build/sysmem.o
                0x0000000008009a68                _sbrk
 .text.MX_I2C1_Init
                0x0000000008009ab0       0x60 build/i2c.o
                0x0000000008009ab0                MX_I2C1_Init
 .text.HAL_I2C_MspInit
                0x0000000008009b10       0x98 build/i2c.o
                0x0000000008009b10                HAL_I2C_MspInit
 .text.MX_DMA_Init
                0x0000000008009ba8       0x48 build/dma.o
                0x0000000008009ba8                MX_DMA_Init
 .text.MX_USART1_UART_Init
                0x0000000008009bf0       0x68 build/usart.o
                0x0000000008009bf0                MX_USART1_UART_Init
 .text.HAL_UART_MspInit
                0x0000000008009c58      0x164 build/usart.o
                0x0000000008009c58                HAL_UART_MspInit
 .text.UART_EndTxTransfer
                0x0000000008009dbc       0x32 build/stm32h7xx_hal_uart.o
 *fill*         0x0000000008009dee        0x2 
 .text.UART_EndRxTransfer
                0x0000000008009df0       0x58 build/stm32h7xx_hal_uart.o
 .text.UART_TxISR_8BIT
                0x0000000008009e48       0x56 build/stm32h7xx_hal_uart.o
 .text.UART_TxISR_16BIT
                0x0000000008009e9e       0x5a build/stm32h7xx_hal_uart.o
 .text.UART_TxISR_8BIT_FIFOEN
                0x0000000008009ef8       0x74 build/stm32h7xx_hal_uart.o
 .text.UART_TxISR_16BIT_FIFOEN
                0x0000000008009f6c       0x78 build/stm32h7xx_hal_uart.o
 .text.HAL_UART_Transmit_IT
                0x0000000008009fe4       0xa8 build/stm32h7xx_hal_uart.o
                0x0000000008009fe4                HAL_UART_Transmit_IT
 .text.HAL_UART_Transmit_DMA
                0x000000000800a08c       0x9c build/stm32h7xx_hal_uart.o
                0x000000000800a08c                HAL_UART_Transmit_DMA
 .text.HAL_UART_TxCpltCallback
                0x000000000800a128        0x2 build/stm32h7xx_hal_uart.o
                0x000000000800a128                HAL_UART_TxCpltCallback
 .text.UART_DMATransmitCplt
                0x000000000800a12a       0x46 build/stm32h7xx_hal_uart.o
 .text.UART_EndTransmit_IT
                0x000000000800a170       0x24 build/stm32h7xx_hal_uart.o
 .text.HAL_UART_TxHalfCpltCallback
                0x000000000800a194        0x2 build/stm32h7xx_hal_uart.o
                0x000000000800a194                HAL_UART_TxHalfCpltCallback
 .text.UART_DMATxHalfCplt
                0x000000000800a196        0xa build/stm32h7xx_hal_uart.o
 .text.HAL_UART_ErrorCallback
                0x000000000800a1a0        0x2 build/stm32h7xx_hal_uart.o
                0x000000000800a1a0                HAL_UART_ErrorCallback
 .text.UART_DMAError
                0x000000000800a1a2       0x58 build/stm32h7xx_hal_uart.o
 .text.UART_DMAAbortOnError
                0x000000000800a1fa       0x14 build/stm32h7xx_hal_uart.o
 .text.HAL_UARTEx_RxEventCallback
                0x000000000800a20e        0x2 build/stm32h7xx_hal_uart.o
                0x000000000800a20e                HAL_UARTEx_RxEventCallback
 .text.HAL_UART_IRQHandler
                0x000000000800a210      0x3b8 build/stm32h7xx_hal_uart.o
                0x000000000800a210                HAL_UART_IRQHandler
 .text.UART_SetConfig
                0x000000000800a5c8      0x5f4 build/stm32h7xx_hal_uart.o
                0x000000000800a5c8                UART_SetConfig
 .text.UART_AdvFeatureConfig
                0x000000000800abbc       0xca build/stm32h7xx_hal_uart.o
                0x000000000800abbc                UART_AdvFeatureConfig
 .text.UART_WaitOnFlagUntilTimeout
                0x000000000800ac86       0xaa build/stm32h7xx_hal_uart.o
                0x000000000800ac86                UART_WaitOnFlagUntilTimeout
 .text.HAL_UART_Transmit
                0x000000000800ad30       0xd0 build/stm32h7xx_hal_uart.o
                0x000000000800ad30                HAL_UART_Transmit
 .text.HAL_UART_Receive
                0x000000000800ae00      0x116 build/stm32h7xx_hal_uart.o
                0x000000000800ae00                HAL_UART_Receive
 .text.UART_CheckIdleState
                0x000000000800af16       0xca build/stm32h7xx_hal_uart.o
                0x000000000800af16                UART_CheckIdleState
 .text.HAL_UART_Init
                0x000000000800afe0       0x66 build/stm32h7xx_hal_uart.o
                0x000000000800afe0                HAL_UART_Init
 *fill*         0x000000000800b046        0x2 
 .text.UARTEx_SetNbDataToProcess
                0x000000000800b048       0x4c build/stm32h7xx_hal_uart_ex.o
 .text.HAL_UARTEx_WakeupCallback
                0x000000000800b094        0x2 build/stm32h7xx_hal_uart_ex.o
                0x000000000800b094                HAL_UARTEx_WakeupCallback
 .text.HAL_UARTEx_RxFifoFullCallback
                0x000000000800b096        0x2 build/stm32h7xx_hal_uart_ex.o
                0x000000000800b096                HAL_UARTEx_RxFifoFullCallback
 .text.HAL_UARTEx_TxFifoEmptyCallback
                0x000000000800b098        0x2 build/stm32h7xx_hal_uart_ex.o
                0x000000000800b098                HAL_UARTEx_TxFifoEmptyCallback
 .text.HAL_UARTEx_DisableFifoMode
                0x000000000800b09a       0x3e build/stm32h7xx_hal_uart_ex.o
                0x000000000800b09a                HAL_UARTEx_DisableFifoMode
 .text.HAL_UARTEx_SetTxFifoThreshold
                0x000000000800b0d8       0x4a build/stm32h7xx_hal_uart_ex.o
                0x000000000800b0d8                HAL_UARTEx_SetTxFifoThreshold
 .text.HAL_UARTEx_SetRxFifoThreshold
                0x000000000800b122       0x4a build/stm32h7xx_hal_uart_ex.o
                0x000000000800b122                HAL_UARTEx_SetRxFifoThreshold
 .text.StartDefaultTask
                0x000000000800b16c       0x54 build/freertos.o
                0x000000000800b16c                StartDefaultTask
 .text.StartServoControlTask
                0x000000000800b1c0       0x7c build/freertos.o
                0x000000000800b1c0                StartServoControlTask
 .text.StartGaitControlTask
                0x000000000800b23c       0x9c build/freertos.o
                0x000000000800b23c                StartGaitControlTask
 .text.MX_FREERTOS_Init
                0x000000000800b2d8       0xa0 build/freertos.o
                0x000000000800b2d8                MX_FREERTOS_Init
 .text.SendAttitudeToHost
                0x000000000800b378       0x70 build/freertos.o
                0x000000000800b378                SendAttitudeToHost
 .text.StartAttitudeTask
                0x000000000800b3e8       0x98 build/freertos.o
                0x000000000800b3e8                StartAttitudeTask
 .text.UART_ProcessCommand
                0x000000000800b480       0x62 build/freertos.o
                0x000000000800b480                UART_ProcessCommand
 *fill*         0x000000000800b4e2        0x2 
 .text.StartSerialCommTask
                0x000000000800b4e4       0x80 build/freertos.o
                0x000000000800b4e4                StartSerialCommTask
 .text.vListInitialise
                0x000000000800b564       0x16 build/list.o
                0x000000000800b564                vListInitialise
 .text.vListInitialiseItem
                0x000000000800b57a        0x6 build/list.o
                0x000000000800b57a                vListInitialiseItem
 .text.vListInsertEnd
                0x000000000800b580       0x16 build/list.o
                0x000000000800b580                vListInsertEnd
 .text.vListInsert
                0x000000000800b596       0x32 build/list.o
                0x000000000800b596                vListInsert
 .text.uxListRemove
                0x000000000800b5c8       0x26 build/list.o
                0x000000000800b5c8                uxListRemove
 .text.prvIsQueueFull
                0x000000000800b5ee       0x1e build/queue.o
 .text.prvIsQueueEmpty
                0x000000000800b60c       0x1a build/queue.o
 .text.prvCopyDataToQueue
                0x000000000800b626       0x76 build/queue.o
 .text.prvCopyDataFromQueue
                0x000000000800b69c       0x24 build/queue.o
 .text.prvUnlockQueue
                0x000000000800b6c0       0x6e build/queue.o
 .text.xQueueGenericReset
                0x000000000800b72e       0x84 build/queue.o
                0x000000000800b72e                xQueueGenericReset
 .text.prvInitialiseNewQueue
                0x000000000800b7b2       0x22 build/queue.o
 .text.xQueueGenericCreateStatic
                0x000000000800b7d4       0xa6 build/queue.o
                0x000000000800b7d4                xQueueGenericCreateStatic
 .text.xQueueGenericCreate
                0x000000000800b87a       0x48 build/queue.o
                0x000000000800b87a                xQueueGenericCreate
 .text.xQueueGenericSend
                0x000000000800b8c2      0x188 build/queue.o
                0x000000000800b8c2                xQueueGenericSend
 .text.xQueueGenericSendFromISR
                0x000000000800ba4a       0xce build/queue.o
                0x000000000800ba4a                xQueueGenericSendFromISR
 .text.xQueueReceive
                0x000000000800bb18      0x15e build/queue.o
                0x000000000800bb18                xQueueReceive
 *fill*         0x000000000800bc76        0x2 
 .text.vQueueAddToRegistry
                0x000000000800bc78       0x28 build/queue.o
                0x000000000800bc78                vQueueAddToRegistry
 .text.vQueueWaitForMessageRestricted
                0x000000000800bca0       0x52 build/queue.o
                0x000000000800bca0                vQueueWaitForMessageRestricted
 *fill*         0x000000000800bcf2        0x2 
 .text.prvResetNextTaskUnblockTime
                0x000000000800bcf4       0x2c build/tasks.o
 .text.prvInitialiseNewTask
                0x000000000800bd20       0xa6 build/tasks.o
 *fill*         0x000000000800bdc6        0x2 
 .text.prvInitialiseTaskLists
                0x000000000800bdc8       0x68 build/tasks.o
 .text.prvAddNewTaskToReadyList
                0x000000000800be30       0xac build/tasks.o
 .text.prvDeleteTCB
                0x000000000800bedc       0x38 build/tasks.o
 .text.prvCheckTasksWaitingTermination
                0x000000000800bf14       0x4c build/tasks.o
 .text.prvIdleTask
                0x000000000800bf60       0x28 build/tasks.o
 .text.prvAddCurrentTaskToDelayedList
                0x000000000800bf88       0x84 build/tasks.o
 .text.xTaskCreateStatic
                0x000000000800c00c       0x76 build/tasks.o
                0x000000000800c00c                xTaskCreateStatic
 .text.xTaskCreate
                0x000000000800c082       0x68 build/tasks.o
                0x000000000800c082                xTaskCreate
 *fill*         0x000000000800c0ea        0x2 
 .text.vTaskStartScheduler
                0x000000000800c0ec       0x9c build/tasks.o
                0x000000000800c0ec                vTaskStartScheduler
 .text.vTaskSuspendAll
                0x000000000800c188       0x10 build/tasks.o
                0x000000000800c188                vTaskSuspendAll
 .text.xTaskGetTickCount
                0x000000000800c198        0xc build/tasks.o
                0x000000000800c198                xTaskGetTickCount
 .text.xTaskIncrementTick
                0x000000000800c1a4      0x118 build/tasks.o
                0x000000000800c1a4                xTaskIncrementTick
 .text.xTaskResumeAll
                0x000000000800c2bc       0xf8 build/tasks.o
                0x000000000800c2bc                xTaskResumeAll
 .text.vTaskDelay
                0x000000000800c3b4       0x4c build/tasks.o
                0x000000000800c3b4                vTaskDelay
 .text.vTaskSwitchContext
                0x000000000800c400       0x94 build/tasks.o
                0x000000000800c400                vTaskSwitchContext
 .text.vTaskPlaceOnEventList
                0x000000000800c494       0x30 build/tasks.o
                0x000000000800c494                vTaskPlaceOnEventList
 .text.vTaskPlaceOnEventListRestricted
                0x000000000800c4c4       0x38 build/tasks.o
                0x000000000800c4c4                vTaskPlaceOnEventListRestricted
 .text.xTaskRemoveFromEventList
                0x000000000800c4fc       0x8c build/tasks.o
                0x000000000800c4fc                xTaskRemoveFromEventList
 .text.vTaskInternalSetTimeOutState
                0x000000000800c588       0x18 build/tasks.o
                0x000000000800c588                vTaskInternalSetTimeOutState
 .text.xTaskCheckForTimeOut
                0x000000000800c5a0       0x84 build/tasks.o
                0x000000000800c5a0                xTaskCheckForTimeOut
 .text.vTaskMissedYield
                0x000000000800c624        0xc build/tasks.o
                0x000000000800c624                vTaskMissedYield
 .text.xTaskGetSchedulerState
                0x000000000800c630       0x20 build/tasks.o
                0x000000000800c630                xTaskGetSchedulerState
 .text.xTaskPriorityDisinherit
                0x000000000800c650       0x90 build/tasks.o
                0x000000000800c650                xTaskPriorityDisinherit
 .text.prvGetNextExpireTime
                0x000000000800c6e0       0x20 build/timers.o
 .text.prvInsertTimerInActiveList
                0x000000000800c700       0x50 build/timers.o
 .text.prvCheckForValidListAndQueue
                0x000000000800c750       0x70 build/timers.o
 .text.xTimerCreateTimerTask
                0x000000000800c7c0       0x64 build/timers.o
                0x000000000800c7c0                xTimerCreateTimerTask
 .text.xTimerGenericCommand
                0x000000000800c824       0x6c build/timers.o
                0x000000000800c824                xTimerGenericCommand
 .text.prvSwitchTimerLists
                0x000000000800c890       0x7c build/timers.o
 .text.prvSampleTimeNow
                0x000000000800c90c       0x2c build/timers.o
 .text.prvProcessExpiredTimer
                0x000000000800c938       0x6c build/timers.o
 .text.prvProcessTimerOrBlockTask
                0x000000000800c9a4       0x78 build/timers.o
 .text.prvProcessReceivedCommands
                0x000000000800ca1c      0x10c build/timers.o
 .text.prvTimerTask
                0x000000000800cb28       0x16 build/timers.o
 .text.SysTick_Handler
                0x000000000800cb3e       0x18 build/cmsis_os2.o
                0x000000000800cb3e                SysTick_Handler
 *fill*         0x000000000800cb56        0x2 
 .text.osKernelInitialize
                0x000000000800cb58       0x24 build/cmsis_os2.o
                0x000000000800cb58                osKernelInitialize
 .text.osKernelStart
                0x000000000800cb7c       0x38 build/cmsis_os2.o
                0x000000000800cb7c                osKernelStart
 .text.osThreadNew
                0x000000000800cbb4       0xbc build/cmsis_os2.o
                0x000000000800cbb4                osThreadNew
 .text.osDelay  0x000000000800cc70       0x1c build/cmsis_os2.o
                0x000000000800cc70                osDelay
 .text.vApplicationGetIdleTaskMemory
                0x000000000800cc8c       0x18 build/cmsis_os2.o
                0x000000000800cc8c                vApplicationGetIdleTaskMemory
 .text.vApplicationGetTimerTaskMemory
                0x000000000800cca4       0x18 build/cmsis_os2.o
                0x000000000800cca4                vApplicationGetTimerTaskMemory
 .text.prvHeapInit
                0x000000000800ccbc       0x64 build/heap_4.o
 .text.prvInsertBlockIntoFreeList
                0x000000000800cd20       0x64 build/heap_4.o
 .text.pvPortMalloc
                0x000000000800cd84       0xfc build/heap_4.o
                0x000000000800cd84                pvPortMalloc
 .text.vPortFree
                0x000000000800ce80       0x7c build/heap_4.o
                0x000000000800ce80                vPortFree
 .text.prvTaskExitError
                0x000000000800cefc       0x40 build/port.o
 .text.prvPortStartFirstTask
                0x000000000800cf3c       0x28 build/port.o
 .text.vPortEnableVFP
                0x000000000800cf64       0x14 build/port.o
 .text.pxPortInitialiseStack
                0x000000000800cf78       0x2c build/port.o
                0x000000000800cf78                pxPortInitialiseStack
 *fill*         0x000000000800cfa4        0xc 
 .text.SVC_Handler
                0x000000000800cfb0       0x24 build/port.o
                0x000000000800cfb0                SVC_Handler
 .text.vPortEnterCritical
                0x000000000800cfd4       0x44 build/port.o
                0x000000000800cfd4                vPortEnterCritical
 .text.vPortExitCritical
                0x000000000800d018       0x2c build/port.o
                0x000000000800d018                vPortExitCritical
 *fill*         0x000000000800d044        0xc 
 .text.PendSV_Handler
                0x000000000800d050       0x64 build/port.o
                0x000000000800d050                PendSV_Handler
 .text.xPortSysTickHandler
                0x000000000800d0b4       0x2c build/port.o
                0x000000000800d0b4                xPortSysTickHandler
 .text.vPortSetupTimerInterrupt
                0x000000000800d0e0       0x28 build/port.o
                0x000000000800d0e0                vPortSetupTimerInterrupt
 .text.xPortStartScheduler
                0x000000000800d108      0x118 build/port.o
                0x000000000800d108                xPortStartScheduler
 .text.vPortValidateInterruptPriority
                0x000000000800d220       0x5c build/port.o
                0x000000000800d220                vPortValidateInterruptPriority
 .text.Reset_Handler
                0x000000000800d27c       0x50 build/startup_stm32h743xx.o
                0x000000000800d27c                Reset_Handler
 .text.Default_Handler
                0x000000000800d2cc        0x2 build/startup_stm32h743xx.o
                0x000000000800d2cc                RTC_Alarm_IRQHandler
                0x000000000800d2cc                EXTI2_IRQHandler
                0x000000000800d2cc                TIM8_CC_IRQHandler
                0x000000000800d2cc                HRTIM1_Master_IRQHandler
                0x000000000800d2cc                UART8_IRQHandler
                0x000000000800d2cc                SPI4_IRQHandler
                0x000000000800d2cc                TIM1_CC_IRQHandler
                0x000000000800d2cc                BDMA_Channel6_IRQHandler
                0x000000000800d2cc                DMA2_Stream5_IRQHandler
                0x000000000800d2cc                HRTIM1_FLT_IRQHandler
                0x000000000800d2cc                JPEG_IRQHandler
                0x000000000800d2cc                DMA1_Stream5_IRQHandler
                0x000000000800d2cc                BDMA_Channel1_IRQHandler
                0x000000000800d2cc                HRTIM1_TIMD_IRQHandler
                0x000000000800d2cc                TAMP_STAMP_IRQHandler
                0x000000000800d2cc                EXTI3_IRQHandler
                0x000000000800d2cc                LPTIM4_IRQHandler
                0x000000000800d2cc                TIM8_TRG_COM_TIM14_IRQHandler
                0x000000000800d2cc                LPTIM2_IRQHandler
                0x000000000800d2cc                DFSDM1_FLT1_IRQHandler
                0x000000000800d2cc                DMAMUX2_OVR_IRQHandler
                0x000000000800d2cc                TIM8_UP_TIM13_IRQHandler
                0x000000000800d2cc                I2C3_ER_IRQHandler
                0x000000000800d2cc                DFSDM1_FLT2_IRQHandler
                0x000000000800d2cc                MDMA_IRQHandler
                0x000000000800d2cc                LPTIM3_IRQHandler
                0x000000000800d2cc                HSEM1_IRQHandler
                0x000000000800d2cc                EXTI0_IRQHandler
                0x000000000800d2cc                I2C2_EV_IRQHandler
                0x000000000800d2cc                DMA1_Stream2_IRQHandler
                0x000000000800d2cc                FPU_IRQHandler
                0x000000000800d2cc                OTG_HS_WKUP_IRQHandler
                0x000000000800d2cc                FDCAN1_IT1_IRQHandler
                0x000000000800d2cc                LTDC_ER_IRQHandler
                0x000000000800d2cc                DMA2_Stream2_IRQHandler
                0x000000000800d2cc                HRTIM1_TIME_IRQHandler
                0x000000000800d2cc                SPI1_IRQHandler
                0x000000000800d2cc                TIM6_DAC_IRQHandler
                0x000000000800d2cc                DCMI_IRQHandler
                0x000000000800d2cc                HRTIM1_TIMC_IRQHandler
                0x000000000800d2cc                DMA2_Stream3_IRQHandler
                0x000000000800d2cc                SAI2_IRQHandler
                0x000000000800d2cc                DFSDM1_FLT3_IRQHandler
                0x000000000800d2cc                USART6_IRQHandler
                0x000000000800d2cc                TIM17_IRQHandler
                0x000000000800d2cc                USART3_IRQHandler
                0x000000000800d2cc                BDMA_Channel7_IRQHandler
                0x000000000800d2cc                LPTIM5_IRQHandler
                0x000000000800d2cc                UART5_IRQHandler
                0x000000000800d2cc                ADC3_IRQHandler
                0x000000000800d2cc                DMA2_Stream0_IRQHandler
                0x000000000800d2cc                TIM4_IRQHandler
                0x000000000800d2cc                BDMA_Channel2_IRQHandler
                0x000000000800d2cc                QUADSPI_IRQHandler
                0x000000000800d2cc                I2C1_EV_IRQHandler
                0x000000000800d2cc                DMA1_Stream6_IRQHandler
                0x000000000800d2cc                DMAMUX1_OVR_IRQHandler
                0x000000000800d2cc                TIM16_IRQHandler
                0x000000000800d2cc                UART4_IRQHandler
                0x000000000800d2cc                BDMA_Channel5_IRQHandler
                0x000000000800d2cc                TIM3_IRQHandler
                0x000000000800d2cc                RCC_IRQHandler
                0x000000000800d2cc                TIM8_BRK_TIM12_IRQHandler
                0x000000000800d2cc                TIM1_TRG_COM_IRQHandler
                0x000000000800d2cc                Default_Handler
                0x000000000800d2cc                ECC_IRQHandler
                0x000000000800d2cc                CEC_IRQHandler
                0x000000000800d2cc                EXTI15_10_IRQHandler
                0x000000000800d2cc                BDMA_Channel0_IRQHandler
                0x000000000800d2cc                ADC_IRQHandler
                0x000000000800d2cc                DMA1_Stream7_IRQHandler
                0x000000000800d2cc                HRTIM1_TIMA_IRQHandler
                0x000000000800d2cc                SPI5_IRQHandler
                0x000000000800d2cc                TIM7_IRQHandler
                0x000000000800d2cc                SDMMC1_IRQHandler
                0x000000000800d2cc                TIM5_IRQHandler
                0x000000000800d2cc                DMA2_Stream7_IRQHandler
                0x000000000800d2cc                TIM15_IRQHandler
                0x000000000800d2cc                PVD_AVD_IRQHandler
                0x000000000800d2cc                I2C3_EV_IRQHandler
                0x000000000800d2cc                EXTI9_5_IRQHandler
                0x000000000800d2cc                RTC_WKUP_IRQHandler
                0x000000000800d2cc                LTDC_IRQHandler
                0x000000000800d2cc                SAI3_IRQHandler
                0x000000000800d2cc                ETH_WKUP_IRQHandler
                0x000000000800d2cc                SPDIF_RX_IRQHandler
                0x000000000800d2cc                SPI2_IRQHandler
                0x000000000800d2cc                OTG_HS_EP1_IN_IRQHandler
                0x000000000800d2cc                CRS_IRQHandler
                0x000000000800d2cc                EXTI4_IRQHandler
                0x000000000800d2cc                RNG_IRQHandler
                0x000000000800d2cc                HRTIM1_TIMB_IRQHandler
                0x000000000800d2cc                FDCAN2_IT1_IRQHandler
                0x000000000800d2cc                ETH_IRQHandler
                0x000000000800d2cc                BDMA_Channel4_IRQHandler
                0x000000000800d2cc                OTG_HS_EP1_OUT_IRQHandler
                0x000000000800d2cc                WWDG_IRQHandler
                0x000000000800d2cc                SPI6_IRQHandler
                0x000000000800d2cc                MDIOS_IRQHandler
                0x000000000800d2cc                I2C4_EV_IRQHandler
                0x000000000800d2cc                FDCAN2_IT0_IRQHandler
                0x000000000800d2cc                LPUART1_IRQHandler
                0x000000000800d2cc                FDCAN1_IT0_IRQHandler
                0x000000000800d2cc                TIM2_IRQHandler
                0x000000000800d2cc                OTG_FS_WKUP_IRQHandler
                0x000000000800d2cc                OTG_HS_IRQHandler
                0x000000000800d2cc                DMA2D_IRQHandler
                0x000000000800d2cc                TIM1_BRK_IRQHandler
                0x000000000800d2cc                EXTI1_IRQHandler
                0x000000000800d2cc                SDMMC2_IRQHandler
                0x000000000800d2cc                OTG_FS_EP1_OUT_IRQHandler
                0x000000000800d2cc                BDMA_Channel3_IRQHandler
                0x000000000800d2cc                UART7_IRQHandler
                0x000000000800d2cc                MDIOS_WKUP_IRQHandler
                0x000000000800d2cc                USART2_IRQHandler
                0x000000000800d2cc                DFSDM1_FLT0_IRQHandler
                0x000000000800d2cc                SAI4_IRQHandler
                0x000000000800d2cc                I2C2_ER_IRQHandler
                0x000000000800d2cc                DMA2_Stream1_IRQHandler
                0x000000000800d2cc                FLASH_IRQHandler
                0x000000000800d2cc                DMA2_Stream4_IRQHandler
                0x000000000800d2cc                OTG_FS_IRQHandler
                0x000000000800d2cc                SPI3_IRQHandler
                0x000000000800d2cc                WAKEUP_PIN_IRQHandler
                0x000000000800d2cc                DMA1_Stream4_IRQHandler
                0x000000000800d2cc                OTG_FS_EP1_IN_IRQHandler
                0x000000000800d2cc                I2C1_ER_IRQHandler
                0x000000000800d2cc                FMC_IRQHandler
                0x000000000800d2cc                FDCAN_CAL_IRQHandler
                0x000000000800d2cc                SWPMI1_IRQHandler
                0x000000000800d2cc                COMP1_IRQHandler
                0x000000000800d2cc                LPTIM1_IRQHandler
                0x000000000800d2cc                I2C4_ER_IRQHandler
                0x000000000800d2cc                DMA2_Stream6_IRQHandler
                0x000000000800d2cc                SAI1_IRQHandler
                0x000000000800d2cc                DMA1_Stream3_IRQHandler
 *(.glue_7)
 .glue_7        0x000000000800d2ce        0x0 linker stubs
 *(.glue_7t)
 .glue_7t       0x000000000800d2ce        0x0 linker stubs
 *(.eh_frame)
 *fill*         0x000000000800d2ce        0x2 
 .eh_frame      0x000000000800d2d0        0x0 /usr/lib/gcc/arm-none-eabi/10.3.1/thumb/v7e-m+dp/hard/crtbegin.o
 *(.init)
 .init          0x000000000800d2d0        0x4 /usr/lib/gcc/arm-none-eabi/10.3.1/thumb/v7e-m+dp/hard/crti.o
                0x000000000800d2d0                _init
 .init          0x000000000800d2d4        0x8 /usr/lib/gcc/arm-none-eabi/10.3.1/thumb/v7e-m+dp/hard/crtn.o
 *(.fini)
 .fini          0x000000000800d2dc        0x4 /usr/lib/gcc/arm-none-eabi/10.3.1/thumb/v7e-m+dp/hard/crti.o
                0x000000000800d2dc                _fini
 .fini          0x000000000800d2e0        0x8 /usr/lib/gcc/arm-none-eabi/10.3.1/thumb/v7e-m+dp/hard/crtn.o
                0x000000000800d2e8                . = ALIGN (0x4)
                0x000000000800d2e8                _etext = .

.vfp11_veneer   0x000000000800d2e8        0x0
 .vfp11_veneer  0x000000000800d2e8        0x0 linker stubs

.v4_bx          0x000000000800d2e8        0x0
 .v4_bx         0x000000000800d2e8        0x0 linker stubs

.iplt           0x000000000800d2e8        0x0
 .iplt          0x000000000800d2e8        0x0 /usr/lib/gcc/arm-none-eabi/10.3.1/thumb/v7e-m+dp/hard/crtbegin.o

.rodata         0x000000000800d2e8      0x3b8
                0x000000000800d2e8                . = ALIGN (0x4)
 *(.rodata)
 .rodata        0x000000000800d2e8      0x140 /usr/lib/gcc/arm-none-eabi/10.3.1/../../../arm-none-eabi/lib/thumb/v7e-m+dp/hard/libm.a(lib_a-sincosf_data.o)
                0x000000000800d2e8                __inv_pio4
                0x000000000800d348                __sincosf_table
 .rodata        0x000000000800d428       0x18 /usr/lib/gcc/arm-none-eabi/10.3.1/../../../arm-none-eabi/lib/thumb/v7e-m+dp/hard/libm.a(lib_a-ef_atan2.o)
 .rodata        0x000000000800d440       0x20 /usr/lib/gcc/arm-none-eabi/10.3.1/../../../arm-none-eabi/lib/thumb/v7e-m+dp/hard/libm.a(lib_a-sf_atan.o)
 *(.rodata*)
 .rodata.main.str1.4
                0x000000000800d460       0x1b build/main.o
 *fill*         0x000000000800d47b        0x1 
 .rodata.MPU9250_Init.str1.4
                0x000000000800d47c       0x1a build/mpu9250.o
 *fill*         0x000000000800d496        0x2 
 .rodata.servo_channels
                0x000000000800d498       0x24 build/servo_control.o
 .rodata.servo_timers
                0x000000000800d4bc       0x24 build/servo_control.o
 .rodata.flagBitshiftOffset.0
                0x000000000800d4e0        0x8 build/stm32h7xx_hal_dma.o
 .rodata.D1CorePrescTable
                0x000000000800d4e8       0x10 build/system_stm32h7xx.o
                0x000000000800d4e8                D1CorePrescTable
 .rodata.UARTPrescTable
                0x000000000800d4f8       0x18 build/stm32h7xx_hal_uart.o
                0x000000000800d4f8                UARTPrescTable
 .rodata.denominator.0
                0x000000000800d510        0x8 build/stm32h7xx_hal_uart_ex.o
 .rodata.numerator.1
                0x000000000800d518        0x8 build/stm32h7xx_hal_uart_ex.o
 .rodata.StartDefaultTask.str1.4
                0x000000000800d520       0x1a build/freertos.o
 *fill*         0x000000000800d53a        0x2 
 .rodata.SendAttitudeToHost.str1.4
                0x000000000800d53c        0xd build/freertos.o
 *fill*         0x000000000800d549        0x3 
 .rodata.str1.4
                0x000000000800d54c       0x4c build/freertos.o
 .rodata.AttitudeTask_attributes
                0x000000000800d598       0x24 build/freertos.o
                0x000000000800d598                AttitudeTask_attributes
 .rodata.GaitControlTask_attributes
                0x000000000800d5bc       0x24 build/freertos.o
                0x000000000800d5bc                GaitControlTask_attributes
 .rodata.SerialCommTask_attributes
                0x000000000800d5e0       0x24 build/freertos.o
                0x000000000800d5e0                SerialCommTask_attributes
 .rodata.ServoControlTas_attributes
                0x000000000800d604       0x24 build/freertos.o
                0x000000000800d604                ServoControlTas_attributes
 .rodata.defaultTask_attributes
                0x000000000800d628       0x24 build/freertos.o
                0x000000000800d628                defaultTask_attributes
 .rodata.vTaskStartScheduler.str1.4
                0x000000000800d64c        0x5 build/tasks.o
 *fill*         0x000000000800d651        0x3 
 .rodata.prvCheckForValidListAndQueue.str1.4
                0x000000000800d654        0x5 build/timers.o
 *fill*         0x000000000800d659        0x3 
 .rodata.xTimerCreateTimerTask.str1.4
                0x000000000800d65c        0x8 build/timers.o
 .rodata.str1.4
                0x000000000800d664       0x13 /usr/lib/gcc/arm-none-eabi/10.3.1/../../../arm-none-eabi/lib/thumb/v7e-m+dp/hard/libc_nano.a(lib_a-nano-svfprintf.o)
 *fill*         0x000000000800d677        0x1 
 .rodata.str1.4
                0x000000000800d678       0x25 /usr/lib/gcc/arm-none-eabi/10.3.1/../../../arm-none-eabi/lib/thumb/v7e-m+dp/hard/libc_nano.a(lib_a-nano-vfprintf_i.o)
 .rodata.str1.4
                0x000000000800d69d       0x25 /usr/lib/gcc/arm-none-eabi/10.3.1/../../../arm-none-eabi/lib/thumb/v7e-m+dp/hard/libm.a(lib_a-wf_acos.o)
                                          0x1 (size before relaxing)
 .rodata.str1.4
                0x000000000800d69d        0x1 /usr/lib/gcc/arm-none-eabi/10.3.1/../../../arm-none-eabi/lib/thumb/v7e-m+dp/hard/libm.a(lib_a-wf_asin.o)
                0x000000000800d6c4                . = ALIGN (0x4)
 *fill*         0x000000000800d69d        0x3 

.ARM.extab
 *(.ARM.extab* .gnu.linkonce.armextab.*)

.ARM            0x000000000800d6a0        0x8
                0x000000000800d6a0                __exidx_start = .
 *(.ARM.exidx*)
 .ARM.exidx     0x000000000800d6a0        0x8 /usr/lib/gcc/arm-none-eabi/10.3.1/thumb/v7e-m+dp/hard/libgcc.a(_udivmoddi4.o)
                0x000000000800d6a8                __exidx_end = .

.rel.dyn        0x000000000800d6a8        0x0
 .rel.iplt      0x000000000800d6a8        0x0 /usr/lib/gcc/arm-none-eabi/10.3.1/thumb/v7e-m+dp/hard/crtbegin.o

.preinit_array  0x000000000800d6a8        0x0
                0x000000000800d6a8                PROVIDE (__preinit_array_start = .)
 *(.preinit_array*)
                0x000000000800d6a8                PROVIDE (__preinit_array_end = .)

.init_array     0x000000000800d6a8        0x4
                0x000000000800d6a8                PROVIDE (__init_array_start = .)
 *(SORT_BY_NAME(.init_array.*))
 *(.init_array*)
 .init_array    0x000000000800d6a8        0x4 /usr/lib/gcc/arm-none-eabi/10.3.1/thumb/v7e-m+dp/hard/crtbegin.o
                0x000000000800d6ac                PROVIDE (__init_array_end = .)

.fini_array     0x000000000800d6ac        0x4
                0x000000000800d6ac                PROVIDE (__fini_array_start = .)
 *(SORT_BY_NAME(.fini_array.*))
 *(.fini_array*)
 .fini_array    0x000000000800d6ac        0x4 /usr/lib/gcc/arm-none-eabi/10.3.1/thumb/v7e-m+dp/hard/crtbegin.o
                0x000000000800d6b0                PROVIDE (__fini_array_end = .)
                0x000000000800d6b0                _sidata = LOADADDR (.data)

.data           0x0000000020000000       0x7c load address 0x000000000800d6b0
                0x0000000020000000                . = ALIGN (0x4)
                0x0000000020000000                _sdata = .
 *(.data)
 .data          0x0000000020000000       0x64 /usr/lib/gcc/arm-none-eabi/10.3.1/../../../arm-none-eabi/lib/thumb/v7e-m+dp/hard/libc_nano.a(lib_a-impure.o)
                0x0000000020000000                _impure_ptr
 .data          0x0000000020000064        0x1 /usr/lib/gcc/arm-none-eabi/10.3.1/../../../arm-none-eabi/lib/thumb/v7e-m+dp/hard/libm.a(lib_a-s_lib_ver.o)
                0x0000000020000064                __fdlib_version
 *(.data*)
 *fill*         0x0000000020000065        0x1 
 .data.q0       0x0000000020000066        0x2 build/AHRS.o
                0x0000000020000066                q0
 .data.uwTickFreq
                0x0000000020000068        0x1 build/stm32h7xx_hal.o
                0x0000000020000068                uwTickFreq
 *fill*         0x0000000020000069        0x3 
 .data.uwTickPrio
                0x000000002000006c        0x4 build/stm32h7xx_hal.o
                0x000000002000006c                uwTickPrio
 .data.SystemCoreClock
                0x0000000020000070        0x4 build/system_stm32h7xx.o
                0x0000000020000070                SystemCoreClock
 .data.SystemD2Clock
                0x0000000020000074        0x4 build/system_stm32h7xx.o
                0x0000000020000074                SystemD2Clock
 .data.uxCriticalNesting
                0x0000000020000078        0x4 build/port.o
                0x000000002000007c                . = ALIGN (0x4)
                0x000000002000007c                _edata = .

.tm_clone_table
                0x000000002000007c        0x0 load address 0x000000000800d72c
 .tm_clone_table
                0x000000002000007c        0x0 /usr/lib/gcc/arm-none-eabi/10.3.1/thumb/v7e-m+dp/hard/crtbegin.o
 .tm_clone_table
                0x000000002000007c        0x0 /usr/lib/gcc/arm-none-eabi/10.3.1/thumb/v7e-m+dp/hard/crtend.o

.igot.plt       0x000000002000007c        0x0 load address 0x000000000800d72c
 .igot.plt      0x000000002000007c        0x0 /usr/lib/gcc/arm-none-eabi/10.3.1/thumb/v7e-m+dp/hard/crtbegin.o
                0x000000002000007c                . = ALIGN (0x4)

.bss            0x000000002000007c     0x4f88 load address 0x000000000800d72c
                0x000000002000007c                _sbss = .
                0x000000002000007c                __bss_start__ = _sbss
 *(.bss)
 .bss           0x000000002000007c       0x1c /usr/lib/gcc/arm-none-eabi/10.3.1/thumb/v7e-m+dp/hard/crtbegin.o
 .bss           0x0000000020000098        0x8 /usr/lib/gcc/arm-none-eabi/10.3.1/../../../arm-none-eabi/lib/thumb/v7e-m+dp/hard/libc_nano.a(lib_a-nano-mallocr.o)
                0x0000000020000098                __malloc_free_list
                0x000000002000009c                __malloc_sbrk_start
 .bss           0x00000000200000a0        0x4 /usr/lib/gcc/arm-none-eabi/10.3.1/../../../arm-none-eabi/lib/thumb/v7e-m+dp/hard/libc_nano.a(lib_a-reent.o)
                0x00000000200000a0                errno
 *(.bss*)
 .bss.buffer    0x00000000200000a4       0x80 build/main.o
                0x00000000200000a4                buffer
 .bss._buffer   0x0000000020000124       0x15 build/mpu9250.o
 *fill*         0x0000000020000139        0x3 
 .bss._mag_adjust
                0x000000002000013c        0x3 build/mpu9250.o
 .bss.current_action
                0x000000002000013f        0x1 build/robocontrol.o
                0x000000002000013f                current_action
 .bss.buffer.0  0x0000000020000140        0x6 build/AHRS.o
 *fill*         0x0000000020000146        0x2 
 .bss.index.1   0x0000000020000148        0x4 build/AHRS.o
 .bss.lastUpdate
                0x000000002000014c        0x4 build/AHRS.o
 .bss.now       0x0000000020000150        0x4 build/AHRS.o
 .bss.q1        0x0000000020000154        0x2 build/AHRS.o
                0x0000000020000154                q1
 .bss.q2        0x0000000020000156        0x2 build/AHRS.o
                0x0000000020000156                q2
 .bss.q3        0x0000000020000158        0x2 build/AHRS.o
                0x0000000020000158                q3
 .bss.w1        0x000000002000015a        0x2 build/AHRS.o
                0x000000002000015a                w1
 .bss.w2        0x000000002000015c        0x2 build/AHRS.o
                0x000000002000015c                w2
 .bss.w3        0x000000002000015e        0x2 build/AHRS.o
                0x000000002000015e                w3
 .bss.htim12    0x0000000020000160       0x4c build/tim.o
                0x0000000020000160                htim12
 .bss.htim13    0x00000000200001ac       0x4c build/tim.o
                0x00000000200001ac                htim13
 .bss.htim14    0x00000000200001f8       0x4c build/tim.o
                0x00000000200001f8                htim14
 .bss.htim15    0x0000000020000244       0x4c build/tim.o
                0x0000000020000244                htim15
 .bss.htim16    0x0000000020000290       0x4c build/tim.o
                0x0000000020000290                htim16
 .bss.htim17    0x00000000200002dc       0x4c build/tim.o
                0x00000000200002dc                htim17
 .bss.htim3     0x0000000020000328       0x4c build/tim.o
                0x0000000020000328                htim3
 .bss.htim4     0x0000000020000374       0x4c build/tim.o
                0x0000000020000374                htim4
 .bss.htim5     0x00000000200003c0       0x4c build/tim.o
                0x00000000200003c0                htim5
 .bss.htim8     0x000000002000040c       0x4c build/tim.o
                0x000000002000040c                htim8
 .bss.htim1     0x0000000020000458       0x4c build/stm32h7xx_hal_timebase_tim.o
                0x0000000020000458                htim1
 .bss.uwTick    0x00000000200004a4        0x4 build/stm32h7xx_hal.o
                0x00000000200004a4                uwTick
 .bss.__sbrk_heap_end
                0x00000000200004a8        0x4 build/sysmem.o
 .bss.hi2c1     0x00000000200004ac       0x54 build/i2c.o
                0x00000000200004ac                hi2c1
 .bss.hdma_usart1_rx
                0x0000000020000500       0x78 build/usart.o
                0x0000000020000500                hdma_usart1_rx
 .bss.hdma_usart1_tx
                0x0000000020000578       0x78 build/usart.o
                0x0000000020000578                hdma_usart1_tx
 .bss.huart1    0x00000000200005f0       0x94 build/usart.o
                0x00000000200005f0                huart1
 .bss.AttitudeTaskHandle
                0x0000000020000684        0x4 build/freertos.o
                0x0000000020000684                AttitudeTaskHandle
 .bss.GaitControlTaskHandle
                0x0000000020000688        0x4 build/freertos.o
                0x0000000020000688                GaitControlTaskHandle
 .bss.SerialCommTaskHandle
                0x000000002000068c        0x4 build/freertos.o
                0x000000002000068c                SerialCommTaskHandle
 .bss.ServoControlTasHandle
                0x0000000020000690        0x4 build/freertos.o
                0x0000000020000690                ServoControlTasHandle
 .bss.defaultTaskHandle
                0x0000000020000694        0x4 build/freertos.o
                0x0000000020000694                defaultTaskHandle
 .bss.imuData   0x0000000020000698       0x18 build/freertos.o
                0x0000000020000698                imuData
 .bss.quatQueue
                0x00000000200006b0        0x4 build/freertos.o
                0x00000000200006b0                quatQueue
 .bss.xQueueRegistry
                0x00000000200006b4       0x40 build/queue.o
                0x00000000200006b4                xQueueRegistry
 .bss.pxCurrentTCB
                0x00000000200006f4        0x4 build/tasks.o
                0x00000000200006f4                pxCurrentTCB
 .bss.pxDelayedTaskList
                0x00000000200006f8        0x4 build/tasks.o
 .bss.pxOverflowDelayedTaskList
                0x00000000200006fc        0x4 build/tasks.o
 .bss.pxReadyTasksLists
                0x0000000020000700      0x460 build/tasks.o
 .bss.uxCurrentNumberOfTasks
                0x0000000020000b60        0x4 build/tasks.o
 .bss.uxDeletedTasksWaitingCleanUp
                0x0000000020000b64        0x4 build/tasks.o
 .bss.uxSchedulerSuspended
                0x0000000020000b68        0x4 build/tasks.o
 .bss.uxTaskNumber
                0x0000000020000b6c        0x4 build/tasks.o
 .bss.uxTopReadyPriority
                0x0000000020000b70        0x4 build/tasks.o
 .bss.xDelayedTaskList1
                0x0000000020000b74       0x14 build/tasks.o
 .bss.xDelayedTaskList2
                0x0000000020000b88       0x14 build/tasks.o
 .bss.xIdleTaskHandle
                0x0000000020000b9c        0x4 build/tasks.o
 .bss.xNextTaskUnblockTime
                0x0000000020000ba0        0x4 build/tasks.o
 .bss.xNumOfOverflows
                0x0000000020000ba4        0x4 build/tasks.o
 .bss.xPendedTicks
                0x0000000020000ba8        0x4 build/tasks.o
 .bss.xPendingReadyList
                0x0000000020000bac       0x14 build/tasks.o
 .bss.xSchedulerRunning
                0x0000000020000bc0        0x4 build/tasks.o
 .bss.xSuspendedTaskList
                0x0000000020000bc4       0x14 build/tasks.o
 .bss.xTasksWaitingTermination
                0x0000000020000bd8       0x14 build/tasks.o
 .bss.xTickCount
                0x0000000020000bec        0x4 build/tasks.o
 .bss.xYieldPending
                0x0000000020000bf0        0x4 build/tasks.o
 .bss.pxCurrentTimerList
                0x0000000020000bf4        0x4 build/timers.o
 .bss.pxOverflowTimerList
                0x0000000020000bf8        0x4 build/timers.o
 .bss.ucStaticTimerQueueStorage.1
                0x0000000020000bfc       0xa0 build/timers.o
 .bss.xActiveTimerList1
                0x0000000020000c9c       0x14 build/timers.o
 .bss.xActiveTimerList2
                0x0000000020000cb0       0x14 build/timers.o
 .bss.xLastTime.2
                0x0000000020000cc4        0x4 build/timers.o
 .bss.xStaticTimerQueue.0
                0x0000000020000cc8       0x50 build/timers.o
 .bss.xTimerQueue
                0x0000000020000d18        0x4 build/timers.o
 .bss.xTimerTaskHandle
                0x0000000020000d1c        0x4 build/timers.o
 .bss.Idle_Stack.2
                0x0000000020000d20      0x200 build/cmsis_os2.o
 .bss.Idle_TCB.3
                0x0000000020000f20       0x5c build/cmsis_os2.o
 .bss.KernelState
                0x0000000020000f7c        0x4 build/cmsis_os2.o
 .bss.Timer_Stack.0
                0x0000000020000f80      0x400 build/cmsis_os2.o
 .bss.Timer_TCB.1
                0x0000000020001380       0x5c build/cmsis_os2.o
 .bss.pxEnd     0x00000000200013dc        0x4 build/heap_4.o
 .bss.ucHeap    0x00000000200013e0     0x3c00 build/heap_4.o
 .bss.xBlockAllocatedBit
                0x0000000020004fe0        0x4 build/heap_4.o
 .bss.xFreeBytesRemaining
                0x0000000020004fe4        0x4 build/heap_4.o
 .bss.xMinimumEverFreeBytesRemaining
                0x0000000020004fe8        0x4 build/heap_4.o
 .bss.xNumberOfSuccessfulAllocations
                0x0000000020004fec        0x4 build/heap_4.o
 .bss.xNumberOfSuccessfulFrees
                0x0000000020004ff0        0x4 build/heap_4.o
 .bss.xStart    0x0000000020004ff4        0x8 build/heap_4.o
 .bss.ucMaxSysCallPriority
                0x0000000020004ffc        0x1 build/port.o
 *fill*         0x0000000020004ffd        0x3 
 .bss.ulMaxPRIGROUPValue
                0x0000000020005000        0x4 build/port.o
 *(COMMON)
                0x0000000020005004                . = ALIGN (0x4)
                0x0000000020005004                _ebss = .
                0x0000000020005004                __bss_end__ = _ebss

._user_heap_stack
                0x0000000020005004      0x604 load address 0x000000000800d72c
                0x0000000020005008                . = ALIGN (0x8)
 *fill*         0x0000000020005004        0x4 
                [!provide]                        PROVIDE (end = .)
                0x0000000020005008                PROVIDE (_end = .)
                0x0000000020005208                . = (. + _Min_Heap_Size)
 *fill*         0x0000000020005008      0x200 
                0x0000000020005608                . = (. + _Min_Stack_Size)
 *fill*         0x0000000020005208      0x400 
                0x0000000020005608                . = ALIGN (0x8)

/DISCARD/
 libc.a(*)
 libm.a(*)
 libgcc.a(*)

.ARM.attributes
                0x0000000000000000       0x2e
 *(.ARM.attributes)
 .ARM.attributes
                0x0000000000000000       0x1e /usr/lib/gcc/arm-none-eabi/10.3.1/thumb/v7e-m+dp/hard/crti.o
 .ARM.attributes
                0x000000000000001e       0x32 /usr/lib/gcc/arm-none-eabi/10.3.1/thumb/v7e-m+dp/hard/crtbegin.o
 .ARM.attributes
                0x0000000000000050       0x32 build/main.o
 .ARM.attributes
                0x0000000000000082       0x32 build/mpu9250.o
 .ARM.attributes
                0x00000000000000b4       0x32 build/servo_control.o
 .ARM.attributes
                0x00000000000000e6       0x32 build/robocontrol.o
 .ARM.attributes
                0x0000000000000118       0x32 build/AHRS.o
 .ARM.attributes
                0x000000000000014a       0x32 build/gpio.o
 .ARM.attributes
                0x000000000000017c       0x32 build/tim.o
 .ARM.attributes
                0x00000000000001ae       0x32 build/stm32h7xx_it.o
 .ARM.attributes
                0x00000000000001e0       0x32 build/stm32h7xx_hal_msp.o
 .ARM.attributes
                0x0000000000000212       0x32 build/stm32h7xx_hal_timebase_tim.o
 .ARM.attributes
                0x0000000000000244       0x32 build/stm32h7xx_hal_cortex.o
 .ARM.attributes
                0x0000000000000276       0x32 build/stm32h7xx_hal_tim.o
 .ARM.attributes
                0x00000000000002a8       0x32 build/stm32h7xx_hal_tim_ex.o
 .ARM.attributes
                0x00000000000002da       0x32 build/stm32h7xx_hal_rcc.o
 .ARM.attributes
                0x000000000000030c       0x32 build/stm32h7xx_hal_rcc_ex.o
 .ARM.attributes
                0x000000000000033e       0x32 build/stm32h7xx_hal_gpio.o
 .ARM.attributes
                0x0000000000000370       0x32 build/stm32h7xx_hal_dma.o
 .ARM.attributes
                0x00000000000003a2       0x32 build/stm32h7xx_hal_pwr_ex.o
 .ARM.attributes
                0x00000000000003d4       0x32 build/stm32h7xx_hal.o
 .ARM.attributes
                0x0000000000000406       0x32 build/stm32h7xx_hal_i2c.o
 .ARM.attributes
                0x0000000000000438       0x32 build/stm32h7xx_hal_i2c_ex.o
 .ARM.attributes
                0x000000000000046a       0x32 build/system_stm32h7xx.o
 .ARM.attributes
                0x000000000000049c       0x32 build/sysmem.o
 .ARM.attributes
                0x00000000000004ce       0x32 build/i2c.o
 .ARM.attributes
                0x0000000000000500       0x32 build/dma.o
 .ARM.attributes
                0x0000000000000532       0x32 build/usart.o
 .ARM.attributes
                0x0000000000000564       0x32 build/stm32h7xx_hal_uart.o
 .ARM.attributes
                0x0000000000000596       0x32 build/stm32h7xx_hal_uart_ex.o
 .ARM.attributes
                0x00000000000005c8       0x32 build/freertos.o
 .ARM.attributes
                0x00000000000005fa       0x32 build/list.o
 .ARM.attributes
                0x000000000000062c       0x32 build/queue.o
 .ARM.attributes
                0x000000000000065e       0x32 build/tasks.o
 .ARM.attributes
                0x0000000000000690       0x32 build/timers.o
 .ARM.attributes
                0x00000000000006c2       0x32 build/cmsis_os2.o
 .ARM.attributes
                0x00000000000006f4       0x32 build/heap_4.o
 .ARM.attributes
                0x0000000000000726       0x32 build/port.o
 .ARM.attributes
                0x0000000000000758       0x21 build/startup_stm32h743xx.o
 .ARM.attributes
                0x0000000000000779       0x32 /usr/lib/gcc/arm-none-eabi/10.3.1/../../../arm-none-eabi/lib/thumb/v7e-m+dp/hard/libc_nano.a(lib_a-errno.o)
 .ARM.attributes
                0x00000000000007ab       0x30 /usr/lib/gcc/arm-none-eabi/10.3.1/../../../arm-none-eabi/lib/thumb/v7e-m+dp/hard/libc_nano.a(lib_a-impure.o)
 .ARM.attributes
                0x00000000000007db       0x32 /usr/lib/gcc/arm-none-eabi/10.3.1/../../../arm-none-eabi/lib/thumb/v7e-m+dp/hard/libc_nano.a(lib_a-init.o)
 .ARM.attributes
                0x000000000000080d       0x1c /usr/lib/gcc/arm-none-eabi/10.3.1/../../../arm-none-eabi/lib/thumb/v7e-m+dp/hard/libc_nano.a(lib_a-memcpy.o)
 .ARM.attributes
                0x0000000000000829       0x32 /usr/lib/gcc/arm-none-eabi/10.3.1/../../../arm-none-eabi/lib/thumb/v7e-m+dp/hard/libc_nano.a(lib_a-memset.o)
 .ARM.attributes
                0x000000000000085b       0x32 /usr/lib/gcc/arm-none-eabi/10.3.1/../../../arm-none-eabi/lib/thumb/v7e-m+dp/hard/libc_nano.a(lib_a-qsort.o)
 .ARM.attributes
                0x000000000000088d       0x32 /usr/lib/gcc/arm-none-eabi/10.3.1/../../../arm-none-eabi/lib/thumb/v7e-m+dp/hard/libc_nano.a(lib_a-snprintf.o)
 .ARM.attributes
                0x00000000000008bf       0x32 /usr/lib/gcc/arm-none-eabi/10.3.1/../../../arm-none-eabi/lib/thumb/v7e-m+dp/hard/libc_nano.a(lib_a-nano-svfprintf.o)
 .ARM.attributes
                0x00000000000008f1       0x32 /usr/lib/gcc/arm-none-eabi/10.3.1/../../../arm-none-eabi/lib/thumb/v7e-m+dp/hard/libc_nano.a(lib_a-nano-vfprintf_i.o)
 .ARM.attributes
                0x0000000000000923       0x1c /usr/lib/gcc/arm-none-eabi/10.3.1/../../../arm-none-eabi/lib/thumb/v7e-m+dp/hard/libc_nano.a(lib_a-memchr.o)
 .ARM.attributes
                0x000000000000093f       0x32 /usr/lib/gcc/arm-none-eabi/10.3.1/../../../arm-none-eabi/lib/thumb/v7e-m+dp/hard/libc_nano.a(lib_a-memmove.o)
 .ARM.attributes
                0x0000000000000971       0x32 /usr/lib/gcc/arm-none-eabi/10.3.1/../../../arm-none-eabi/lib/thumb/v7e-m+dp/hard/libc_nano.a(lib_a-nano-freer.o)
 .ARM.attributes
                0x00000000000009a3       0x32 /usr/lib/gcc/arm-none-eabi/10.3.1/../../../arm-none-eabi/lib/thumb/v7e-m+dp/hard/libc_nano.a(lib_a-nano-mallocr.o)
 .ARM.attributes
                0x00000000000009d5       0x32 /usr/lib/gcc/arm-none-eabi/10.3.1/../../../arm-none-eabi/lib/thumb/v7e-m+dp/hard/libc_nano.a(lib_a-nano-reallocr.o)
 .ARM.attributes
                0x0000000000000a07       0x32 /usr/lib/gcc/arm-none-eabi/10.3.1/../../../arm-none-eabi/lib/thumb/v7e-m+dp/hard/libc_nano.a(lib_a-sbrkr.o)
 .ARM.attributes
                0x0000000000000a39       0x32 /usr/lib/gcc/arm-none-eabi/10.3.1/../../../arm-none-eabi/lib/thumb/v7e-m+dp/hard/libc_nano.a(lib_a-mlock.o)
 .ARM.attributes
                0x0000000000000a6b       0x32 /usr/lib/gcc/arm-none-eabi/10.3.1/../../../arm-none-eabi/lib/thumb/v7e-m+dp/hard/libc_nano.a(lib_a-nano-msizer.o)
 .ARM.attributes
                0x0000000000000a9d       0x32 /usr/lib/gcc/arm-none-eabi/10.3.1/../../../arm-none-eabi/lib/thumb/v7e-m+dp/hard/libc_nano.a(lib_a-reent.o)
 .ARM.attributes
                0x0000000000000acf       0x32 /usr/lib/gcc/arm-none-eabi/10.3.1/../../../arm-none-eabi/lib/thumb/v7e-m+dp/hard/libm.a(lib_a-cosf.o)
 .ARM.attributes
                0x0000000000000b01       0x32 /usr/lib/gcc/arm-none-eabi/10.3.1/../../../arm-none-eabi/lib/thumb/v7e-m+dp/hard/libm.a(lib_a-math_errf.o)
 .ARM.attributes
                0x0000000000000b33       0x30 /usr/lib/gcc/arm-none-eabi/10.3.1/../../../arm-none-eabi/lib/thumb/v7e-m+dp/hard/libm.a(lib_a-sincosf_data.o)
 .ARM.attributes
                0x0000000000000b63       0x32 /usr/lib/gcc/arm-none-eabi/10.3.1/../../../arm-none-eabi/lib/thumb/v7e-m+dp/hard/libm.a(lib_a-sinf.o)
 .ARM.attributes
                0x0000000000000b95       0x32 /usr/lib/gcc/arm-none-eabi/10.3.1/../../../arm-none-eabi/lib/thumb/v7e-m+dp/hard/libm.a(lib_a-w_sqrt.o)
 .ARM.attributes
                0x0000000000000bc7       0x32 /usr/lib/gcc/arm-none-eabi/10.3.1/../../../arm-none-eabi/lib/thumb/v7e-m+dp/hard/libm.a(lib_a-wf_acos.o)
 .ARM.attributes
                0x0000000000000bf9       0x32 /usr/lib/gcc/arm-none-eabi/10.3.1/../../../arm-none-eabi/lib/thumb/v7e-m+dp/hard/libm.a(lib_a-wf_asin.o)
 .ARM.attributes
                0x0000000000000c2b       0x32 /usr/lib/gcc/arm-none-eabi/10.3.1/../../../arm-none-eabi/lib/thumb/v7e-m+dp/hard/libm.a(lib_a-wf_atan2.o)
 .ARM.attributes
                0x0000000000000c5d       0x32 /usr/lib/gcc/arm-none-eabi/10.3.1/../../../arm-none-eabi/lib/thumb/v7e-m+dp/hard/libm.a(lib_a-wf_sqrt.o)
 .ARM.attributes
                0x0000000000000c8f       0x32 /usr/lib/gcc/arm-none-eabi/10.3.1/../../../arm-none-eabi/lib/thumb/v7e-m+dp/hard/libm.a(lib_a-e_sqrt.o)
 .ARM.attributes
                0x0000000000000cc1       0x32 /usr/lib/gcc/arm-none-eabi/10.3.1/../../../arm-none-eabi/lib/thumb/v7e-m+dp/hard/libm.a(lib_a-ef_acos.o)
 .ARM.attributes
                0x0000000000000cf3       0x32 /usr/lib/gcc/arm-none-eabi/10.3.1/../../../arm-none-eabi/lib/thumb/v7e-m+dp/hard/libm.a(lib_a-ef_asin.o)
 .ARM.attributes
                0x0000000000000d25       0x32 /usr/lib/gcc/arm-none-eabi/10.3.1/../../../arm-none-eabi/lib/thumb/v7e-m+dp/hard/libm.a(lib_a-ef_atan2.o)
 .ARM.attributes
                0x0000000000000d57       0x32 /usr/lib/gcc/arm-none-eabi/10.3.1/../../../arm-none-eabi/lib/thumb/v7e-m+dp/hard/libm.a(lib_a-ef_sqrt.o)
 .ARM.attributes
                0x0000000000000d89       0x30 /usr/lib/gcc/arm-none-eabi/10.3.1/../../../arm-none-eabi/lib/thumb/v7e-m+dp/hard/libm.a(lib_a-s_lib_ver.o)
 .ARM.attributes
                0x0000000000000db9       0x32 /usr/lib/gcc/arm-none-eabi/10.3.1/../../../arm-none-eabi/lib/thumb/v7e-m+dp/hard/libm.a(lib_a-sf_atan.o)
 .ARM.attributes
                0x0000000000000deb       0x32 /usr/lib/gcc/arm-none-eabi/10.3.1/../../../arm-none-eabi/lib/thumb/v7e-m+dp/hard/libm.a(lib_a-sf_fabs.o)
 .ARM.attributes
                0x0000000000000e1d       0x32 /usr/lib/gcc/arm-none-eabi/10.3.1/../../../arm-none-eabi/lib/thumb/v7e-m+dp/hard/libm.a(lib_a-sf_nan.o)
 .ARM.attributes
                0x0000000000000e4f       0x1e /usr/lib/gcc/arm-none-eabi/10.3.1/thumb/v7e-m+dp/hard/libgcc.a(_arm_addsubdf3.o)
 .ARM.attributes
                0x0000000000000e6d       0x1e /usr/lib/gcc/arm-none-eabi/10.3.1/thumb/v7e-m+dp/hard/libgcc.a(_aeabi_uldivmod.o)
 .ARM.attributes
                0x0000000000000e8b       0x32 /usr/lib/gcc/arm-none-eabi/10.3.1/thumb/v7e-m+dp/hard/libgcc.a(_udivmoddi4.o)
 .ARM.attributes
                0x0000000000000ebd       0x1e /usr/lib/gcc/arm-none-eabi/10.3.1/thumb/v7e-m+dp/hard/libgcc.a(_dvmd_tls.o)
 .ARM.attributes
                0x0000000000000edb       0x30 /usr/lib/gcc/arm-none-eabi/10.3.1/thumb/v7e-m+dp/hard/crtend.o
 .ARM.attributes
                0x0000000000000f0b       0x1e /usr/lib/gcc/arm-none-eabi/10.3.1/thumb/v7e-m+dp/hard/crtn.o
OUTPUT(build/NewDogFirm.elf elf32-littlearm)
LOAD linker stubs
LOAD /usr/lib/gcc/arm-none-eabi/10.3.1/../../../arm-none-eabi/lib/thumb/v7e-m+dp/hard/libc.a
LOAD /usr/lib/gcc/arm-none-eabi/10.3.1/../../../arm-none-eabi/lib/thumb/v7e-m+dp/hard/libm.a
LOAD /usr/lib/gcc/arm-none-eabi/10.3.1/thumb/v7e-m+dp/hard/libgcc.a

.comment        0x0000000000000000       0x33
 .comment       0x0000000000000000       0x33 /usr/lib/gcc/arm-none-eabi/10.3.1/thumb/v7e-m+dp/hard/crtbegin.o
                                         0x34 (size before relaxing)
 .comment       0x0000000000000033       0x34 build/main.o
 .comment       0x0000000000000033       0x34 build/mpu9250.o
 .comment       0x0000000000000033       0x34 build/servo_control.o
 .comment       0x0000000000000033       0x34 build/robocontrol.o
 .comment       0x0000000000000033       0x34 build/AHRS.o
 .comment       0x0000000000000033       0x34 build/gpio.o
 .comment       0x0000000000000033       0x34 build/tim.o
 .comment       0x0000000000000033       0x34 build/stm32h7xx_it.o
 .comment       0x0000000000000033       0x34 build/stm32h7xx_hal_msp.o
 .comment       0x0000000000000033       0x34 build/stm32h7xx_hal_timebase_tim.o
 .comment       0x0000000000000033       0x34 build/stm32h7xx_hal_cortex.o
 .comment       0x0000000000000033       0x34 build/stm32h7xx_hal_tim.o
 .comment       0x0000000000000033       0x34 build/stm32h7xx_hal_tim_ex.o
 .comment       0x0000000000000033       0x34 build/stm32h7xx_hal_rcc.o
 .comment       0x0000000000000033       0x34 build/stm32h7xx_hal_rcc_ex.o
 .comment       0x0000000000000033       0x34 build/stm32h7xx_hal_gpio.o
 .comment       0x0000000000000033       0x34 build/stm32h7xx_hal_dma.o