Archive member included to satisfy reference by file (symbol)

e:/clion/gcc-arm-none-eabi/bin/../lib/gcc/arm-none-eabi/10.3.1/../../../../arm-none-eabi/lib/thumb/v7e-m+dp/hard\libc_nano.a(lib_a-errno.o)
                              build/sysmem.o (__errno)
e:/clion/gcc-arm-none-eabi/bin/../lib/gcc/arm-none-eabi/10.3.1/../../../../arm-none-eabi/lib/thumb/v7e-m+dp/hard\libc_nano.a(lib_a-exit.o)
                              e:/clion/gcc-arm-none-eabi/bin/../lib/gcc/arm-none-eabi/10.3.1/../../../../arm-none-eabi/lib/thumb/v7e-m+dp/hard/crt0.o (exit)
e:/clion/gcc-arm-none-eabi/bin/../lib/gcc/arm-none-eabi/10.3.1/../../../../arm-none-eabi/lib/thumb/v7e-m+dp/hard\libc_nano.a(lib_a-impure.o)
                              e:/clion/gcc-arm-none-eabi/bin/../lib/gcc/arm-none-eabi/10.3.1/../../../../arm-none-eabi/lib/thumb/v7e-m+dp/hard\libc_nano.a(lib_a-exit.o) (_global_impure_ptr)
e:/clion/gcc-arm-none-eabi/bin/../lib/gcc/arm-none-eabi/10.3.1/../../../../arm-none-eabi/lib/thumb/v7e-m+dp/hard\libc_nano.a(lib_a-init.o)
                              e:/clion/gcc-arm-none-eabi/bin/../lib/gcc/arm-none-eabi/10.3.1/../../../../arm-none-eabi/lib/thumb/v7e-m+dp/hard/crt0.o (__libc_init_array)
e:/clion/gcc-arm-none-eabi/bin/../lib/gcc/arm-none-eabi/10.3.1/../../../../arm-none-eabi/lib/thumb/v7e-m+dp/hard\libc_nano.a(lib_a-memcpy-stub.o)
                              build/queue.o (memcpy)
e:/clion/gcc-arm-none-eabi/bin/../lib/gcc/arm-none-eabi/10.3.1/../../../../arm-none-eabi/lib/thumb/v7e-m+dp/hard\libc_nano.a(lib_a-memset.o)
                              e:/clion/gcc-arm-none-eabi/bin/../lib/gcc/arm-none-eabi/10.3.1/../../../../arm-none-eabi/lib/thumb/v7e-m+dp/hard/crt0.o (memset)
e:/clion/gcc-arm-none-eabi/bin/../lib/gcc/arm-none-eabi/10.3.1/../../../../arm-none-eabi/lib/thumb/v7e-m+dp/hard\libc_nano.a(lib_a-nano-vfprintf_float.o)
                              (_printf_float)
e:/clion/gcc-arm-none-eabi/bin/../lib/gcc/arm-none-eabi/10.3.1/../../../../arm-none-eabi/lib/thumb/v7e-m+dp/hard\libc_nano.a(lib_a-nano-vfprintf_i.o)
                              e:/clion/gcc-arm-none-eabi/bin/../lib/gcc/arm-none-eabi/10.3.1/../../../../arm-none-eabi/lib/thumb/v7e-m+dp/hard\libc_nano.a(lib_a-nano-vfprintf_float.o) (_printf_common)
e:/clion/gcc-arm-none-eabi/bin/../lib/gcc/arm-none-eabi/10.3.1/../../../../arm-none-eabi/lib/thumb/v7e-m+dp/hard\libc_nano.a(lib_a-qsort.o)
                              build/AHRS.o (qsort)
e:/clion/gcc-arm-none-eabi/bin/../lib/gcc/arm-none-eabi/10.3.1/../../../../arm-none-eabi/lib/thumb/v7e-m+dp/hard\libc_nano.a(lib_a-snprintf.o)
                              build/main.o (snprintf)
e:/clion/gcc-arm-none-eabi/bin/../lib/gcc/arm-none-eabi/10.3.1/../../../../arm-none-eabi/lib/thumb/v7e-m+dp/hard\libc_nano.a(lib_a-strlen.o)
                              build/freertos.o (strlen)
e:/clion/gcc-arm-none-eabi/bin/../lib/gcc/arm-none-eabi/10.3.1/../../../../arm-none-eabi/lib/thumb/v7e-m+dp/hard\libc_nano.a(lib_a-vsprintf.o)
                              build/freertos.o (vsprintf)
e:/clion/gcc-arm-none-eabi/bin/../lib/gcc/arm-none-eabi/10.3.1/../../../../arm-none-eabi/lib/thumb/v7e-m+dp/hard\libc_nano.a(lib_a-dtoa.o)
                              e:/clion/gcc-arm-none-eabi/bin/../lib/gcc/arm-none-eabi/10.3.1/../../../../arm-none-eabi/lib/thumb/v7e-m+dp/hard\libc_nano.a(lib_a-nano-vfprintf_float.o) (_dtoa_r)
e:/clion/gcc-arm-none-eabi/bin/../lib/gcc/arm-none-eabi/10.3.1/../../../../arm-none-eabi/lib/thumb/v7e-m+dp/hard\libc_nano.a(lib_a-localeconv.o)
                              e:/clion/gcc-arm-none-eabi/bin/../lib/gcc/arm-none-eabi/10.3.1/../../../../arm-none-eabi/lib/thumb/v7e-m+dp/hard\libc_nano.a(lib_a-nano-vfprintf_float.o) (_localeconv_r)
e:/clion/gcc-arm-none-eabi/bin/../lib/gcc/arm-none-eabi/10.3.1/../../../../arm-none-eabi/lib/thumb/v7e-m+dp/hard\libc_nano.a(lib_a-malloc.o)
                              e:/clion/gcc-arm-none-eabi/bin/../lib/gcc/arm-none-eabi/10.3.1/../../../../arm-none-eabi/lib/thumb/v7e-m+dp/hard\libc_nano.a(lib_a-dtoa.o) (malloc)
e:/clion/gcc-arm-none-eabi/bin/../lib/gcc/arm-none-eabi/10.3.1/../../../../arm-none-eabi/lib/thumb/v7e-m+dp/hard\libc_nano.a(lib_a-memchr.o)
                              e:/clion/gcc-arm-none-eabi/bin/../lib/gcc/arm-none-eabi/10.3.1/../../../../arm-none-eabi/lib/thumb/v7e-m+dp/hard\libc_nano.a(lib_a-nano-vfprintf_i.o) (memchr)
e:/clion/gcc-arm-none-eabi/bin/../lib/gcc/arm-none-eabi/10.3.1/../../../../arm-none-eabi/lib/thumb/v7e-m+dp/hard\libc_nano.a(lib_a-mprec.o)
                              e:/clion/gcc-arm-none-eabi/bin/../lib/gcc/arm-none-eabi/10.3.1/../../../../arm-none-eabi/lib/thumb/v7e-m+dp/hard\libc_nano.a(lib_a-dtoa.o) (_Balloc)
e:/clion/gcc-arm-none-eabi/bin/../lib/gcc/arm-none-eabi/10.3.1/../../../../arm-none-eabi/lib/thumb/v7e-m+dp/hard\libc_nano.a(lib_a-nano-callocr.o)
[...]
Memory Configuration

Name             Origin             Length             Attributes
DTCMRAM          0x20000000         0x00020000         xrw
RAM_D1           0x24000000         0x00080000         xrw
RAM_D2           0x30000000         0x00048000         xrw
RAM_D3           0x38000000         0x00010000         xrw
ITCMRAM          0x00000000         0x00010000         xrw
FLASH            0x08000000         0x00200000         xr
*default*        0x00000000         0xffffffff

Linker script and memory map

LOAD e:/clion/gcc-arm-none-eabi/bin/../lib/gcc/arm-none-eabi/10.3.1/thumb/v7e-m+dp/hard/crti.o
LOAD e:/clion/gcc-arm-none-eabi/bin/../lib/gcc/arm-none-eabi/10.3.1/thumb/v7e-m+dp/hard/crtbegin.o
LOAD e:/clion/gcc-arm-none-eabi/bin/../lib/gcc/arm-none-eabi/10.3.1/../../../../arm-none-eabi/lib/thumb/v7e-m+dp/hard/crt0.o
LOAD build/main.o
LOAD build/mpu9250.o
LOAD build/servo_control.o
LOAD build/robocontrol.o
LOAD build/AHRS.o
LOAD build/VMC.o
LOAD build/gpio.o
LOAD build/tim.o
LOAD build/stm32h7xx_it.o
LOAD build/stm32h7xx_hal_msp.o
LOAD build/stm32h7xx_hal_timebase_tim.o
LOAD build/stm32h7xx_hal_cortex.o
LOAD build/stm32h7xx_hal_tim.o
LOAD build/stm32h7xx_hal_tim_ex.o
LOAD build/stm32h7xx_hal_rcc.o
LOAD build/stm32h7xx_hal_rcc_ex.o
LOAD build/stm32h7xx_hal_flash.o
LOAD build/stm32h7xx_hal_flash_ex.o
LOAD build/stm32h7xx_hal_gpio.o
LOAD build/stm32h7xx_hal_hsem.o
LOAD build/stm32h7xx_hal_dma.o
LOAD build/stm32h7xx_hal_dma_ex.o
LOAD build/stm32h7xx_hal_mdma.o
LOAD build/stm32h7xx_hal_pwr.o
LOAD build/stm32h7xx_hal_pwr_ex.o
LOAD build/stm32h7xx_hal.o
LOAD build/stm32h7xx_hal_i2c.o
LOAD build/stm32h7xx_hal_i2c_ex.o
LOAD build/stm32h7xx_hal_exti.o
LOAD build/system_stm32h7xx.o
LOAD build/sysmem.o
LOAD build/syscalls.o
LOAD build/i2c.o
LOAD build/dma.o
LOAD build/usart.o
LOAD build/stm32h7xx_hal_uart.o
LOAD build/stm32h7xx_hal_uart_ex.o
LOAD build/freertos.o
LOAD build/croutine.o
LOAD build/event_groups.o
LOAD build/list.o
LOAD build/queue.o
LOAD build/stream_buffer.o
LOAD build/tasks.o
LOAD build/timers.o
LOAD build/cmsis_os2.o
LOAD build/heap_4.o
LOAD build/port.o
LOAD build/startup_stm32h743xx.o
LOAD e:/clion/gcc-arm-none-eabi/bin/../lib/gcc/arm-none-eabi/10.3.1/../../../../arm-none-eabi/lib/thumb/v7e-m+dp/hard\libc_nano.a
LOAD e:/clion/gcc-arm-none-eabi/bin/../lib/gcc/arm-none-eabi/10.3.1/../../../../arm-none-eabi/lib/thumb/v7e-m+dp/hard\libm.a
LOAD e:/clion/gcc-arm-none-eabi/bin/../lib/gcc/arm-none-eabi/10.3.1/../../../../arm-none-eabi/lib/thumb/v7e-m+dp/hard\libnosys.a
START GROUP
LOAD e:/clion/gcc-arm-none-eabi/bin/../lib/gcc/arm-none-eabi/10.3.1/thumb/v7e-m+dp/hard\libgcc.a
LOAD e:/clion/gcc-arm-none-eabi/bin/../lib/gcc/arm-none-eabi/10.3.1/../../../../arm-none-eabi/lib/thumb/v7e-m+dp/hard\libc_nano.a
END GROUP
START GROUP
LOAD e:/clion/gcc-arm-none-eabi/bin/../lib/gcc/arm-none-eabi/10.3.1/thumb/v7e-m+dp/hard\libgcc.a
LOAD e:/clion/gcc-arm-none-eabi/bin/../lib/gcc/arm-none-eabi/10.3.1/../../../../arm-none-eabi/lib/thumb/v7e-m+dp/hard\libc_nano.a
END GROUP
LOAD e:/clion/gcc-arm-none-eabi/bin/../lib/gcc/arm-none-eabi/10.3.1/thumb/v7e-m+dp/hard/crtend.o
LOAD e:/clion/gcc-arm-none-eabi/bin/../lib/gcc/arm-none-eabi/10.3.1/thumb/v7e-m+dp/hard/crtn.o
                0x20020000                _estack = (ORIGIN (DTCMRAM) + LENGTH (DTCMRAM))
                0x00000200                _Min_Heap_Size = 0x200
                0x00000400                _Min_Stack_Size = 0x400

.isr_vector     0x08000000      0x298
                0x08000000                . = ALIGN (0x4)
 *(.isr_vector)
 .isr_vector    0x08000000      0x298 build/startup_stm32h743xx.o
                0x08000000                g_pfnVectors
                0x08000298                . = ALIGN (0x4)

.text           0x080002a0     0xf044
                0x080002a0                . = ALIGN (0x4)
 *(.text)
 .text          0x080002a0       0x40 e:/clion/gcc-arm-none-eabi/bin/../lib/gcc/arm-none-eabi/10.3.1/thumb/v7e-m+dp/hard/crtbegin.o
 .text          0x080002e0       0x10 e:/clion/gcc-arm-none-eabi/bin/../lib/gcc/arm-none-eabi/10.3.1/../../../../arm-none-eabi/lib/thumb/v7e-m+dp/hard\libc_nano.a(lib_a-strlen.o)
                0x080002e0                strlen
 .text          0x080002f0       0xa0 e:/clion/gcc-arm-none-eabi/bin/../lib/gcc/arm-none-eabi/10.3.1/../../../../arm-none-eabi/lib/thumb/v7e-m+dp/hard\libc_nano.a(lib_a-memchr.o)
                0x080002f0                memchr
 .text          0x08000390      0x378 e:/clion/gcc-arm-none-eabi/bin/../lib/gcc/arm-none-eabi/10.3.1/thumb/v7e-m+dp/hard\libgcc.a(_arm_addsubdf3.o)
                0x08000390                __aeabi_drsub
                0x08000398                __aeabi_dsub
                0x08000398                __subdf3
                0x0800039c                __aeabi_dadd
                0x0800039c                __adddf3
                0x08000614                __floatunsidf
                0x08000614                __aeabi_ui2d
                0x08000634                __floatsidf
                0x08000634                __aeabi_i2d
                0x08000658                __aeabi_f2d
                0x08000658                __extendsfdf2
                0x0800069c                __floatundidf
                0x0800069c                __aeabi_ul2d
                0x080006ac                __floatdidf
                0x080006ac                __aeabi_l2d
 .text          0x08000708       0x30 e:/clion/gcc-arm-none-eabi/bin/../lib/gcc/arm-none-eabi/10.3.1/thumb/v7e-m+dp/hard\libgcc.a(_aeabi_uldivmod.o)
                0x08000708                __aeabi_uldivmod
 .text          0x08000738      0x2d0 e:/clion/gcc-arm-none-eabi/bin/../lib/gcc/arm-none-eabi/10.3.1/thumb/v7e-m+dp/hard\libgcc.a(_udivmoddi4.o)
                0x08000738                __udivmoddi4
 .text          0x08000a08        0x4 e:/clion/gcc-arm-none-eabi/bin/../lib/gcc/arm-none-eabi/10.3.1/thumb/v7e-m+dp/hard\libgcc.a(_dvmd_tls.o)
                0x08000a08                __aeabi_idiv0
                0x08000a08                __aeabi_ldiv0
 *(.text*)
 .text.MPU_Config
                0x08000a0c       0x52 build/main.o
 *fill*         0x08000a5e        0x2 
 .text.HAL_TIM_PeriodElapsedCallback
                0x08000a60       0x18 build/main.o
                0x08000a60                HAL_TIM_PeriodElapsedCallback
 .text.Error_Handler
                0x08000a78        0x4 build/main.o
                0x08000a78                Error_Handler
 .text.SystemClock_Config
                0x08000a7c      0x114 build/main.o
                0x08000a7c                SystemClock_Config
 .text.main     0x08000b90      0x114 build/main.o
                0x08000b90                main
 .text.MPU9250_IsConnected
                0x08000ca4       0x1c build/mpu9250.o
                0x08000ca4                MPU9250_IsConnected
 .text.MPU_I2C_Write
                0x08000cc0       0x24 build/mpu9250.o
                0x08000cc0                MPU_I2C_Write
 .text.MPU_I2C_Read
                0x08000ce4       0x3c build/mpu9250.o
                0x08000ce4                MPU_I2C_Read
 .text.writeRegister
                0x08000d20       0x20 build/mpu9250.o
                0x08000d20                writeRegister
 .text.readRegisters
                0x08000d40       0x10 build/mpu9250.o
                0x08000d40                readRegisters
 .text.whoAmI   0x08000d50       0x18 build/mpu9250.o
 .text.writeAK8963Register
                0x08000d68       0x28 build/mpu9250.o
                0x08000d68                writeAK8963Register
 .text.readAK8963Registers
                0x08000d90       0x34 build/mpu9250.o
                0x08000d90                readAK8963Registers
 .text.whoAmIAK8963
                0x08000dc4       0x18 build/mpu9250.o
 .text.MPU9250_Init
                0x08000ddc      0x124 build/mpu9250.o
                0x08000ddc                MPU9250_Init
 .text.MPU9250_SetAccelRange
                0x08000f00        0xc build/mpu9250.o
                0x08000f00                MPU9250_SetAccelRange
 .text.MPU9250_SetGyroRange
                0x08000f0c        0xc build/mpu9250.o
                0x08000f0c                MPU9250_SetGyroRange
 .text.MPU9250_SetDLPFBandwidth
                0x08000f18       0x16 build/mpu9250.o
                0x08000f18                MPU9250_SetDLPFBandwidth
 *fill*         0x08000f2e        0x2 
 .text.MPU9250_SetSampleRateDivider
                0x08000f30       0x6c build/mpu9250.o
                0x08000f30                MPU9250_SetSampleRateDivider
 .text.MPU9250_GetData
                0x08000f9c      0x13c build/mpu9250.o
                0x08000f9c                MPU9250_GetData
 .text.Servo_Init
                0x080010d8       0x38 build/servo_control.o
                0x080010d8                Servo_Init
 .text.Set_Servo_Angle
                0x08001110       0xb8 build/servo_control.o
                0x08001110                Set_Servo_Angle
 .text.Init_Servos
                0x080011c8       0x20 build/servo_control.o
                0x080011c8                Init_Servos
 .text.Move_Forward
                0x080011e8        0xc build/robocontrol.o
                0x080011e8                Move_Forward
 .text.Move_Backward
                0x080011f4        0xc build/robocontrol.o
                0x080011f4                Move_Backward
 .text.Turn_Left
                0x08001200        0xc build/robocontrol.o
                0x08001200                Turn_Left
 .text.Turn_Right
                0x0800120c        0xc build/robocontrol.o
                0x0800120c                Turn_Right
 .text.Stop     0x08001218        0xc build/robocontrol.o
                0x08001218                Stop
 *fill*         0x08001224        0x4 
 .text.CalculateGait
                0x08001228       0x90 build/robocontrol.o
                0x08001228                CalculateGait
 .text.InverseKinematics
                0x080012b8      0x144 build/robocontrol.o
                0x080012b8                InverseKinematics
 .text.GetServoIDForLeg
                0x080013fc       0x12 build/robocontrol.o
                0x080013fc                GetServoIDForLeg
 *fill*         0x0800140e        0x2 
 .text.Gait_Forward
                0x08001410      0x208 build/robocontrol.o
                0x08001410                Gait_Forward
 .text.Gait_Backward
                0x08001618       0x70 build/robocontrol.o
                0x08001618                Gait_Backward
 .text.Gait_Turn_Left
                0x08001688       0x84 build/robocontrol.o
                0x08001688                Gait_Turn_Left
 .text.Gait_Turn_Right
                0x0800170c       0x84 build/robocontrol.o
                0x0800170c                Gait_Turn_Right
 .text.Gait_March_In_Place
                0x08001790       0x68 build/robocontrol.o
                0x08001790                Gait_March_In_Place
 .text.compare_float
                0x080017f8       0x20 build/AHRS.o
                0x080017f8                compare_float
 .text.invSqrt  0x08001818       0x10 build/AHRS.o
                0x08001818                invSqrt
 .text.AHRS_Init
                0x08001828       0x20 build/AHRS.o
                0x08001828                AHRS_Init
 .text.AHRS_GetQuaternion
                0x08001848       0x2c build/AHRS.o
                0x08001848                AHRS_GetQuaternion
 .text.MedianFilter
                0x08001874       0x58 build/AHRS.o
                0x08001874                MedianFilter
 *fill*         0x080018cc        0x4 
 .text.AHRS_Update
                0x080018d0      0x420 build/AHRS.o
                0x080018d0                AHRS_Update
 .text.MX_GPIO_Init
                0x08001cf0       0x9c build/gpio.o
                0x08001cf0                MX_GPIO_Init
 .text.HAL_TIM_Base_MspInit
                0x08001d8c      0x188 build/tim.o
                0x08001d8c                HAL_TIM_Base_MspInit
 .text.HAL_TIM_MspPostInit
                0x08001f14      0x27c build/tim.o
                0x08001f14                HAL_TIM_MspPostInit
 .text.MX_TIM3_Init
                0x08002190       0xb4 build/tim.o
                0x08002190                MX_TIM3_Init
 .text.MX_TIM4_Init
                0x08002244       0xb0 build/tim.o
                0x08002244                MX_TIM4_Init
 .text.MX_TIM5_Init
                0x080022f4       0xb4 build/tim.o
                0x080022f4                MX_TIM5_Init
 .text.MX_TIM8_Init
                0x080023a8       0xfc build/tim.o
                0x080023a8                MX_TIM8_Init
 .text.MX_TIM12_Init
                0x080024a4       0xb4 build/tim.o
                0x080024a4                MX_TIM12_Init
 .text.MX_TIM13_Init
                0x08002558       0x78 build/tim.o
                0x08002558                MX_TIM13_Init
 .text.MX_TIM14_Init
                0x080025d0       0x78 build/tim.o
                0x080025d0                MX_TIM14_Init
 .text.MX_TIM15_Init
                0x08002648       0xf0 build/tim.o
                0x08002648                MX_TIM15_Init
 .text.MX_TIM16_Init
                0x08002738       0xb0 build/tim.o
                0x08002738                MX_TIM16_Init
 .text.MX_TIM17_Init
                0x080027e8       0xb0 build/tim.o
                0x080027e8                MX_TIM17_Init
 .text.NMI_Handler
                0x08002898        0x2 build/stm32h7xx_it.o
                0x08002898                NMI_Handler
 .text.HardFault_Handler
                0x0800289a        0x2 build/stm32h7xx_it.o
                0x0800289a                HardFault_Handler
 .text.MemManage_Handler
                0x0800289c        0x2 build/stm32h7xx_it.o
                0x0800289c                MemManage_Handler
 .text.BusFault_Handler
                0x0800289e        0x2 build/stm32h7xx_it.o
                0x0800289e                BusFault_Handler
 .text.UsageFault_Handler
                0x080028a0        0x2 build/stm32h7xx_it.o
                0x080028a0                UsageFault_Handler
 .text.DebugMon_Handler
                0x080028a2        0x2 build/stm32h7xx_it.o
                0x080028a2                DebugMon_Handler
 .text.DMA1_Stream0_IRQHandler
                0x080028a4       0x10 build/stm32h7xx_it.o
                0x080028a4                DMA1_Stream0_IRQHandler
 .text.DMA1_Stream1_IRQHandler
                0x080028b4       0x10 build/stm32h7xx_it.o
                0x080028b4                DMA1_Stream1_IRQHandler
 .text.TIM1_UP_IRQHandler
                0x080028c4       0x10 build/stm32h7xx_it.o
                0x080028c4                TIM1_UP_IRQHandler
 .text.USART1_IRQHandler
                0x080028d4       0x10 build/stm32h7xx_it.o
                0x080028d4                USART1_IRQHandler
 .text.HAL_MspInit
                0x080028e4       0x34 build/stm32h7xx_hal_msp.o
                0x080028e4                HAL_MspInit
 .text.HAL_InitTick
                0x08002918       0x90 build/stm32h7xx_hal_timebase_tim.o
                0x08002918                HAL_InitTick
 .text.HAL_NVIC_SetPriorityGrouping
                0x080029a8       0x24 build/stm32h7xx_hal_cortex.o
                0x080029a8                HAL_NVIC_SetPriorityGrouping
 .text.HAL_NVIC_SetPriority
                0x080029cc       0x6c build/stm32h7xx_hal_cortex.o
                0x080029cc                HAL_NVIC_SetPriority
 .text.HAL_NVIC_EnableIRQ
                0x08002a38       0x1c build/stm32h7xx_hal_cortex.o
                0x08002a38                HAL_NVIC_EnableIRQ
 .text.HAL_MPU_Disable
                0x08002a54       0x1c build/stm32h7xx_hal_cortex.o
                0x08002a54                HAL_MPU_Disable
 .text.HAL_MPU_Enable
                0x08002a70       0x20 build/stm32h7xx_hal_cortex.o
                0x08002a70                HAL_MPU_Enable
 .text.HAL_MPU_ConfigRegion
                0x08002a90       0x58 build/stm32h7xx_hal_cortex.o
                0x08002a90                HAL_MPU_ConfigRegion
 .text.TIM_OC1_SetConfig
                0x08002ae8       0xa8 build/stm32h7xx_hal_tim.o
 .text.TIM_OC3_SetConfig
                0x08002b90       0x94 build/stm32h7xx_hal_tim.o
 .text.TIM_OC4_SetConfig
                0x08002c24       0x74 build/stm32h7xx_hal_tim.o
 .text.TIM_OC5_SetConfig
                0x08002c98       0x74 build/stm32h7xx_hal_tim.o
 .text.TIM_OC6_SetConfig
                0x08002d0c       0x74 build/stm32h7xx_hal_tim.o
 .text.TIM_TI1_ConfigInputStage
                0x08002d80       0x26 build/stm32h7xx_hal_tim.o
 .text.TIM_TI2_ConfigInputStage
                0x08002da6       0x28 build/stm32h7xx_hal_tim.o
 *fill*         0x08002dce        0x2 
 .text.TIM_ITRx_SetConfig
                0x08002dd0       0x14 build/stm32h7xx_hal_tim.o
 .text.HAL_TIM_Base_Start_IT
                0x08002de4       0x90 build/stm32h7xx_hal_tim.o
                0x08002de4                HAL_TIM_Base_Start_IT
 .text.HAL_TIM_PWM_MspInit
                0x08002e74        0x2 build/stm32h7xx_hal_tim.o
                0x08002e74                HAL_TIM_PWM_MspInit
 .text.HAL_TIM_OC_DelayElapsedCallback
                0x08002e76        0x2 build/stm32h7xx_hal_tim.o
                0x08002e76                HAL_TIM_OC_DelayElapsedCallback
 .text.HAL_TIM_IC_CaptureCallback
                0x08002e78        0x2 build/stm32h7xx_hal_tim.o
                0x08002e78                HAL_TIM_IC_CaptureCallback
 .text.HAL_TIM_PWM_PulseFinishedCallback
                0x08002e7a        0x2 build/stm32h7xx_hal_tim.o
                0x08002e7a                HAL_TIM_PWM_PulseFinishedCallback
 .text.HAL_TIM_TriggerCallback
                0x08002e7c        0x2 build/stm32h7xx_hal_tim.o
                0x08002e7c                HAL_TIM_TriggerCallback
 .text.HAL_TIM_IRQHandler
                0x08002e7e      0x17a build/stm32h7xx_hal_tim.o
                0x08002e7e                HAL_TIM_IRQHandler
 .text.TIM_Base_SetConfig
                0x08002ff8      0x114 build/stm32h7xx_hal_tim.o
                0x08002ff8                TIM_Base_SetConfig
 .text.HAL_TIM_Base_Init
                0x0800310c       0x60 build/stm32h7xx_hal_tim.o
                0x0800310c                HAL_TIM_Base_Init
 .text.HAL_TIM_PWM_Init
                0x0800316c       0x60 build/stm32h7xx_hal_tim.o
                0x0800316c                HAL_TIM_PWM_Init
 .text.TIM_OC2_SetConfig
                0x080031cc       0x94 build/stm32h7xx_hal_tim.o
                0x080031cc                TIM_OC2_SetConfig
 .text.HAL_TIM_PWM_ConfigChannel
                0x08003260      0x13a build/stm32h7xx_hal_tim.o
                0x08003260                HAL_TIM_PWM_ConfigChannel
 .text.TIM_ETR_SetConfig
                0x0800339a       0x1a build/stm32h7xx_hal_tim.o
                0x0800339a                TIM_ETR_SetConfig
 .text.HAL_TIM_ConfigClockSource
                0x080033b4      0x138 build/stm32h7xx_hal_tim.o
                0x080033b4                HAL_TIM_ConfigClockSource
 .text.TIM_CCxChannelCmd
                0x080034ec       0x1e build/stm32h7xx_hal_tim.o
                0x080034ec                TIM_CCxChannelCmd
 *fill*         0x0800350a        0x2 
 .text.HAL_TIM_PWM_Start
                0x0800350c      0x168 build/stm32h7xx_hal_tim.o
                0x0800350c                HAL_TIM_PWM_Start
 .text.HAL_TIMEx_MasterConfigSynchronization
                0x08003674       0xa0 build/stm32h7xx_hal_tim_ex.o
                0x08003674                HAL_TIMEx_MasterConfigSynchronization
 .text.HAL_TIMEx_ConfigBreakDeadTime
                0x08003714       0x90 build/stm32h7xx_hal_tim_ex.o
                0x08003714                HAL_TIMEx_ConfigBreakDeadTime
 .text.HAL_TIMEx_CommutCallback
                0x080037a4        0x2 build/stm32h7xx_hal_tim_ex.o
                0x080037a4                HAL_TIMEx_CommutCallback
 .text.HAL_TIMEx_BreakCallback
                0x080037a6        0x2 build/stm32h7xx_hal_tim_ex.o
                0x080037a6                HAL_TIMEx_BreakCallback
 .text.HAL_TIMEx_Break2Callback
                0x080037a8        0x2 build/stm32h7xx_hal_tim_ex.o
                0x080037a8                HAL_TIMEx_Break2Callback
 *fill*         0x080037aa        0x2 
 .text.HAL_RCC_OscConfig
                0x080037ac      0x6b4 build/stm32h7xx_hal_rcc.o
                0x080037ac                HAL_RCC_OscConfig
 .text.HAL_RCC_GetSysClockFreq
                0x08003e60      0x1f4 build/stm32h7xx_hal_rcc.o
                0x08003e60                HAL_RCC_GetSysClockFreq
 .text.HAL_RCC_ClockConfig
                0x08004054      0x294 build/stm32h7xx_hal_rcc.o
                0x08004054                HAL_RCC_ClockConfig
 .text.HAL_RCC_GetHCLKFreq
                0x080042e8       0x44 build/stm32h7xx_hal_rcc.o
                0x080042e8                HAL_RCC_GetHCLKFreq
 .text.HAL_RCC_GetPCLK1Freq
                0x0800432c       0x24 build/stm32h7xx_hal_rcc.o
                0x0800432c                HAL_RCC_GetPCLK1Freq
 .text.HAL_RCC_GetPCLK2Freq
                0x08004350       0x24 build/stm32h7xx_hal_rcc.o
                0x08004350                HAL_RCC_GetPCLK2Freq
 .text.HAL_RCC_GetClockConfig
                0x08004374       0x54 build/stm32h7xx_hal_rcc.o
                0x08004374                HAL_RCC_GetClockConfig
 .text.RCCEx_PLL2_Config
                0x080043c8      0x10c build/stm32h7xx_hal_rcc_ex.o
 .text.RCCEx_PLL3_Config
                0x080044d4      0x10c build/stm32h7xx_hal_rcc_ex.o
 .text.HAL_RCCEx_PeriphCLKConfig
                0x080045e0      0xa8c build/stm32h7xx_hal_rcc_ex.o
                0x080045e0                HAL_RCCEx_PeriphCLKConfig
 .text.HAL_RCCEx_GetD3PCLK1Freq
                0x0800506c       0x24 build/stm32h7xx_hal_rcc_ex.o
                0x0800506c                HAL_RCCEx_GetD3PCLK1Freq
 .text.HAL_RCCEx_GetPLL2ClockFreq
                0x08005090      0x1f8 build/stm32h7xx_hal_rcc_ex.o
                0x08005090                HAL_RCCEx_GetPLL2ClockFreq
 .text.HAL_RCCEx_GetPLL3ClockFreq
                0x08005288      0x1f8 build/stm32h7xx_hal_rcc_ex.o
                0x08005288                HAL_RCCEx_GetPLL3ClockFreq
 .text.HAL_GPIO_Init
                0x08005480      0x220 build/stm32h7xx_hal_gpio.o
                0x08005480                HAL_GPIO_Init
 .text.DMA_SetConfig
                0x080056a0      0x1b4 build/stm32h7xx_hal_dma.o
 .text.DMA_CalcBaseAndBitshift
                0x08005854       0xb4 build/stm32h7xx_hal_dma.o
 .text.DMA_CheckFifoParam
                0x08005908       0x92 build/stm32h7xx_hal_dma.o
 *fill*         0x0800599a        0x2 
 .text.DMA_CalcDMAMUXChannelBaseAndMask
                0x0800599c       0xb0 build/stm32h7xx_hal_dma.o
 .text.DMA_CalcDMAMUXRequestGenBaseAndMask
                0x08005a4c       0x7c build/stm32h7xx_hal_dma.o
 .text.HAL_DMA_Init
                0x08005ac8      0x3a4 build/stm32h7xx_hal_dma.o
                0x08005ac8                HAL_DMA_Init
 .text.HAL_DMA_Start_IT
                0x08005e6c      0x298 build/stm32h7xx_hal_dma.o
                0x08005e6c                HAL_DMA_Start_IT
 .text.HAL_DMA_Abort
                0x08006104      0x340 build/stm32h7xx_hal_dma.o
                0x08006104                HAL_DMA_Abort
 .text.HAL_DMA_Abort_IT
                0x08006444      0x270 build/stm32h7xx_hal_dma.o
                0x08006444                HAL_DMA_Abort_IT
 .text.HAL_DMA_IRQHandler
                0x080066b4      0x738 build/stm32h7xx_hal_dma.o
                0x080066b4                HAL_DMA_IRQHandler
 .text.HAL_PWREx_ConfigSupply
                0x08006dec       0x54 build/stm32h7xx_hal_pwr_ex.o
                0x08006dec                HAL_PWREx_ConfigSupply
 .text.HAL_Init
                0x08006e40       0x5c build/stm32h7xx_hal.o
                0x08006e40                HAL_Init
 .text.HAL_IncTick
                0x08006e9c       0x18 build/stm32h7xx_hal.o
                0x08006e9c                HAL_IncTick
 .text.HAL_GetTick
                0x08006eb4        0xc build/stm32h7xx_hal.o
                0x08006eb4                HAL_GetTick
 .text.HAL_Delay
                0x08006ec0       0x28 build/stm32h7xx_hal.o
                0x08006ec0                HAL_Delay
 .text.HAL_GetREVID
                0x08006ee8        0xc build/stm32h7xx_hal.o
                0x08006ee8                HAL_GetREVID
 .text.I2C_Flush_TXDR
                0x08006ef4       0x22 build/stm32h7xx_hal_i2c.o
 .text.I2C_TransferConfig
                0x08006f16       0x3c build/stm32h7xx_hal_i2c.o
 .text.I2C_IsErrorOccurred
                0x08006f52      0x118 build/stm32h7xx_hal_i2c.o
 .text.I2C_WaitOnTXISFlagUntilTimeout
                0x0800706a       0x60 build/stm32h7xx_hal_i2c.o
 .text.I2C_WaitOnFlagUntilTimeout
                0x080070ca       0x7c build/stm32h7xx_hal_i2c.o
 *fill*         0x08007146        0x2 
 .text.I2C_RequestMemoryWrite
                0x08007148       0x7c build/stm32h7xx_hal_i2c.o
 .text.I2C_WaitOnSTOPFlagUntilTimeout
                0x080071c4       0x5e build/stm32h7xx_hal_i2c.o
 .text.I2C_WaitOnRXNEFlagUntilTimeout
                0x08007222       0xaa build/stm32h7xx_hal_i2c.o
 .text.HAL_I2C_Init
                0x080072cc       0xc8 build/stm32h7xx_hal_i2c.o
                0x080072cc                HAL_I2C_Init
 .text.HAL_I2C_Master_Transmit
                0x08007394      0x1a4 build/stm32h7xx_hal_i2c.o
                0x08007394                HAL_I2C_Master_Transmit
 .text.HAL_I2C_Master_Receive
                0x08007538      0x17c build/stm32h7xx_hal_i2c.o
                0x08007538                HAL_I2C_Master_Receive
 .text.HAL_I2C_Mem_Write
                0x080076b4      0x1aa build/stm32h7xx_hal_i2c.o
                0x080076b4                HAL_I2C_Mem_Write
 *fill*         0x0800785e        0x2 
 .text.HAL_I2C_IsDeviceReady
                0x08007860      0x13c build/stm32h7xx_hal_i2c.o
                0x08007860                HAL_I2C_IsDeviceReady
 .text.HAL_I2CEx_ConfigAnalogFilter
                0x0800799c       0x5c build/stm32h7xx_hal_i2c_ex.o
                0x0800799c                HAL_I2CEx_ConfigAnalogFilter
 .text.HAL_I2CEx_ConfigDigitalFilter
                0x080079f8       0x58 build/stm32h7xx_hal_i2c_ex.o
                0x080079f8                HAL_I2CEx_ConfigDigitalFilter
 .text.SystemInit
                0x08007a50       0xcc build/system_stm32h7xx.o
                0x08007a50                SystemInit
 .text._sbrk    0x08007b1c       0x48 build/sysmem.o
                0x08007b1c                _sbrk
 .text._getpid  0x08007b64        0x4 build/syscalls.o
                0x08007b64                _getpid
 .text._kill    0x08007b68       0x10 build/syscalls.o
                0x08007b68                _kill
 .text._exit    0x08007b78        0xc build/syscalls.o
                0x08007b78                _exit
 .text._read    0x08007b84       0x20 build/syscalls.o
                0x08007b84                _read
 .text._write   0x08007ba4       0x1c build/syscalls.o
                0x08007ba4                _write
 .text._close   0x08007bc0        0x6 build/syscalls.o
                0x08007bc0                _close
 .text._fstat   0x08007bc6        0xa build/syscalls.o
                0x08007bc6                _fstat
 .text._isatty  0x08007bd0        0x4 build/syscalls.o
                0x08007bd0                _isatty
 .text._lseek   0x08007bd4        0x4 build/syscalls.o
                0x08007bd4                _lseek
 .text.MX_I2C1_Init
                0x08007bd8       0x60 build/i2c.o
                0x08007bd8                MX_I2C1_Init
 .text.HAL_I2C_MspInit
                0x08007c38       0x98 build/i2c.o
                0x08007c38                HAL_I2C_MspInit
 .text.MX_DMA_Init
                0x08007cd0       0x48 build/dma.o
                0x08007cd0                MX_DMA_Init
 .text.MX_USART1_UART_Init
                0x08007d18       0x68 build/usart.o
                0x08007d18                MX_USART1_UART_Init
 .text.HAL_UART_MspInit
                0x08007d80      0x12c build/usart.o
                0x08007d80                HAL_UART_MspInit
 .text.UART_EndTxTransfer
                0x08007eac       0x32 build/stm32h7xx_hal_uart.o
 *fill*         0x08007ede        0x2 
 .text.UART_EndRxTransfer
                0x08007ee0       0x58 build/stm32h7xx_hal_uart.o
 .text.HAL_UART_Transmit_DMA
                0x08007f38       0x9c build/stm32h7xx_hal_uart.o
                0x08007f38                HAL_UART_Transmit_DMA
 .text.UART_DMATransmitCplt
                0x08007fd4       0x46 build/stm32h7xx_hal_uart.o
 .text.UART_EndTransmit_IT
                0x0800801a       0x24 build/stm32h7xx_hal_uart.o
 .text.HAL_UART_TxHalfCpltCallback
                0x0800803e        0x2 build/stm32h7xx_hal_uart.o
                0x0800803e                HAL_UART_TxHalfCpltCallback
 .text.UART_DMATxHalfCplt
                0x08008040        0xa build/stm32h7xx_hal_uart.o
 .text.HAL_UART_RxHalfCpltCallback
                0x0800804a        0x2 build/stm32h7xx_hal_uart.o
                0x0800804a                HAL_UART_RxHalfCpltCallback
 .text.HAL_UART_ErrorCallback
                0x0800804c        0x2 build/stm32h7xx_hal_uart.o
                0x0800804c                HAL_UART_ErrorCallback
 .text.UART_DMAError
                0x0800804e       0x58 build/stm32h7xx_hal_uart.o
 .text.UART_DMAAbortOnError
                0x080080a6       0x14 build/stm32h7xx_hal_uart.o
 .text.HAL_UARTEx_RxEventCallback
                0x080080ba        0x2 build/stm32h7xx_hal_uart.o
                0x080080ba                HAL_UARTEx_RxEventCallback
 .text.HAL_UART_IRQHandler
                0x080080bc      0x3b8 build/stm32h7xx_hal_uart.o
                0x080080bc                HAL_UART_IRQHandler
 .text.UART_DMARxHalfCplt
                0x08008474       0x20 build/stm32h7xx_hal_uart.o
 .text.UART_DMAReceiveCplt
                0x08008494       0x90 build/stm32h7xx_hal_uart.o
 .text.HAL_UART_GetState
                0x08008524        0xc build/stm32h7xx_hal_uart.o
                0x08008524                HAL_UART_GetState
 .text.UART_SetConfig
                0x08008530      0x5f4 build/stm32h7xx_hal_uart.o
                0x08008530                UART_SetConfig
 .text.UART_AdvFeatureConfig
                0x08008b24       0xca build/stm32h7xx_hal_uart.o
                0x08008b24                UART_AdvFeatureConfig
 .text.UART_WaitOnFlagUntilTimeout
                0x08008bee       0xaa build/stm32h7xx_hal_uart.o
                0x08008bee                UART_WaitOnFlagUntilTimeout
 .text.HAL_UART_Transmit
                0x08008c98       0xd0 build/stm32h7xx_hal_uart.o
                0x08008c98                HAL_UART_Transmit
 .text.UART_CheckIdleState
                0x08008d68       0xca build/stm32h7xx_hal_uart.o
                0x08008d68                UART_CheckIdleState
 .text.HAL_UART_Init
                0x08008e32       0x66 build/stm32h7xx_hal_uart.o
                0x08008e32                HAL_UART_Init
 .text.UART_Start_Receive_DMA
                0x08008e98       0xb0 build/stm32h7xx_hal_uart.o
                0x08008e98                UART_Start_Receive_DMA
 .text.HAL_UART_Receive_DMA
                0x08008f48       0x4c build/stm32h7xx_hal_uart.o
                0x08008f48                HAL_UART_Receive_DMA
 .text.UARTEx_SetNbDataToProcess
                0x08008f94       0x4c build/stm32h7xx_hal_uart_ex.o
 .text.HAL_UARTEx_WakeupCallback
                0x08008fe0        0x2 build/stm32h7xx_hal_uart_ex.o
                0x08008fe0                HAL_UARTEx_WakeupCallback
 .text.HAL_UARTEx_RxFifoFullCallback
                0x08008fe2        0x2 build/stm32h7xx_hal_uart_ex.o
                0x08008fe2                HAL_UARTEx_RxFifoFullCallback
 .text.HAL_UARTEx_TxFifoEmptyCallback
                0x08008fe4        0x2 build/stm32h7xx_hal_uart_ex.o
                0x08008fe4                HAL_UARTEx_TxFifoEmptyCallback
 .text.HAL_UARTEx_DisableFifoMode
                0x08008fe6       0x3e build/stm32h7xx_hal_uart_ex.o
                0x08008fe6                HAL_UARTEx_DisableFifoMode
 .text.HAL_UARTEx_SetTxFifoThreshold
                0x08009024       0x4a build/stm32h7xx_hal_uart_ex.o
                0x08009024                HAL_UARTEx_SetTxFifoThreshold
 .text.HAL_UARTEx_SetRxFifoThreshold
                0x0800906e       0x4a build/stm32h7xx_hal_uart_ex.o
                0x0800906e                HAL_UARTEx_SetRxFifoThreshold
 .text.StartAttitudeTask
                0x080090b8       0xfc build/freertos.o
                0x080090b8                StartAttitudeTask
 .text.StartServoControlTask
                0x080091b4       0x16 build/freertos.o
                0x080091b4                StartServoControlTask
 *fill*         0x080091ca        0x2 
 .text.StartGaitControlTask
                0x080091cc       0x50 build/freertos.o
                0x080091cc                StartGaitControlTask
 .text.MX_FREERTOS_Init
                0x0800921c       0xcc build/freertos.o
                0x0800921c                MX_FREERTOS_Init
 .text.SendAttitudeToHost
                0x080092e8       0x94 build/freertos.o
                0x080092e8                SendAttitudeToHost
 .text.UART_ProcessCommand
                0x0800937c       0x54 build/freertos.o
                0x0800937c                UART_ProcessCommand
 .text.StartSerialCommTask
                0x080093d0       0x5c build/freertos.o
                0x080093d0                StartSerialCommTask
 .text.HAL_UART_TxCpltCallback
                0x0800942c       0x4c build/freertos.o
                0x0800942c                HAL_UART_TxCpltCallback
 .text.HAL_UART_RxCpltCallback
                0x08009478       0x44 build/freertos.o
                0x08009478                HAL_UART_RxCpltCallback
 .text.vListInitialise
                0x080094bc       0x16 build/list.o
                0x080094bc                vListInitialise
 .text.vListInitialiseItem
                0x080094d2        0x6 build/list.o
                0x080094d2                vListInitialiseItem
 .text.vListInsertEnd
                0x080094d8       0x16 build/list.o
                0x080094d8                vListInsertEnd
 .text.vListInsert
                0x080094ee       0x32 build/list.o
                0x080094ee                vListInsert
 .text.uxListRemove
                0x08009520       0x26 build/list.o
                0x08009520                uxListRemove
 .text.prvGetDisinheritPriorityAfterTimeout
                0x08009546       0x10 build/queue.o
 .text.prvIsQueueFull
                0x08009556       0x1e build/queue.o
 .text.prvIsQueueEmpty
                0x08009574       0x1a build/queue.o
 .text.prvCopyDataToQueue
                0x0800958e       0x76 build/queue.o
 .text.prvCopyDataFromQueue
                0x08009604       0x24 build/queue.o
 .text.prvUnlockQueue
                0x08009628       0x6e build/queue.o
 .text.xQueueGenericReset
                0x08009696       0x84 build/queue.o
                0x08009696                xQueueGenericReset
 .text.prvInitialiseNewQueue
                0x0800971a       0x22 build/queue.o
 .text.xQueueGenericCreateStatic
                0x0800973c       0xa6 build/queue.o
                0x0800973c                xQueueGenericCreateStatic
 .text.xQueueGenericCreate
                0x080097e2       0x48 build/queue.o
                0x080097e2                xQueueGenericCreate
 .text.xQueueGenericSend
                0x0800982a      0x188 build/queue.o
                0x0800982a                xQueueGenericSend
 .text.prvInitialiseMutex
                0x080099b2       0x18 build/queue.o
 .text.xQueueCreateMutex
                0x080099ca       0x16 build/queue.o
                0x080099ca                xQueueCreateMutex
 .text.xQueueGenericSendFromISR
                0x080099e0       0xce build/queue.o
                0x080099e0                xQueueGenericSendFromISR
 .text.xQueueGiveFromISR
                0x08009aae       0xb2 build/queue.o
                0x08009aae                xQueueGiveFromISR
 .text.xQueueReceive
                0x08009b60      0x15e build/queue.o
                0x08009b60                xQueueReceive
 .text.xQueueSemaphoreTake
                0x08009cbe      0x1a6 build/queue.o
                0x08009cbe                xQueueSemaphoreTake
 .text.vQueueAddToRegistry
                0x08009e64       0x28 build/queue.o
                0x08009e64                vQueueAddToRegistry
 .text.vQueueWaitForMessageRestricted
                0x08009e8c       0x52 build/queue.o
                0x08009e8c                vQueueWaitForMessageRestricted
 *fill*         0x08009ede        0x2 
 .text.prvResetNextTaskUnblockTime
                0x08009ee0       0x2c build/tasks.o
 .text.prvInitialiseNewTask
                0x08009f0c       0xa6 build/tasks.o
 *fill*         0x08009fb2        0x2 
 .text.prvInitialiseTaskLists
                0x08009fb4       0x68 build/tasks.o
 .text.prvAddNewTaskToReadyList
                0x0800a01c       0xac build/tasks.o
 .text.prvDeleteTCB
                0x0800a0c8       0x38 build/tasks.o
 .text.prvCheckTasksWaitingTermination
                0x0800a100       0x4c build/tasks.o
 .text.prvIdleTask
                0x0800a14c       0x28 build/tasks.o
 .text.prvAddCurrentTaskToDelayedList
                0x0800a174       0x84 build/tasks.o
 .text.xTaskCreateStatic
                0x0800a1f8       0x76 build/tasks.o
                0x0800a1f8                xTaskCreateStatic
 .text.xTaskCreate
                0x0800a26e       0x68 build/tasks.o
                0x0800a26e                xTaskCreate
 *fill*         0x0800a2d6        0x2 
 .text.vTaskStartScheduler
                0x0800a2d8       0x9c build/tasks.o
                0x0800a2d8                vTaskStartScheduler
 .text.vTaskSuspendAll
                0x0800a374       0x10 build/tasks.o
                0x0800a374                vTaskSuspendAll
 .text.xTaskGetTickCount
                0x0800a384        0xc build/tasks.o
                0x0800a384                xTaskGetTickCount
 .text.xTaskIncrementTick
                0x0800a390      0x118 build/tasks.o
                0x0800a390                xTaskIncrementTick
 .text.xTaskResumeAll
                0x0800a4a8       0xf8 build/tasks.o
                0x0800a4a8                xTaskResumeAll
 .text.vTaskDelay
                0x0800a5a0       0x4c build/tasks.o
                0x0800a5a0                vTaskDelay
 .text.vTaskSwitchContext
                0x0800a5ec       0x94 build/tasks.o
                0x0800a5ec                vTaskSwitchContext
 .text.vTaskPlaceOnEventList
                0x0800a680       0x30 build/tasks.o
                0x0800a680                vTaskPlaceOnEventList
 .text.vTaskPlaceOnEventListRestricted
                0x0800a6b0       0x38 build/tasks.o
                0x0800a6b0                vTaskPlaceOnEventListRestricted
 .text.xTaskRemoveFromEventList
                0x0800a6e8       0x8c build/tasks.o
                0x0800a6e8                xTaskRemoveFromEventList
 .text.vTaskInternalSetTimeOutState
                0x0800a774       0x18 build/tasks.o
                0x0800a774                vTaskInternalSetTimeOutState
 .text.xTaskCheckForTimeOut
                0x0800a78c       0x84 build/tasks.o
                0x0800a78c                xTaskCheckForTimeOut
 .text.vTaskMissedYield
                0x0800a810        0xc build/tasks.o
                0x0800a810                vTaskMissedYield
 .text.xTaskGetSchedulerState
                0x0800a81c       0x20 build/tasks.o
                0x0800a81c                xTaskGetSchedulerState
 .text.xTaskPriorityInherit
                0x0800a83c       0x98 build/tasks.o
                0x0800a83c                xTaskPriorityInherit
 .text.xTaskPriorityDisinherit
                0x0800a8d4       0x90 build/tasks.o
                0x0800a8d4                xTaskPriorityDisinherit
 .text.vTaskPriorityDisinheritAfterTimeout
                0x0800a964       0xa0 build/tasks.o
                0x0800a964                vTaskPriorityDisinheritAfterTimeout
 .text.pvTaskIncrementMutexHeldCount
                0x0800aa04       0x1c build/tasks.o
                0x0800aa04                pvTaskIncrementMutexHeldCount
 .text.prvGetNextExpireTime
                0x0800aa20       0x20 build/timers.o
 .text.prvInsertTimerInActiveList
                0x0800aa40       0x50 build/timers.o
 .text.prvCheckForValidListAndQueue
                0x0800aa90       0x70 build/timers.o
 .text.xTimerCreateTimerTask
                0x0800ab00       0x64 build/timers.o
                0x0800ab00                xTimerCreateTimerTask
 .text.xTimerGenericCommand
                0x0800ab64       0x6c build/timers.o
                0x0800ab64                xTimerGenericCommand
 .text.prvSwitchTimerLists
                0x0800abd0       0x7c build/timers.o
 .text.prvSampleTimeNow
                0x0800ac4c       0x2c build/timers.o
 .text.prvProcessExpiredTimer
                0x0800ac78       0x6c build/timers.o
 .text.prvProcessTimerOrBlockTask
                0x0800ace4       0x78 build/timers.o
 .text.prvProcessReceivedCommands
                0x0800ad5c      0x10c build/timers.o
 .text.prvTimerTask
                0x0800ae68       0x16 build/timers.o
 .text.SysTick_Handler
                0x0800ae7e       0x18 build/cmsis_os2.o
                0x0800ae7e                SysTick_Handler
 *fill*         0x0800ae96        0x2 
 .text.osKernelInitialize
                0x0800ae98       0x24 build/cmsis_os2.o
                0x0800ae98                osKernelInitialize
 .text.osKernelStart
                0x0800aebc       0x38 build/cmsis_os2.o
                0x0800aebc                osKernelStart
 .text.osThreadNew
                0x0800aef4       0xbc build/cmsis_os2.o
                0x0800aef4                osThreadNew
 .text.vApplicationGetIdleTaskMemory
                0x0800afb0       0x18 build/cmsis_os2.o
                0x0800afb0                vApplicationGetIdleTaskMemory
 .text.vApplicationGetTimerTaskMemory
                0x0800afc8       0x18 build/cmsis_os2.o
                0x0800afc8                vApplicationGetTimerTaskMemory
 .text.prvHeapInit
                0x0800afe0       0x64 build/heap_4.o
 .text.prvInsertBlockIntoFreeList
                0x0800b044       0x64 build/heap_4.o
 .text.pvPortMalloc
                0x0800b0a8       0xfc build/heap_4.o
                0x0800b0a8                pvPortMalloc
 .text.vPortFree
                0x0800b1a4       0x7c build/heap_4.o
                0x0800b1a4                vPortFree
 .text.prvTaskExitError
                0x0800b220       0x40 build/port.o
 .text.prvPortStartFirstTask
                0x0800b260       0x28 build/port.o
 .text.vPortEnableVFP
                0x0800b288       0x14 build/port.o
 .text.pxPortInitialiseStack
                0x0800b29c       0x2c build/port.o
                0x0800b29c                pxPortInitialiseStack
 *fill*         0x0800b2c8        0x8 
 .text.SVC_Handler
                0x0800b2d0       0x24 build/port.o
                0x0800b2d0                SVC_Handler
 .text.vPortEnterCritical
                0x0800b2f4       0x44 build/port.o
                0x0800b2f4                vPortEnterCritical
 .text.vPortExitCritical
                0x0800b338       0x2c build/port.o
                0x0800b338                vPortExitCritical
 *fill*         0x0800b364        0xc 
 .text.PendSV_Handler
                0x0800b370       0x64 build/port.o
                0x0800b370                PendSV_Handler
 .text.xPortSysTickHandler
                0x0800b3d4       0x2c build/port.o
                0x0800b3d4                xPortSysTickHandler
 .text.vPortSetupTimerInterrupt
                0x0800b400       0x28 build/port.o
                0x0800b400                vPortSetupTimerInterrupt
 .text.xPortStartScheduler
                0x0800b428      0x118 build/port.o
                0x0800b428                xPortStartScheduler
 .text.vPortValidateInterruptPriority
                0x0800b540       0x5c build/port.o
                0x0800b540                vPortValidateInterruptPriority
 .text.Reset_Handler
                0x0800b59c       0x50 build/startup_stm32h743xx.o
                0x0800b59c                Reset_Handler
 .text.Default_Handler
                0x0800b5ec        0x2 build/startup_stm32h743xx.o
                0x0800b5ec                RTC_Alarm_IRQHandler
                0x0800b5ec                EXTI2_IRQHandler
                0x0800b5ec                TIM8_CC_IRQHandler
                0x0800b5ec                HRTIM1_Master_IRQHandler
                0x0800b5ec                UART8_IRQHandler
                0x0800b5ec                SPI4_IRQHandler
                0x0800b5ec                TIM1_CC_IRQHandler
                0x0800b5ec                BDMA_Channel6_IRQHandler
                0x0800b5ec                DMA2_Stream5_IRQHandler
                0x0800b5ec                HRTIM1_FLT_IRQHandler
                0x0800b5ec                JPEG_IRQHandler
                0x0800b5ec                DMA1_Stream5_IRQHandler
                0x0800b5ec                BDMA_Channel1_IRQHandler
                0x0800b5ec                HRTIM1_TIMD_IRQHandler
                0x0800b5ec                TAMP_STAMP_IRQHandler
                0x0800b5ec                EXTI3_IRQHandler
                0x0800b5ec                LPTIM4_IRQHandler
                0x0800b5ec                TIM8_TRG_COM_TIM14_IRQHandler
                0x0800b5ec                LPTIM2_IRQHandler
                0x0800b5ec                DFSDM1_FLT1_IRQHandler
                0x0800b5ec                DMAMUX2_OVR_IRQHandler
                0x0800b5ec                TIM8_UP_TIM13_IRQHandler
                0x0800b5ec                I2C3_ER_IRQHandler
                0x0800b5ec                DFSDM1_FLT2_IRQHandler
                0x0800b5ec                MDMA_IRQHandler
                0x0800b5ec                LPTIM3_IRQHandler
                0x0800b5ec                HSEM1_IRQHandler
                0x0800b5ec                EXTI0_IRQHandler
                0x0800b5ec                I2C2_EV_IRQHandler
                0x0800b5ec                DMA1_Stream2_IRQHandler
                0x0800b5ec                FPU_IRQHandler
                0x0800b5ec                OTG_HS_WKUP_IRQHandler
                0x0800b5ec                FDCAN1_IT1_IRQHandler
                0x0800b5ec                LTDC_ER_IRQHandler
                0x0800b5ec                DMA2_Stream2_IRQHandler
                0x0800b5ec                HRTIM1_TIME_IRQHandler
                0x0800b5ec                SPI1_IRQHandler
                0x0800b5ec                TIM6_DAC_IRQHandler
                0x0800b5ec                DCMI_IRQHandler
                0x0800b5ec                HRTIM1_TIMC_IRQHandler
                0x0800b5ec                DMA2_Stream3_IRQHandler
                0x0800b5ec                SAI2_IRQHandler
                0x0800b5ec                DFSDM1_FLT3_IRQHandler
                0x0800b5ec                USART6_IRQHandler
                0x0800b5ec                TIM17_IRQHandler
                0x0800b5ec                USART3_IRQHandler
                0x0800b5ec                BDMA_Channel7_IRQHandler
                0x0800b5ec                LPTIM5_IRQHandler
                0x0800b5ec                UART5_IRQHandler
                0x0800b5ec                ADC3_IRQHandler
                0x0800b5ec                DMA2_Stream0_IRQHandler
                0x0800b5ec                TIM4_IRQHandler
                0x0800b5ec                BDMA_Channel2_IRQHandler
                0x0800b5ec                QUADSPI_IRQHandler
                0x0800b5ec                I2C1_EV_IRQHandler
                0x0800b5ec                DMA1_Stream6_IRQHandler
                0x0800b5ec                DMAMUX1_OVR_IRQHandler
                0x0800b5ec                TIM16_IRQHandler
                0x0800b5ec                UART4_IRQHandler
                0x0800b5ec                BDMA_Channel5_IRQHandler
                0x0800b5ec                TIM3_IRQHandler
                0x0800b5ec                RCC_IRQHandler
                0x0800b5ec                TIM8_BRK_TIM12_IRQHandler
                0x0800b5ec                TIM1_TRG_COM_IRQHandler
                0x0800b5ec                Default_Handler
                0x0800b5ec                ECC_IRQHandler
                0x0800b5ec                CEC_IRQHandler
                0x0800b5ec                EXTI15_10_IRQHandler
                0x0800b5ec                BDMA_Channel0_IRQHandler
                0x0800b5ec                ADC_IRQHandler
                0x0800b5ec                DMA1_Stream7_IRQHandler
                0x0800b5ec                HRTIM1_TIMA_IRQHandler
                0x0800b5ec                SPI5_IRQHandler
                0x0800b5ec                TIM7_IRQHandler
                0x0800b5ec                SDMMC1_IRQHandler
                0x0800b5ec                TIM5_IRQHandler
                0x0800b5ec                DMA2_Stream7_IRQHandler
                0x0800b5ec                TIM15_IRQHandler
                0x0800b5ec                PVD_AVD_IRQHandler
                0x0800b5ec                I2C3_EV_IRQHandler
                0x0800b5ec                EXTI9_5_IRQHandler
                0x0800b5ec                RTC_WKUP_IRQHandler
                0x0800b5ec                LTDC_IRQHandler
                0x0800b5ec                SAI3_IRQHandler
                0x0800b5ec                ETH_WKUP_IRQHandler
                0x0800b5ec                SPDIF_RX_IRQHandler
                0x0800b5ec                SPI2_IRQHandler
                0x0800b5ec                OTG_HS_EP1_IN_IRQHandler
                0x0800b5ec                CRS_IRQHandler
                0x0800b5ec                EXTI4_IRQHandler
                0x0800b5ec                RNG_IRQHandler
                0x0800b5ec                HRTIM1_TIMB_IRQHandler
                0x0800b5ec                FDCAN2_IT1_IRQHandler
                0x0800b5ec                ETH_IRQHandler
                0x0800b5ec                BDMA_Channel4_IRQHandler
                0x0800b5ec                OTG_HS_EP1_OUT_IRQHandler
                0x0800b5ec                WWDG_IRQHandler
                0x0800b5ec                SPI6_IRQHandler
                0x0800b5ec                MDIOS_IRQHandler
                0x0800b5ec                I2C4_EV_IRQHandler
                0x0800b5ec                FDCAN2_IT0_IRQHandler
                0x0800b5ec                LPUART1_IRQHandler
                0x0800b5ec                FDCAN1_IT0_IRQHandler
                0x0800b5ec                TIM2_IRQHandler
                0x0800b5ec                OTG_FS_WKUP_IRQHandler
                0x0800b5ec                OTG_HS_IRQHandler
                0x0800b5ec                DMA2D_IRQHandler
                0x0800b5ec                TIM1_BRK_IRQHandler
                0x0800b5ec                EXTI1_IRQHandler
                0x0800b5ec                SDMMC2_IRQHandler
                0x0800b5ec                OTG_FS_EP1_OUT_IRQHandler
                0x0800b5ec                BDMA_Channel3_IRQHandler
                0x0800b5ec                UART7_IRQHandler
                0x0800b5ec                MDIOS_WKUP_IRQHandler
                0x0800b5ec                USART2_IRQHandler
                0x0800b5ec                DFSDM1_FLT0_IRQHandler
                0x0800b5ec                SAI4_IRQHandler
                0x0800b5ec                I2C2_ER_IRQHandler
                0x0800b5ec                DMA2_Stream1_IRQHandler
                0x0800b5ec                FLASH_IRQHandler
                0x0800b5ec                DMA2_Stream4_IRQHandler
                0x0800b5ec                OTG_FS_IRQHandler
                0x0800b5ec                SPI3_IRQHandler
                0x0800b5ec                WAKEUP_PIN_IRQHandler
                0x0800b5ec                DMA1_Stream4_IRQHandler
                0x0800b5ec                OTG_FS_EP1_IN_IRQHandler
                0x0800b5ec                I2C1_ER_IRQHandler
                0x0800b5ec                FMC_IRQHandler
                0x0800b5ec                FDCAN_CAL_IRQHandler
                0x0800b5ec                SWPMI1_IRQHandler
                0x0800b5ec                COMP1_IRQHandler
                0x0800b5ec                LPTIM1_IRQHandler
                0x0800b5ec                I2C4_ER_IRQHandler
                0x0800b5ec                DMA2_Stream6_IRQHandler
                0x0800b5ec                SAI1_IRQHandler
                0x0800b5ec                DMA1_Stream3_IRQHandler
 *fill*         0x0800b5ee        0x2 
 .text.__errno  0x0800b5f0        0xc e:/clion/gcc-arm-none-eabi/bin/../lib/gcc/arm-none-eabi/10.3.1/../../../../arm-none-eabi/lib/thumb/v7e-m+dp/hard\libc_nano.a(lib_a-errno.o)
                0x0800b5f0                __errno
 .text.__libc_init_array
                0x0800b5fc       0x48 e:/clion/gcc-arm-none-eabi/bin/../lib/gcc/arm-none-eabi/10.3.1/../../../../arm-none-eabi/lib/thumb/v7e-m+dp/hard\libc_nano.a(lib_a-init.o)
                0x0800b5fc                __libc_init_array
 .text.memcpy   0x0800b644       0x1c e:/clion/gcc-arm-none-eabi/bin/../lib/gcc/arm-none-eabi/10.3.1/../../../../arm-none-eabi/lib/thumb/v7e-m+dp/hard\libc_nano.a(lib_a-memcpy-stub.o)
                0x0800b644                memcpy
 .text.memset   0x0800b660       0x10 e:/clion/gcc-arm-none-eabi/bin/../lib/gcc/arm-none-eabi/10.3.1/../../../../arm-none-eabi/lib/thumb/v7e-m+dp/hard\libc_nano.a(lib_a-memset.o)
                0x0800b660                memset
 .text.__cvt    0x0800b670       0xa4 e:/clion/gcc-arm-none-eabi/bin/../lib/gcc/arm-none-eabi/10.3.1/../../../../arm-none-eabi/lib/thumb/v7e-m+dp/hard\libc_nano.a(lib_a-nano-vfprintf_float.o)
                0x0800b670                __cvt
 .text.__exponent
                0x0800b714       0x7c e:/clion/gcc-arm-none-eabi/bin/../lib/gcc/arm-none-eabi/10.3.1/../../../../arm-none-eabi/lib/thumb/v7e-m+dp/hard\libc_nano.a(lib_a-nano-vfprintf_float.o)
                0x0800b714                __exponent
 .text._printf_float
                0x0800b790      0x43c e:/clion/gcc-arm-none-eabi/bin/../lib/gcc/arm-none-eabi/10.3.1/../../../../arm-none-eabi/lib/thumb/v7e-m+dp/hard\libc_nano.a(lib_a-nano-vfprintf_float.o)
                0x0800b790                _printf_float
 .text._printf_common
                0x0800bbcc       0xda e:/clion/gcc-arm-none-eabi/bin/../lib/gcc/arm-none-eabi/10.3.1/../../../../arm-none-eabi/lib/thumb/v7e-m+dp/hard\libc_nano.a(lib_a-nano-vfprintf_i.o)
                0x0800bbcc                _printf_common
 *fill*         0x0800bca6        0x2 
 .text._printf_i
                0x0800bca8      0x24c e:/clion/gcc-arm-none-eabi/bin/../lib/gcc/arm-none-eabi/10.3.1/../../../../arm-none-eabi/lib/thumb/v7e-m+dp/hard\libc_nano.a(lib_a-nano-vfprintf_i.o)
                0x0800bca8                _printf_i
 .text.swapfunc
                0x0800bef4       0x32 e:/clion/gcc-arm-none-eabi/bin/../lib/gcc/arm-none-eabi/10.3.1/../../../../arm-none-eabi/lib/thumb/v7e-m+dp/hard\libc_nano.a(lib_a-qsort.o)
 .text.med3.constprop.0
                0x0800bf26       0x3e e:/clion/gcc-arm-none-eabi/bin/../lib/gcc/arm-none-eabi/10.3.1/../../../../arm-none-eabi/lib/thumb/v7e-m+dp/hard\libc_nano.a(lib_a-qsort.o)
 .text.qsort    0x0800bf64      0x2a0 e:/clion/gcc-arm-none-eabi/bin/../lib/gcc/arm-none-eabi/10.3.1/../../../../arm-none-eabi/lib/thumb/v7e-m+dp/hard\libc_nano.a(lib_a-qsort.o)
                0x0800bf64                qsort
 .text.snprintf
                0x0800c204       0x68 e:/clion/gcc-arm-none-eabi/bin/../lib/gcc/arm-none-eabi/10.3.1/../../../../arm-none-eabi/lib/thumb/v7e-m+dp/hard\libc_nano.a(lib_a-snprintf.o)
                0x0800c204                sniprintf
                0x0800c204                snprintf
 .text.quorem   0x0800c26c      0x116 e:/clion/gcc-arm-none-eabi/bin/../lib/gcc/arm-none-eabi/10.3.1/../../../../arm-none-eabi/lib/thumb/v7e-m+dp/hard\libc_nano.a(lib_a-dtoa.o)
 *fill*         0x0800c382        0x6 
 .text._dtoa_r  0x0800c388      0xadc e:/clion/gcc-arm-none-eabi/bin/../lib/gcc/arm-none-eabi/10.3.1/../../../../arm-none-eabi/lib/thumb/v7e-m+dp/hard\libc_nano.a(lib_a-dtoa.o)
                0x0800c388                _dtoa_r
 .text._localeconv_r
                0x0800ce64        0x8 e:/clion/gcc-arm-none-eabi/bin/../lib/gcc/arm-none-eabi/10.3.1/../../../../arm-none-eabi/lib/thumb/v7e-m+dp/hard\libc_nano.a(lib_a-localeconv.o)
                0x0800ce64                _localeconv_r
 .text.malloc   0x0800ce6c       0x10 e:/clion/gcc-arm-none-eabi/bin/../lib/gcc/arm-none-eabi/10.3.1/../../../../arm-none-eabi/lib/thumb/v7e-m+dp/hard\libc_nano.a(lib_a-malloc.o)
                0x0800ce6c                malloc
 .text._Balloc  0x0800ce7c       0x80 e:/clion/gcc-arm-none-eabi/bin/../lib/gcc/arm-none-eabi/10.3.1/../../../../arm-none-eabi/lib/thumb/v7e-m+dp/hard\libc_nano.a(lib_a-mprec.o)
                0x0800ce7c                _Balloc
 .text._Bfree   0x0800cefc       0x44 e:/clion/gcc-arm-none-eabi/bin/../lib/gcc/arm-none-eabi/10.3.1/../../../../arm-none-eabi/lib/thumb/v7e-m+dp/hard\libc_nano.a(lib_a-mprec.o)
                0x0800cefc                _Bfree
 .text.__multadd
                0x0800cf40       0x8c e:/clion/gcc-arm-none-eabi/bin/../lib/gcc/arm-none-eabi/10.3.1/../../../../arm-none-eabi/lib/thumb/v7e-m+dp/hard\libc_nano.a(lib_a-mprec.o)
                0x0800cf40                __multadd
 .text.__hi0bits
                0x0800cfcc       0x40 e:/clion/gcc-arm-none-eabi/bin/../lib/gcc/arm-none-eabi/10.3.1/../../../../arm-none-eabi/lib/thumb/v7e-m+dp/hard\libc_nano.a(lib_a-mprec.o)
                0x0800cfcc                __hi0bits
 .text.__lo0bits
                0x0800d00c       0x5e e:/clion/gcc-arm-none-eabi/bin/../lib/gcc/arm-none-eabi/10.3.1/../../../../arm-none-eabi/lib/thumb/v7e-m+dp/hard\libc_nano.a(lib_a-mprec.o)
                0x0800d00c                __lo0bits
 *fill*         0x0800d06a        0x2 
 .text.__i2b    0x0800d06c       0x2c e:/clion/gcc-arm-none-eabi/bin/../lib/gcc/arm-none-eabi/10.3.1/../../../../arm-none-eabi/lib/thumb/v7e-m+dp/hard\libc_nano.a(lib_a-mprec.o)
                0x0800d06c                __i2b
 .text.__multiply
                0x0800d098      0x154 e:/clion/gcc-arm-none-eabi/bin/../lib/gcc/arm-none-eabi/10.3.1/../../../../arm-none-eabi/lib/thumb/v7e-m+dp/hard\libc_nano.a(lib_a-mprec.o)
                0x0800d098                __multiply
 .text.__pow5mult
                0x0800d1ec       0xb4 e:/clion/gcc-arm-none-eabi/bin/../lib/gcc/arm-none-eabi/10.3.1/../../../../arm-none-eabi/lib/thumb/v7e-m+dp/hard\libc_nano.a(lib_a-mprec.o)
                0x0800d1ec                __pow5mult
 .text.__lshift
                0x0800d2a0       0xe0 e:/clion/gcc-arm-none-eabi/bin/../lib/gcc/arm-none-eabi/10.3.1/../../../../arm-none-eabi/lib/thumb/v7e-m+dp/hard\libc_nano.a(lib_a-mprec.o)
                0x0800d2a0                __lshift
 .text.__mcmp   0x0800d380       0x38 e:/clion/gcc-arm-none-eabi/bin/../lib/gcc/arm-none-eabi/10.3.1/../../../../arm-none-eabi/lib/thumb/v7e-m+dp/hard\libc_nano.a(lib_a-mprec.o)
                0x0800d380                __mcmp
 .text.__mdiff  0x0800d3b8      0x114 e:/clion/gcc-arm-none-eabi/bin/../lib/gcc/arm-none-eabi/10.3.1/../../../../arm-none-eabi/lib/thumb/v7e-m+dp/hard\libc_nano.a(lib_a-mprec.o)
                0x0800d3b8                __mdiff
 .text.__d2b    0x0800d4cc       0xb8 e:/clion/gcc-arm-none-eabi/bin/../lib/gcc/arm-none-eabi/10.3.1/../../../../arm-none-eabi/lib/thumb/v7e-m+dp/hard\libc_nano.a(lib_a-mprec.o)
                0x0800d4cc                __d2b
 .text._calloc_r
                0x0800d584       0x2c e:/clion/gcc-arm-none-eabi/bin/../lib/gcc/arm-none-eabi/10.3.1/../../../../arm-none-eabi/lib/thumb/v7e-m+dp/hard\libc_nano.a(lib_a-nano-callocr.o)
                0x0800d584                _calloc_r
 .text._free_r  0x0800d5b0       0x98 e:/clion/gcc-arm-none-eabi/bin/../lib/gcc/arm-none-eabi/10.3.1/../../../../arm-none-eabi/lib/thumb/v7e-m+dp/hard\libc_nano.a(lib_a-nano-freer.o)
                0x0800d5b0                _free_r
 .text.sbrk_aligned
                0x0800d648       0x40 e:/clion/gcc-arm-none-eabi/bin/../lib/gcc/arm-none-eabi/10.3.1/../../../../arm-none-eabi/lib/thumb/v7e-m+dp/hard\libc_nano.a(lib_a-nano-mallocr.o)
 .text._malloc_r
                0x0800d688       0xe8 e:/clion/gcc-arm-none-eabi/bin/../lib/gcc/arm-none-eabi/10.3.1/../../../../arm-none-eabi/lib/thumb/v7e-m+dp/hard\libc_nano.a(lib_a-nano-mallocr.o)
                0x0800d688                _malloc_r
 .text.__ssputs_r
                0x0800d770       0xb6 e:/clion/gcc-arm-none-eabi/bin/../lib/gcc/arm-none-eabi/10.3.1/../../../../arm-none-eabi/lib/thumb/v7e-m+dp/hard\libc_nano.a(lib_a-nano-svfprintf.o)
                0x0800d770                __ssputs_r
 *fill*         0x0800d826        0x2 
 .text._svfprintf_r
                0x0800d828      0x200 e:/clion/gcc-arm-none-eabi/bin/../lib/gcc/arm-none-eabi/10.3.1/../../../../arm-none-eabi/lib/thumb/v7e-m+dp/hard\libc_nano.a(lib_a-nano-svfprintf.o)
                0x0800d828                _svfiprintf_r
                0x0800d828                _svfprintf_r
 .text._sbrk_r  0x0800da28       0x20 e:/clion/gcc-arm-none-eabi/bin/../lib/gcc/arm-none-eabi/10.3.1/../../../../arm-none-eabi/lib/thumb/v7e-m+dp/hard\libc_nano.a(lib_a-sbrkr.o)
                0x0800da28                _sbrk_r
 .text.__assert_func
                0x0800da48       0x3c e:/clion/gcc-arm-none-eabi/bin/../lib/gcc/arm-none-eabi/10.3.1/../../../../arm-none-eabi/lib/thumb/v7e-m+dp/hard\libc_nano.a(lib_a-assert.o)
                0x0800da48                __assert_func
 .text.fprintf  0x0800da84       0x24 e:/clion/gcc-arm-none-eabi/bin/../lib/gcc/arm-none-eabi/10.3.1/../../../../arm-none-eabi/lib/thumb/v7e-m+dp/hard\libc_nano.a(lib_a-fprintf.o)
                0x0800da84                fiprintf
                0x0800da84                fprintf
 .text.__ascii_mbtowc
                0x0800daa8       0x24 e:/clion/gcc-arm-none-eabi/bin/../lib/gcc/arm-none-eabi/10.3.1/../../../../arm-none-eabi/lib/thumb/v7e-m+dp/hard\libc_nano.a(lib_a-mbtowc_r.o)
                0x0800daa8                __ascii_mbtowc
 .text.memmove  0x0800dacc       0x34 e:/clion/gcc-arm-none-eabi/bin/../lib/gcc/arm-none-eabi/10.3.1/../../../../arm-none-eabi/lib/thumb/v7e-m+dp/hard\libc_nano.a(lib_a-memmove.o)
                0x0800dacc                memmove
 .text.__malloc_lock
                0x0800db00        0xc e:/clion/gcc-arm-none-eabi/bin/../lib/gcc/arm-none-eabi/10.3.1/../../../../arm-none-eabi/lib/thumb/v7e-m+dp/hard\libc_nano.a(lib_a-mlock.o)
                0x0800db00                __malloc_lock
 .text.__malloc_unlock
                0x0800db0c        0xc e:/clion/gcc-arm-none-eabi/bin/../lib/gcc/arm-none-eabi/10.3.1/../../../../arm-none-eabi/lib/thumb/v7e-m+dp/hard\libc_nano.a(lib_a-mlock.o)
                0x0800db0c                __malloc_unlock
 .text._realloc_r
                0x0800db18       0x5e e:/clion/gcc-arm-none-eabi/bin/../lib/gcc/arm-none-eabi/10.3.1/../../../../arm-none-eabi/lib/thumb/v7e-m+dp/hard\libc_nano.a(lib_a-nano-reallocr.o)
                0x0800db18                _realloc_r
 .text.__sfputc_r
                0x0800db76       0x2e e:/clion/gcc-arm-none-eabi/bin/../lib/gcc/arm-none-eabi/10.3.1/../../../../arm-none-eabi/lib/thumb/v7e-m+dp/hard\libc_nano.a(lib_a-nano-vfprintf.o)
 .text.__sfputs_r
                0x0800dba4       0x24 e:/clion/gcc-arm-none-eabi/bin/../lib/gcc/arm-none-eabi/10.3.1/../../../../arm-none-eabi/lib/thumb/v7e-m+dp/hard\libc_nano.a(lib_a-nano-vfprintf.o)
                0x0800dba4                __sfputs_r
 .text._vfprintf_r
                0x0800dbc8      0x260 e:/clion/gcc-arm-none-eabi/bin/../lib/gcc/arm-none-eabi/10.3.1/../../../../arm-none-eabi/lib/thumb/v7e-m+dp/hard\libc_nano.a(lib_a-nano-vfprintf.o)
                0x0800dbc8                _vfprintf_r
                0x0800dbc8                _vfiprintf_r
 .text.__swbuf_r
                0x0800de28       0xa4 e:/clion/gcc-arm-none-eabi/bin/../lib/gcc/arm-none-eabi/10.3.1/../../../../arm-none-eabi/lib/thumb/v7e-m+dp/hard\libc_nano.a(lib_a-wbuf.o)
                0x0800de28                __swbuf_r
 .text.__ascii_wctomb
                0x0800decc       0x1a e:/clion/gcc-arm-none-eabi/bin/../lib/gcc/arm-none-eabi/10.3.1/../../../../arm-none-eabi/lib/thumb/v7e-m+dp/hard\libc_nano.a(lib_a-wctomb_r.o)
                0x0800decc                __ascii_wctomb
 *fill*         0x0800dee6        0x2 
 .text.__swsetup_r
                0x0800dee8       0xdc e:/clion/gcc-arm-none-eabi/bin/../lib/gcc/arm-none-eabi/10.3.1/../../../../arm-none-eabi/lib/thumb/v7e-m+dp/hard\libc_nano.a(lib_a-wsetup.o)
                0x0800dee8                __swsetup_r
 .text.abort    0x0800dfc4        0xe e:/clion/gcc-arm-none-eabi/bin/../lib/gcc/arm-none-eabi/10.3.1/../../../../arm-none-eabi/lib/thumb/v7e-m+dp/hard\libc_nano.a(lib_a-abort.o)
                0x0800dfc4                abort
 *fill*         0x0800dfd2        0x2 
 .text.__sflush_r
                0x0800dfd4      0x10c e:/clion/gcc-arm-none-eabi/bin/../lib/gcc/arm-none-eabi/10.3.1/../../../../arm-none-eabi/lib/thumb/v7e-m+dp/hard\libc_nano.a(lib_a-fflush.o)
                0x0800dfd4                __sflush_r
 .text._fflush_r
                0x0800e0e0       0x78 e:/clion/gcc-arm-none-eabi/bin/../lib/gcc/arm-none-eabi/10.3.1/../../../../arm-none-eabi/lib/thumb/v7e-m+dp/hard\libc_nano.a(lib_a-fflush.o)
                0x0800e0e0                _fflush_r
 .text.std      0x0800e158       0x48 e:/clion/gcc-arm-none-eabi/bin/../lib/gcc/arm-none-eabi/10.3.1/../../../../arm-none-eabi/lib/thumb/v7e-m+dp/hard\libc_nano.a(lib_a-findfp.o)
 .text._cleanup_r
                0x0800e1a0        0xc e:/clion/gcc-arm-none-eabi/bin/../lib/gcc/arm-none-eabi/10.3.1/../../../../arm-none-eabi/lib/thumb/v7e-m+dp/hard\libc_nano.a(lib_a-findfp.o)
                0x0800e1a0                _cleanup_r
 .text.__sfmoreglue
                0x0800e1ac       0x2c e:/clion/gcc-arm-none-eabi/bin/../lib/gcc/arm-none-eabi/10.3.1/../../../../arm-none-eabi/lib/thumb/v7e-m+dp/hard\libc_nano.a(lib_a-findfp.o)
                0x0800e1ac                __sfmoreglue
 .text.__sfp_lock_acquire
                0x0800e1d8        0xc e:/clion/gcc-arm-none-eabi/bin/../lib/gcc/arm-none-eabi/10.3.1/../../../../arm-none-eabi/lib/thumb/v7e-m+dp/hard\libc_nano.a(lib_a-findfp.o)
                0x0800e1d8                __sfp_lock_acquire
 .text.__sfp_lock_release
                0x0800e1e4        0xc e:/clion/gcc-arm-none-eabi/bin/../lib/gcc/arm-none-eabi/10.3.1/../../../../arm-none-eabi/lib/thumb/v7e-m+dp/hard\libc_nano.a(lib_a-findfp.o)
                0x0800e1e4                __sfp_lock_release
 .text.__sinit_lock_acquire
                0x0800e1f0        0xc e:/clion/gcc-arm-none-eabi/bin/../lib/gcc/arm-none-eabi/10.3.1/../../../../arm-none-eabi/lib/thumb/v7e-m+dp/hard\libc_nano.a(lib_a-findfp.o)
                0x0800e1f0                __sinit_lock_acquire
 .text.__sinit_lock_release
                0x0800e1fc        0xc e:/clion/gcc-arm-none-eabi/bin/../lib/gcc/arm-none-eabi/10.3.1/../../../../arm-none-eabi/lib/thumb/v7e-m+dp/hard\libc_nano.a(lib_a-findfp.o)
                0x0800e1fc                __sinit_lock_release
 .text.__sinit  0x0800e208       0x70 e:/clion/gcc-arm-none-eabi/bin/../lib/gcc/arm-none-eabi/10.3.1/../../../../arm-none-eabi/lib/thumb/v7e-m+dp/hard\libc_nano.a(lib_a-findfp.o)
                0x0800e208                __sinit
 .text.__sfp    0x0800e278       0x8c e:/clion/gcc-arm-none-eabi/bin/../lib/gcc/arm-none-eabi/10.3.1/../../../../arm-none-eabi/lib/thumb/v7e-m+dp/hard\libc_nano.a(lib_a-findfp.o)
                0x0800e278                __sfp
 .text._fwalk_reent
                0x0800e304       0x3e e:/clion/gcc-arm-none-eabi/bin/../lib/gcc/arm-none-eabi/10.3.1/../../../../arm-none-eabi/lib/thumb/v7e-m+dp/hard\libc_nano.a(lib_a-fwalk.o)
                0x0800e304                _fwalk_reent
 .text.__retarget_lock_init_recursive
                0x0800e342        0x2 e:/clion/gcc-arm-none-eabi/bin/../lib/gcc/arm-none-eabi/10.3.1/../../../../arm-none-eabi/lib/thumb/v7e-m+dp/hard\libc_nano.a(lib_a-lock.o)
                0x0800e342                __retarget_lock_init_recursive
 .text.__retarget_lock_acquire_recursive
                0x0800e344        0x2 e:/clion/gcc-arm-none-eabi/bin/../lib/gcc/arm-none-eabi/10.3.1/../../../../arm-none-eabi/lib/thumb/v7e-m+dp/hard\libc_nano.a(lib_a-lock.o)
                0x0800e344                __retarget_lock_acquire_recursive
 .text.__retarget_lock_release_recursive
                0x0800e346        0x2 e:/clion/gcc-arm-none-eabi/bin/../lib/gcc/arm-none-eabi/10.3.1/../../../../arm-none-eabi/lib/thumb/v7e-m+dp/hard\libc_nano.a(lib_a-lock.o)
                0x0800e346                __retarget_lock_release_recursive
 .text.__swhatbuf_r
                0x0800e348       0x4a e:/clion/gcc-arm-none-eabi/bin/../lib/gcc/arm-none-eabi/10.3.1/../../../../arm-none-eabi/lib/thumb/v7e-m+dp/hard\libc_nano.a(lib_a-makebuf.o)
                0x0800e348                __swhatbuf_r
 *fill*         0x0800e392        0x2 
 .text.__smakebuf_r
                0x0800e394       0x80 e:/clion/gcc-arm-none-eabi/bin/../lib/gcc/arm-none-eabi/10.3.1/../../../../arm-none-eabi/lib/thumb/v7e-m+dp/hard\libc_nano.a(lib_a-makebuf.o)
                0x0800e394                __smakebuf_r
 .text._malloc_usable_size_r
                0x0800e414       0x10 e:/clion/gcc-arm-none-eabi/bin/../lib/gcc/arm-none-eabi/10.3.1/../../../../arm-none-eabi/lib/thumb/v7e-m+dp/hard\libc_nano.a(lib_a-nano-msizer.o)
                0x0800e414                _malloc_usable_size_r
 .text._raise_r
                0x0800e424       0x50 e:/clion/gcc-arm-none-eabi/bin/../lib/gcc/arm-none-eabi/10.3.1/../../../../arm-none-eabi/lib/thumb/v7e-m+dp/hard\libc_nano.a(lib_a-signal.o)
                0x0800e424                _raise_r
 .text.raise    0x0800e474       0x10 e:/clion/gcc-arm-none-eabi/bin/../lib/gcc/arm-none-eabi/10.3.1/../../../../arm-none-eabi/lib/thumb/v7e-m+dp/hard\libc_nano.a(lib_a-signal.o)
                0x0800e474                raise
 .text._kill_r  0x0800e484       0x24 e:/clion/gcc-arm-none-eabi/bin/../lib/gcc/arm-none-eabi/10.3.1/../../../../arm-none-eabi/lib/thumb/v7e-m+dp/hard\libc_nano.a(lib_a-signalr.o)
                0x0800e484                _kill_r
 .text._getpid_r
                0x0800e4a8        0x4 e:/clion/gcc-arm-none-eabi/bin/../lib/gcc/arm-none-eabi/10.3.1/../../../../arm-none-eabi/lib/thumb/v7e-m+dp/hard\libc_nano.a(lib_a-signalr.o)
                0x0800e4a8                _getpid_r
 .text.__sread  0x0800e4ac       0x22 e:/clion/gcc-arm-none-eabi/bin/../lib/gcc/arm-none-eabi/10.3.1/../../../../arm-none-eabi/lib/thumb/v7e-m+dp/hard\libc_nano.a(lib_a-stdio.o)
                0x0800e4ac                __sread
 .text.__swrite
                0x0800e4ce       0x38 e:/clion/gcc-arm-none-eabi/bin/../lib/gcc/arm-none-eabi/10.3.1/../../../../arm-none-eabi/lib/thumb/v7e-m+dp/hard\libc_nano.a(lib_a-stdio.o)
                0x0800e4ce                __swrite
 .text.__sseek  0x0800e506       0x24 e:/clion/gcc-arm-none-eabi/bin/../lib/gcc/arm-none-eabi/10.3.1/../../../../arm-none-eabi/lib/thumb/v7e-m+dp/hard\libc_nano.a(lib_a-stdio.o)
                0x0800e506                __sseek
 .text.__sclose
                0x0800e52a        0x8 e:/clion/gcc-arm-none-eabi/bin/../lib/gcc/arm-none-eabi/10.3.1/../../../../arm-none-eabi/lib/thumb/v7e-m+dp/hard\libc_nano.a(lib_a-stdio.o)
                0x0800e52a                __sclose
 *fill*         0x0800e532        0x2 
 .text._write_r
                0x0800e534       0x24 e:/clion/gcc-arm-none-eabi/bin/../lib/gcc/arm-none-eabi/10.3.1/../../../../arm-none-eabi/lib/thumb/v7e-m+dp/hard\libc_nano.a(lib_a-writer.o)
                0x0800e534                _write_r
 .text._close_r
                0x0800e558       0x20 e:/clion/gcc-arm-none-eabi/bin/../lib/gcc/arm-none-eabi/10.3.1/../../../../arm-none-eabi/lib/thumb/v7e-m+dp/hard\libc_nano.a(lib_a-closer.o)
                0x0800e558                _close_r
 .text._fstat_r
                0x0800e578       0x24 e:/clion/gcc-arm-none-eabi/bin/../lib/gcc/arm-none-eabi/10.3.1/../../../../arm-none-eabi/lib/thumb/v7e-m+dp/hard\libc_nano.a(lib_a-fstatr.o)
                0x0800e578                _fstat_r
 .text._isatty_r
                0x0800e59c       0x20 e:/clion/gcc-arm-none-eabi/bin/../lib/gcc/arm-none-eabi/10.3.1/../../../../arm-none-eabi/lib/thumb/v7e-m+dp/hard\libc_nano.a(lib_a-isattyr.o)
                0x0800e59c                _isatty_r
 .text._lseek_r
                0x0800e5bc       0x24 e:/clion/gcc-arm-none-eabi/bin/../lib/gcc/arm-none-eabi/10.3.1/../../../../arm-none-eabi/lib/thumb/v7e-m+dp/hard\libc_nano.a(lib_a-lseekr.o)
                0x0800e5bc                _lseek_r
 .text._read_r  0x0800e5e0       0x24 e:/clion/gcc-arm-none-eabi/bin/../lib/gcc/arm-none-eabi/10.3.1/../../../../arm-none-eabi/lib/thumb/v7e-m+dp/hard\libc_nano.a(lib_a-readr.o)
                0x0800e5e0                _read_r
 *fill*         0x0800e604        0x4 
 .text.cosf     0x0800e608      0x1bc e:/clion/gcc-arm-none-eabi/bin/../lib/gcc/arm-none-eabi/10.3.1/../../../../arm-none-eabi/lib/thumb/v7e-m+dp/hard\libm.a(lib_a-cosf.o)
                0x0800e608                cosf
 .text.with_errnof
                0x0800e7c4       0x18 e:/clion/gcc-arm-none-eabi/bin/../lib/gcc/arm-none-eabi/10.3.1/../../../../arm-none-eabi/lib/thumb/v7e-m+dp/hard\libm.a(lib_a-math_errf.o)
 .text.__math_invalidf
                0x0800e7dc       0x20 e:/clion/gcc-arm-none-eabi/bin/../lib/gcc/arm-none-eabi/10.3.1/../../../../arm-none-eabi/lib/thumb/v7e-m+dp/hard\libm.a(lib_a-math_errf.o)
                0x0800e7dc                __math_invalidf
 *fill*         0x0800e7fc        0x4 
 .text.sinf     0x0800e800      0x20c e:/clion/gcc-arm-none-eabi/bin/../lib/gcc/arm-none-eabi/10.3.1/../../../../arm-none-eabi/lib/thumb/v7e-m+dp/hard\libm.a(lib_a-sinf.o)
                0x0800e800                sinf
 *fill*         0x0800ea0c        0x4 
 .text.sqrt     0x0800ea10       0x48 e:/clion/gcc-arm-none-eabi/bin/../lib/gcc/arm-none-eabi/10.3.1/../../../../arm-none-eabi/lib/thumb/v7e-m+dp/hard\libm.a(lib_a-w_sqrt.o)
                0x0800ea10                sqrt
 .text.acosf    0x0800ea58       0x58 e:/clion/gcc-arm-none-eabi/bin/../lib/gcc/arm-none-eabi/10.3.1/../../../../arm-none-eabi/lib/thumb/v7e-m+dp/hard\libm.a(lib_a-wf_acos.o)
                0x0800ea58                acosf
 .text.asinf    0x0800eab0       0x58 e:/clion/gcc-arm-none-eabi/bin/../lib/gcc/arm-none-eabi/10.3.1/../../../../arm-none-eabi/lib/thumb/v7e-m+dp/hard\libm.a(lib_a-wf_asin.o)
                0x0800eab0                asinf
 .text.atan2f   0x0800eb08        0x4 e:/clion/gcc-arm-none-eabi/bin/../lib/gcc/arm-none-eabi/10.3.1/../../../../arm-none-eabi/lib/thumb/v7e-m+dp/hard\libm.a(lib_a-wf_atan2.o)
                0x0800eb08                atan2f
 .text.sqrtf    0x0800eb0c       0x44 e:/clion/gcc-arm-none-eabi/bin/../lib/gcc/arm-none-eabi/10.3.1/../../../../arm-none-eabi/lib/thumb/v7e-m+dp/hard\libm.a(lib_a-wf_sqrt.o)
                0x0800eb0c                sqrtf
 .text.__ieee754_sqrt
                0x0800eb50        0x8 e:/clion/gcc-arm-none-eabi/bin/../lib/gcc/arm-none-eabi/10.3.1/../../../../arm-none-eabi/lib/thumb/v7e-m+dp/hard\libm.a(lib_a-e_sqrt.o)
                0x0800eb50                __ieee754_sqrt
 .text.__ieee754_acosf
                0x0800eb58      0x248 e:/clion/gcc-arm-none-eabi/bin/../lib/gcc/arm-none-eabi/10.3.1/../../../../arm-none-eabi/lib/thumb/v7e-m+dp/hard\libm.a(lib_a-ef_acos.o)
                0x0800eb58                __ieee754_acosf
 .text.__ieee754_asinf
                0x0800eda0      0x20c e:/clion/gcc-arm-none-eabi/bin/../lib/gcc/arm-none-eabi/10.3.1/../../../../arm-none-eabi/lib/thumb/v7e-m+dp/hard\libm.a(lib_a-ef_asin.o)
                0x0800eda0                __ieee754_asinf
 .text.__ieee754_atan2f
                0x0800efac      0x14c e:/clion/gcc-arm-none-eabi/bin/../lib/gcc/arm-none-eabi/10.3.1/../../../../arm-none-eabi/lib/thumb/v7e-m+dp/hard\libm.a(lib_a-ef_atan2.o)
                0x0800efac                __ieee754_atan2f
 .text.__ieee754_sqrtf
                0x0800f0f8        0x8 e:/clion/gcc-arm-none-eabi/bin/../lib/gcc/arm-none-eabi/10.3.1/../../../../arm-none-eabi/lib/thumb/v7e-m+dp/hard\libm.a(lib_a-ef_sqrt.o)
                0x0800f0f8                __ieee754_sqrtf
 .text.atanf    0x0800f100      0x1b0 e:/clion/gcc-arm-none-eabi/bin/../lib/gcc/arm-none-eabi/10.3.1/../../../../arm-none-eabi/lib/thumb/v7e-m+dp/hard\libm.a(lib_a-sf_atan.o)
                0x0800f100                atanf
 .text.fabsf    0x0800f2b0       0x10 e:/clion/gcc-arm-none-eabi/bin/../lib/gcc/arm-none-eabi/10.3.1/../../../../arm-none-eabi/lib/thumb/v7e-m+dp/hard\libm.a(lib_a-sf_fabs.o)
                0x0800f2b0                fabsf
 .text.nanf     0x0800f2c0        0xc e:/clion/gcc-arm-none-eabi/bin/../lib/gcc/arm-none-eabi/10.3.1/../../../../arm-none-eabi/lib/thumb/v7e-m+dp/hard\libm.a(lib_a-sf_nan.o)
                0x0800f2c0                nanf
 *(.glue_7)
 .glue_7        0x0800f2cc        0x0 linker stubs
 *(.glue_7t)
 .glue_7t       0x0800f2cc        0x0 linker stubs
 *(.eh_frame)
 .eh_frame      0x0800f2cc        0x0 e:/clion/gcc-arm-none-eabi/bin/../lib/gcc/arm-none-eabi/10.3.1/thumb/v7e-m+dp/hard/crtbegin.o
 *(.init)
 .init          0x0800f2cc        0x4 e:/clion/gcc-arm-none-eabi/bin/../lib/gcc/arm-none-eabi/10.3.1/thumb/v7e-m+dp/hard/crti.o
                0x0800f2cc                _init
 .init          0x0800f2d0        0x8 e:/clion/gcc-arm-none-eabi/bin/../lib/gcc/arm-none-eabi/10.3.1/thumb/v7e-m+dp/hard/crtn.o
 *(.fini)
 .fini          0x0800f2d8        0x4 e:/clion/gcc-arm-none-eabi/bin/../lib/gcc/arm-none-eabi/10.3.1/thumb/v7e-m+dp/hard/crti.o
                0x0800f2d8                _fini
 .fini          0x0800f2dc        0x8 e:/clion/gcc-arm-none-eabi/bin/../lib/gcc/arm-none-eabi/10.3.1/thumb/v7e-m+dp/hard/crtn.o
                0x0800f2e4                . = ALIGN (0x4)
                0x0800f2e4                _etext = .

.vfp11_veneer   0x0800f2e4        0x0
 .vfp11_veneer  0x0800f2e4        0x0 linker stubs

.v4_bx          0x0800f2e4        0x0
 .v4_bx         0x0800f2e4        0x0 linker stubs

.iplt           0x0800f2e4        0x0
 .iplt          0x0800f2e4        0x0 e:/clion/gcc-arm-none-eabi/bin/../lib/gcc/arm-none-eabi/10.3.1/thumb/v7e-m+dp/hard/crtbegin.o

.rodata         0x0800f2e8      0x778
                0x0800f2e8                . = ALIGN (0x4)
 *(.rodata)
 *(.rodata*)
 .rodata.main.str1.4
                0x0800f2e8       0x1b build/main.o
 *fill*         0x0800f303        0x1 
 .rodata.MPU9250_Init.str1.4
                0x0800f304       0x1a build/mpu9250.o
 *fill*         0x0800f31e        0x2 
 .rodata.servo_channels
                0x0800f320       0x24 build/servo_control.o
 .rodata.servo_timers
                0x0800f344       0x24 build/servo_control.o
 .rodata.flagBitshiftOffset.0
                0x0800f368        0x8 build/stm32h7xx_hal_dma.o
 .rodata.D1CorePrescTable
                0x0800f370       0x10 build/system_stm32h7xx.o
                0x0800f370                D1CorePrescTable
 .rodata.UARTPrescTable
                0x0800f380       0x18 build/stm32h7xx_hal_uart.o
                0x0800f380                UARTPrescTable
 .rodata.denominator.0
                0x0800f398        0x8 build/stm32h7xx_hal_uart_ex.o
 .rodata.numerator.1
                0x0800f3a0        0x8 build/stm32h7xx_hal_uart_ex.o
 .rodata.StartAttitudeTask.str1.4
                0x0800f3a8       0x15 build/freertos.o
 *fill*         0x0800f3bd        0x3 
 .rodata.SendAttitudeToHost.str1.4
                0x0800f3c0       0x15 build/freertos.o
 *fill*         0x0800f3d5        0x3 
 .rodata.str1.4
                0x0800f3d8       0x3d build/freertos.o
 *fill*         0x0800f415        0x3 
 .rodata.AttitudeTask_attributes
                0x0800f418       0x24 build/freertos.o
                0x0800f418                AttitudeTask_attributes
 .rodata.GaitControlTask_attributes
                0x0800f43c       0x24 build/freertos.o
                0x0800f43c                GaitControlTask_attributes
 .rodata.SerialCommTask_attributes
                0x0800f460       0x24 build/freertos.o
                0x0800f460                SerialCommTask_attributes
 .rodata.ServoControlTas_attributes
                0x0800f484       0x24 build/freertos.o
                0x0800f484                ServoControlTas_attributes
 .rodata.vTaskStartScheduler.str1.4
                0x0800f4a8        0x5 build/tasks.o
 *fill*         0x0800f4ad        0x3 
 .rodata.prvCheckForValidListAndQueue.str1.4
                0x0800f4b0        0x5 build/timers.o
 *fill*         0x0800f4b5        0x3 
 .rodata.xTimerCreateTimerTask.str1.4
                0x0800f4b8        0x8 build/timers.o
 .rodata._global_impure_ptr
                0x0800f4c0        0x4 e:/clion/gcc-arm-none-eabi/bin/../lib/gcc/arm-none-eabi/10.3.1/../../../../arm-none-eabi/lib/thumb/v7e-m+dp/hard\libc_nano.a(lib_a-impure.o)
                0x0800f4c0                _global_impure_ptr
 .rodata._printf_float.str1.1
                0x0800f4c4       0x12 e:/clion/gcc-arm-none-eabi/bin/../lib/gcc/arm-none-eabi/10.3.1/../../../../arm-none-eabi/lib/thumb/v7e-m+dp/hard\libc_nano.a(lib_a-nano-vfprintf_float.o)
 .rodata._printf_i.str1.1
                0x0800f4d6       0x22 e:/clion/gcc-arm-none-eabi/bin/../lib/gcc/arm-none-eabi/10.3.1/../../../../arm-none-eabi/lib/thumb/v7e-m+dp/hard\libc_nano.a(lib_a-nano-vfprintf_i.o)
 .rodata._dtoa_r.str1.1
                0x0800f4f8       0xb3 e:/clion/gcc-arm-none-eabi/bin/../lib/gcc/arm-none-eabi/10.3.1/../../../../arm-none-eabi/lib/thumb/v7e-m+dp/hard\libc_nano.a(lib_a-dtoa.o)
                                 0xb5 (size before relaxing)
 .rodata._Balloc.str1.1
                0x0800f5ab       0x7f e:/clion/gcc-arm-none-eabi/bin/../lib/gcc/arm-none-eabi/10.3.1/../../../../arm-none-eabi/lib/thumb/v7e-m+dp/hard\libc_nano.a(lib_a-mprec.o)
                                 0x96 (size before relaxing)
 .rodata.__multadd.str1.1
                0x0800f62a       0x11 e:/clion/gcc-arm-none-eabi/bin/../lib/gcc/arm-none-eabi/10.3.1/../../../../arm-none-eabi/lib/thumb/v7e-m+dp/hard\libc_nano.a(lib_a-mprec.o)
 *fill*         0x0800f62a        0x6 
 .rodata.__mprec_bigtens
                0x0800f630       0x28 e:/clion/gcc-arm-none-eabi/bin/../lib/gcc/arm-none-eabi/10.3.1/../../../../arm-none-eabi/lib/thumb/v7e-m+dp/hard\libc_nano.a(lib_a-mprec.o)
                0x0800f630                __mprec_bigtens
 .rodata.__mprec_tens
                0x0800f658       0xc8 e:/clion/gcc-arm-none-eabi/bin/../lib/gcc/arm-none-eabi/10.3.1/../../../../arm-none-eabi/lib/thumb/v7e-m+dp/hard\libc_nano.a(lib_a-mprec.o)
                0x0800f658                __mprec_tens
 .rodata.p05.0  0x0800f720        0xc e:/clion/gcc-arm-none-eabi/bin/../lib/gcc/arm-none-eabi/10.3.1/../../../../arm-none-eabi/lib/thumb/v7e-m+dp/hard\libc_nano.a(lib_a-mprec.o)
 .rodata._svfprintf_r.str1.1
                0x0800f72c       0x11 e:/clion/gcc-arm-none-eabi/bin/../lib/gcc/arm-none-eabi/10.3.1/../../../../arm-none-eabi/lib/thumb/v7e-m+dp/hard\libc_nano.a(lib_a-nano-svfprintf.o)
 .rodata.__assert_func.str1.1
                0x0800f73d       0x3c e:/clion/gcc-arm-none-eabi/bin/../lib/gcc/arm-none-eabi/10.3.1/../../../../arm-none-eabi/lib/thumb/v7e-m+dp/hard\libc_nano.a(lib_a-assert.o)
                                 0x3d (size before relaxing)
 .rodata._setlocale_r.str1.1
                0x0800f779        0x8 e:/clion/gcc-arm-none-eabi/bin/../lib/gcc/arm-none-eabi/10.3.1/../../../../arm-none-eabi/lib/thumb/v7e-m+dp/hard\libc_nano.a(lib_a-locale.o)
                                  0x9 (size before relaxing)
 .rodata.str1.1
                0x0800f781        0x2 e:/clion/gcc-arm-none-eabi/bin/../lib/gcc/arm-none-eabi/10.3.1/../../../../arm-none-eabi/lib/thumb/v7e-m+dp/hard\libc_nano.a(lib_a-locale.o)
 .rodata._vfprintf_r.str1.1
                0x0800f783       0x11 e:/clion/gcc-arm-none-eabi/bin/../lib/gcc/arm-none-eabi/10.3.1/../../../../arm-none-eabi/lib/thumb/v7e-m+dp/hard\libc_nano.a(lib_a-nano-vfprintf.o)
 .rodata._ctype_
                0x0800f783      0x101 e:/clion/gcc-arm-none-eabi/bin/../lib/gcc/arm-none-eabi/10.3.1/../../../../arm-none-eabi/lib/thumb/v7e-m+dp/hard\libc_nano.a(lib_a-ctype_.o)
                0x0800f783                _ctype_
 .rodata.__sf_fake_stderr
                0x0800f884       0x20 e:/clion/gcc-arm-none-eabi/bin/../lib/gcc/arm-none-eabi/10.3.1/../../../../arm-none-eabi/lib/thumb/v7e-m+dp/hard\libc_nano.a(lib_a-findfp.o)
                0x0800f884                __sf_fake_stderr
 .rodata.__sf_fake_stdin
                0x0800f8a4       0x20 e:/clion/gcc-arm-none-eabi/bin/../lib/gcc/arm-none-eabi/10.3.1/../../../../arm-none-eabi/lib/thumb/v7e-m+dp/hard\libc_nano.a(lib_a-findfp.o)
                0x0800f8a4                __sf_fake_stdin
 .rodata.__sf_fake_stdout
                0x0800f8c4       0x20 e:/clion/gcc-arm-none-eabi/bin/../lib/gcc/arm-none-eabi/10.3.1/../../../../arm-none-eabi/lib/thumb/v7e-m+dp/hard\libc_nano.a(lib_a-findfp.o)
                0x0800f8c4                __sf_fake_stdout
 .rodata.__inv_pio4
                0x0800f8e4       0x60 e:/clion/gcc-arm-none-eabi/bin/../lib/gcc/arm-none-eabi/10.3.1/../../../../arm-none-eabi/lib/thumb/v7e-m+dp/hard\libm.a(lib_a-sincosf_data.o)
                0x0800f8e4                __inv_pio4
 *fill*         0x0800f944        0x4 
 .rodata.__sincosf_table
                0x0800f948       0xe0 e:/clion/gcc-arm-none-eabi/bin/../lib/gcc/arm-none-eabi/10.3.1/../../../../arm-none-eabi/lib/thumb/v7e-m+dp/hard\libm.a(lib_a-sincosf_data.o)
                0x0800f948                __sincosf_table
 .rodata.acosf.str1.4
                0x0800fa28        0x8 e:/clion/gcc-arm-none-eabi/bin/../lib/gcc/arm-none-eabi/10.3.1/../../../../arm-none-eabi/lib/thumb/v7e-m+dp/hard\libm.a(lib_a-wf_acos.o)
                                  0x1 (size before relaxing)
 .rodata.asinf.str1.4
                0x0800fa28        0x1 e:/clion/gcc-arm-none-eabi/bin/../lib/gcc/arm-none-eabi/10.3.1/../../../../arm-none-eabi/lib/thumb/v7e-m+dp/hard\libm.a(lib_a-wf_asin.o)
 .rodata.CSWTCH.8
                0x0800fa28        0xc e:/clion/gcc-arm-none-eabi/bin/../lib/gcc/arm-none-eabi/10.3.1/../../../../arm-none-eabi/lib/thumb/v7e-m+dp/hard\libm.a(lib_a-ef_atan2.o)
 .rodata.CSWTCH.9
                0x0800fa34        0xc e:/clion/gcc-arm-none-eabi/bin/../lib/gcc/arm-none-eabi/10.3.1/../../../../arm-none-eabi/lib/thumb/v7e-m+dp/hard\libm.a(lib_a-ef_atan2.o)
 .rodata.atanhi
                0x0800fa40       0x10 e:/clion/gcc-arm-none-eabi/bin/../lib/gcc/arm-none-eabi/10.3.1/../../../../arm-none-eabi/lib/thumb/v7e-m+dp/hard\libm.a(lib_a-sf_atan.o)
 .rodata.atanlo
                0x0800fa50       0x10 e:/clion/gcc-arm-none-eabi/bin/../lib/gcc/arm-none-eabi/10.3.1/../../../../arm-none-eabi/lib/thumb/v7e-m+dp/hard\libm.a(lib_a-sf_atan.o)
                0x0800fa60                . = ALIGN (0x4)

.ARM.extab
 *(.ARM.extab* .gnu.linkonce.armextab.*)

.ARM            0x0800fa60        0x8
                0x0800fa60                __exidx_start = .
 *(.ARM.exidx*)
 .ARM.exidx     0x0800fa60        0x8 e:/clion/gcc-arm-none-eabi/bin/../lib/gcc/arm-none-eabi/10.3.1/thumb/v7e-m+dp/hard\libgcc.a(_udivmoddi4.o)
                0x0800fa68                __exidx_end = .

.rel.dyn        0x0800fa68        0x0
 .rel.iplt      0x0800fa68        0x0 e:/clion/gcc-arm-none-eabi/bin/../lib/gcc/arm-none-eabi/10.3.1/thumb/v7e-m+dp/hard/crtbegin.o

.preinit_array  0x0800fa68        0x0
                0x0800fa68                PROVIDE (__preinit_array_start = .)
 *(.preinit_array*)
                0x0800fa68                PROVIDE (__preinit_array_end = .)

.init_array     0x0800fa68        0x4
                0x0800fa68                PROVIDE (__init_array_start = .)
 *(SORT_BY_NAME(.init_array.*))
 *(.init_array*)
 .init_array    0x0800fa68        0x4 e:/clion/gcc-arm-none-eabi/bin/../lib/gcc/arm-none-eabi/10.3.1/thumb/v7e-m+dp/hard/crtbegin.o
                0x0800fa6c                PROVIDE (__init_array_end = .)

.fini_array     0x0800fa6c        0x4
                [!provide]                PROVIDE (__fini_array_start = .)
 *(SORT_BY_NAME(.fini_array.*))
 *(.fini_array*)
 .fini_array    0x0800fa6c        0x4 e:/clion/gcc-arm-none-eabi/bin/../lib/gcc/arm-none-eabi/10.3.1/thumb/v7e-m+dp/hard/crtbegin.o
                [!provide]                PROVIDE (__fini_array_end = .)
                0x0800fa70                _sidata = LOADADDR (.data)

.data           0x20000000      0x1ec load address 0x0800fa70
                0x20000000                . = ALIGN (0x4)
                0x20000000                _sdata = .
 *(.data)
 *(.data*)
 .data.q0       0x20000000        0x4 build/AHRS.o
                0x20000000                q0
 .data.uwTickFreq
                0x20000004        0x1 build/stm32h7xx_hal.o
                0x20000004                uwTickFreq
 *fill*         0x20000005        0x3 
 .data.uwTickPrio
                0x20000008        0x4 build/stm32h7xx_hal.o
                0x20000008                uwTickPrio
 .data.SystemCoreClock
                0x2000000c        0x4 build/system_stm32h7xx.o
                0x2000000c                SystemCoreClock
 .data.SystemD2Clock
                0x20000010        0x4 build/system_stm32h7xx.o
                0x20000010                SystemD2Clock
 .data.dma_tx_ready
                0x20000014        0x1 build/freertos.o
                0x20000014                dma_tx_ready
 *fill*         0x20000015        0x3 
 .data.uxCriticalNesting
                0x20000018        0x4 build/port.o
 .data._impure_ptr
                0x2000001c        0x4 e:/clion/gcc-arm-none-eabi/bin/../lib/gcc/arm-none-eabi/10.3.1/../../../../arm-none-eabi/lib/thumb/v7e-m+dp/hard\libc_nano.a(lib_a-impure.o)
                0x2000001c                _impure_ptr
 .data.impure_data
                0x20000020       0x60 e:/clion/gcc-arm-none-eabi/bin/../lib/gcc/arm-none-eabi/10.3.1/../../../../arm-none-eabi/lib/thumb/v7e-m+dp/hard\libc_nano.a(lib_a-impure.o)
 .data.__global_locale
                0x20000080      0x16c e:/clion/gcc-arm-none-eabi/bin/../lib/gcc/arm-none-eabi/10.3.1/../../../../arm-none-eabi/lib/thumb/v7e-m+dp/hard\libc_nano.a(lib_a-locale.o)
                0x20000080                __global_locale
                0x200001ec                . = ALIGN (0x4)
                0x200001ec                _edata = .

.igot.plt       0x200001ec        0x0 load address 0x0800fc5c
 .igot.plt      0x200001ec        0x0 e:/clion/gcc-arm-none-eabi/bin/../lib/gcc/arm-none-eabi/10.3.1/thumb/v7e-m+dp/hard/crtbegin.o
                0x200001ec                . = ALIGN (0x4)

.bss            0x200001ec     0x503c load address 0x0800fc5c
                0x200001ec                _sbss = .
                0x200001ec                __bss_start__ = _sbss
 *(.bss)
 .bss           0x200001ec       0x1c e:/clion/gcc-arm-none-eabi/bin/../lib/gcc/arm-none-eabi/10.3.1/thumb/v7e-m+dp/hard/crtbegin.o
 *(.bss*)
 .bss.buffer    0x20000208       0x80 build/main.o
                0x20000208                buffer
 .bss._buffer   0x20000288       0x15 build/mpu9250.o
 *fill*         0x2000029d        0x3 
 .bss._mag_adjust
                0x200002a0        0x3 build/mpu9250.o
 *fill*         0x200002a3        0x1 
 .bss.servos    0x200002a4       0xa0 build/servo_control.o
                0x200002a4                servos
 .bss.current_action
                0x20000344        0x1 build/robocontrol.o
                0x20000344                current_action
 *fill*         0x20000345        0x3 
 .bss.buffer.0  0x20000348        0xc build/AHRS.o
 .bss.index.1   0x20000354        0x4 build/AHRS.o
 .bss.lastUpdate
                0x20000358        0x4 build/AHRS.o
 .bss.now       0x2000035c        0x4 build/AHRS.o
 .bss.q1        0x20000360        0x4 build/AHRS.o
                0x20000360                q1
 .bss.q2        0x20000364        0x4 build/AHRS.o
                0x20000364                q2
 .bss.q3        0x20000368        0x4 build/AHRS.o
                0x20000368                q3
 .bss.w1        0x2000036c        0x4 build/AHRS.o
                0x2000036c                w1
 .bss.w2        0x20000370        0x4 build/AHRS.o
                0x20000370                w2
 .bss.w3        0x20000374        0x4 build/AHRS.o
                0x20000374                w3
 .bss.htim12    0x20000378       0x4c build/tim.o
                0x20000378                htim12
 .bss.htim13    0x200003c4       0x4c build/tim.o
                0x200003c4                htim13
 .bss.htim14    0x20000410       0x4c build/tim.o
                0x20000410                htim14
 .bss.htim15    0x2000045c       0x4c build/tim.o
                0x2000045c                htim15
 .bss.htim16    0x200004a8       0x4c build/tim.o
                0x200004a8                htim16
 .bss.htim17    0x200004f4       0x4c build/tim.o
                0x200004f4                htim17
 .bss.htim3     0x20000540       0x4c build/tim.o
                0x20000540                htim3
 .bss.htim4     0x2000058c       0x4c build/tim.o
                0x2000058c                htim4
 .bss.htim5     0x200005d8       0x4c build/tim.o
                0x200005d8                htim5
 .bss.htim8     0x20000624       0x4c build/tim.o
                0x20000624                htim8
 .bss.htim1     0x20000670       0x4c build/stm32h7xx_hal_timebase_tim.o
                0x20000670                htim1
 .bss.uwTick    0x200006bc        0x4 build/stm32h7xx_hal.o
                0x200006bc                uwTick
 .bss.__sbrk_heap_end
                0x200006c0        0x4 build/sysmem.o
 .bss.hi2c1     0x200006c4       0x54 build/i2c.o
                0x200006c4                hi2c1
 .bss.hdma_usart1_rx
                0x20000718       0x78 build/usart.o
                0x20000718                hdma_usart1_rx
 .bss.hdma_usart1_tx
                0x20000790       0x78 build/usart.o
                0x20000790                hdma_usart1_tx
 .bss.huart1    0x20000808       0x94 build/usart.o
                0x20000808                huart1
 .bss.AttitudeTaskHandle
                0x2000089c        0x4 build/freertos.o
                0x2000089c                AttitudeTaskHandle
 .bss.GaitControlTaskHandle